
Allocating common symbols
Common symbol       size              file

netbufpool          0x4               binaries/net.o
readylist           0x2               binaries/ready.o
rfltab              0x5a0             binaries/rflinit.o
mlfprocqueue        0x78              binaries/initialize.o
sleepq              0x2               binaries/clkinit.o
nnames              0x4               binaries/naminit.o
udptab              0x168             binaries/udp.o
minheap             0x4               binaries/meminit.o
marks               0x50              binaries/mark.o
currpid             0x4               binaries/initialize.o
Lf_data             0x20c             binaries/lfsinit.o
porttab             0x2d0             binaries/ptinit.o
girmask             0x2               binaries/evec.o
ttytab              0x10c             binaries/ttyinit.o
proctab             0x1770            binaries/initialize.o
prcount             0x4               binaries/initialize.o
lfltab              0xf00             binaries/lflinit.o
rdstab              0x8c              binaries/rdsinit.o
ethertab            0x138             binaries/ethinit.o
NetData             0xa8              binaries/net.o
nmarks              0x4               binaries/mark.o
Defer               0x8               binaries/resched.o
semtab              0x4b0             binaries/initialize.o
maxheap             0x4               binaries/meminit.o
preempt             0x4               binaries/clkinit.o
buftab              0xf0              binaries/bufinit.o
Rf_data             0x18              binaries/rfsinit.o
clktimefine         0x4               binaries/clkinit.o
mkmutex             0x4               binaries/mark.o
clktime             0x4               binaries/clkinit.o
arpcache            0x140             binaries/arp.o
icmptab             0x230             binaries/icmp.o
nbpools             0x4               binaries/bufinit.o
queuetab            0xd40             binaries/queue.o
ptnextid            0x4               binaries/ptinit.o
Ram                 0x19000           binaries/raminit.o
ipoqueue            0x2c              binaries/ip.o
clktimeswitch       0x4               binaries/clkinit.o
memlist             0x8               binaries/initialize.o
tsdtab              0x2d0             binaries/initialize.o
nametab             0x19a0            binaries/naminit.o
ptfree              0x4               binaries/ptinit.o

Memory Configuration

Name             Origin             Length             Attributes
*default*        0x0000000000000000 0xffffffffffffffff

Linker script and memory map

                0x0000000000100000                physbase = 0x100000
                0x0000000000100000                . = physbase
                0x0000000000100000                . = ALIGN (0x1000)

.text           0x0000000000100000    0x15000
                0x0000000000100000                text = ABSOLUTE (.)
 *(.text .text.*)
 .text          0x0000000000100000      0x1ac binaries/start.o
                0x0000000000100028                start
                0x00000000001000fa                inb
                0x0000000000100102                inw
                0x000000000010010b                inl
                0x0000000000100113                outb
                0x000000000010011d                outw
                0x0000000000100128                outl
                0x0000000000100132                _rtcin
                0x000000000010013d                ___udivsi3
                0x0000000000100148                ___divsi3
                0x0000000000100154                sbzero
                0x0000000000100164                bcopy
                0x0000000000100178                insw
                0x000000000010018e                outsw
                0x00000000001001a4                lidt
 .text          0x00000000001001ac      0x2df binaries/ascdate.o
                0x00000000001001ac                ascdate
 .text          0x000000000010048b       0x14 binaries/bufinit.o
                0x000000000010048b                bufinit
 .text          0x000000000010049f       0x6c binaries/chprio.o
                0x000000000010049f                chprio
 .text          0x000000000010050b       0x7a binaries/clkhandler.o
                0x000000000010050b                clkhandler
 .text          0x0000000000100585       0x81 binaries/clkinit.o
                0x0000000000100585                clkinit
 .text          0x0000000000100606       0x51 binaries/close.o
                0x0000000000100606                close
 .text          0x0000000000100657        0x0 binaries/conf.o
 .text          0x0000000000100657       0x66 binaries/control.o
                0x0000000000100657                control
 .text          0x00000000001006bd       0x8d binaries/cpuintensive.o
                0x00000000001006bd                cpuintensive
 .text          0x000000000010074a      0x1fe binaries/create.o
                0x000000000010074a                create
 .text          0x0000000000100948      0x2bb binaries/early_imr.o
                0x0000000000100948                intel_cln_early_sb_read_reg
                0x00000000001009af                intel_cln_early_sb_write_reg
                0x0000000000100ac2                remove_irm_protections
 .text          0x0000000000100c03      0x37f binaries/evec.o
                0x0000000000100c03                setirmask
                0x0000000000100c42                set_evec
                0x0000000000100ca1                initevec
                0x0000000000100db5                trap
 .text          0x0000000000100f82       0x6a binaries/freebuf.o
                0x0000000000100f82                freebuf
 .text          0x0000000000100fec      0x102 binaries/freemem.o
                0x0000000000100fec                freemem
 .text          0x00000000001010ee       0x69 binaries/getbuf.o
                0x00000000001010ee                getbuf
 .text          0x0000000000101157       0x51 binaries/getc.o
                0x0000000000101157                getc
 .text          0x00000000001011a8       0x68 binaries/getdev.o
                0x00000000001011a8                getdev
 .text          0x0000000000101210       0x86 binaries/getitem.o
                0x0000000000101210                getitem
                0x000000000010123f                getfirst
                0x0000000000101268                getlast
 .text          0x0000000000101296       0xb5 binaries/getmem.o
                0x0000000000101296                getmem
 .text          0x000000000010134b        0xa binaries/getpid.o
                0x000000000010134b                getpid
 .text          0x0000000000101355       0x5f binaries/getprio.o
                0x0000000000101355                getprio
 .text          0x00000000001013b4       0xa2 binaries/getstk.o
                0x00000000001013b4                getstk
 .text          0x0000000000101456       0x32 binaries/gettime.o
                0x0000000000101456                gettime
 .text          0x0000000000101488      0x1b4 binaries/getutime.o
                0x0000000000101488                getutime
 .text          0x000000000010163c       0x51 binaries/init.o
                0x000000000010163c                init
 .text          0x000000000010168d      0x415 binaries/initialize.o
                0x000000000010168d                initTSTable
                0x0000000000101790                nulluser
                0x0000000000101a55                stop
                0x0000000000101a7c                delay
 .text          0x0000000000101aa2       0xa1 binaries/insert.o
                0x0000000000101aa2                insert
 .text          0x0000000000101b43       0xf1 binaries/insertd.o
                0x0000000000101b43                insertd
 .text          0x0000000000101c34        0xa binaries/ioerr.o
                0x0000000000101c34                ioerr
 .text          0x0000000000101c3e       0x9b binaries/iointensive.o
                0x0000000000101c3e                iointensive
 .text          0x0000000000101cd9        0xa binaries/ionull.o
                0x0000000000101cd9                ionull
 .text          0x0000000000101ce3      0x142 binaries/kill.o
                0x0000000000101ce3                kill
 .text          0x0000000000101e25       0xbf binaries/kprintf.o
                0x0000000000101e25                kputc
                0x0000000000101e57                console_init
                0x0000000000101e97                kgetc
                0x0000000000101ebd                kprintf
 .text          0x0000000000101ee4       0x22 binaries/lab0app1.o
                0x0000000000101ee4                lab0app1
 .text          0x0000000000101f06       0x2a binaries/lab0app2.o
                0x0000000000101f06                lab0app2
 .text          0x0000000000101f30      0x1be binaries/main.o
                0x0000000000101f30                main
 .text          0x00000000001020ee       0x97 binaries/mark.o
                0x00000000001020ee                markinit
                0x0000000000102111                mark
 .text          0x0000000000102185      0x1c7 binaries/meminit.o
                0x0000000000102185                meminit
                0x00000000001022d4                setsegs
 .text          0x000000000010234c      0x111 binaries/mkbufpool.o
                0x000000000010234c                mkbufpool
 .text          0x000000000010245d       0xae binaries/multilevelfq.o
                0x000000000010245d                mlfqinsert
                0x0000000000102486                mlfqdequeue
 .text          0x000000000010250b       0x63 binaries/newqueue.o
                0x000000000010250b                newqueue
 .text          0x000000000010256e       0x5f binaries/open.o
                0x000000000010256e                open
 .text          0x00000000001025cd       0x20 binaries/panic.o
                0x00000000001025cd                panic
 .text          0x00000000001025ed      0x27a binaries/pci.o
                0x00000000001025ed                pci_init
                0x00000000001025f7                find_pci_device
                0x00000000001026b4                pci_read_config_byte
                0x00000000001026f0                pci_read_config_word
                0x000000000010272e                pci_read_config_dword
                0x000000000010276a                pci_write_config_byte
                0x00000000001027a4                pci_write_config_word
                0x00000000001027df                pci_write_config_dword
                0x0000000000102819                pci_get_dev_mmio_base_addr
 .text          0x0000000000102867       0x5a binaries/platinit.o
                0x0000000000102867                platinit
 .text          0x00000000001028c1       0x70 binaries/printloop.o
                0x00000000001028c1                printloop
                0x00000000001028f4                printnoloop
 .text          0x0000000000102931       0xa1 binaries/printsegaddress.o
                0x0000000000102931                printsegaddress
 .text          0x00000000001029d2       0xa9 binaries/ptclear.o
                0x00000000001029d2                _ptclear
 .text          0x0000000000102a7b       0x71 binaries/ptcount.o
                0x0000000000102a7b                ptcount
 .text          0x0000000000102aec       0xc3 binaries/ptcreate.o
                0x0000000000102aec                ptcreate
 .text          0x0000000000102baf       0x68 binaries/ptdelete.o
                0x0000000000102baf                ptdelete
 .text          0x0000000000102c17       0x8c binaries/ptinit.o
                0x0000000000102c17                ptinit
 .text          0x0000000000102ca3       0xc0 binaries/ptrecv.o
                0x0000000000102ca3                ptrecv
 .text          0x0000000000102d63       0x62 binaries/ptreset.o
                0x0000000000102d63                ptreset
 .text          0x0000000000102dc5       0xd2 binaries/ptsend.o
                0x0000000000102dc5                ptsend
 .text          0x0000000000102e97       0x5f binaries/putc.o
                0x0000000000102e97                putc
 .text          0x0000000000102ef6       0xd3 binaries/quark_irq.o
                0x0000000000102ef6                quark_irq_routing
 .text          0x0000000000102fc9      0x1c1 binaries/quark_pdat.o
                0x0000000000102fc9                get_quark_pdat_entry_data_by_id
                0x00000000001030a6                get_quark_pdat_entry_data_by_desc
 .text          0x000000000010318a       0xb5 binaries/queue.o
                0x000000000010318a                enqueue
                0x00000000001031f8                dequeue
 .text          0x000000000010323f       0x5f binaries/read.o
                0x000000000010323f                read
 .text          0x000000000010329e       0x6f binaries/ready.o
                0x000000000010329e                ready
 .text          0x000000000010330d       0x55 binaries/receive.o
                0x000000000010330d                receive
 .text          0x0000000000103362       0x46 binaries/recvclr.o
                0x0000000000103362                recvclr
 .text          0x00000000001033a8       0xa0 binaries/recvtime.o
                0x00000000001033a8                recvtime
 .text          0x0000000000103448      0x163 binaries/resched.o
                0x0000000000103448                resched
                0x0000000000103539                resched_cntl
 .text          0x00000000001035ab       0x8a binaries/resume.o
                0x00000000001035ab                resume
 .text          0x0000000000103635       0x58 binaries/seek.o
                0x0000000000103635                seek
 .text          0x000000000010368d       0x4a binaries/semcount.o
                0x000000000010368d                semcount
 .text          0x00000000001036d7       0x95 binaries/semcreate.o
                0x00000000001036d7                semcreate
 .text          0x000000000010376c       0xab binaries/semdelete.o
                0x000000000010376c                semdelete
 .text          0x0000000000103817       0x96 binaries/semreset.o
                0x0000000000103817                semreset
 .text          0x00000000001038ad       0xb6 binaries/send.o
                0x00000000001038ad                send
 .text          0x0000000000103963       0x7f binaries/signal.o
                0x0000000000103963                signal
 .text          0x00000000001039e2       0xaa binaries/signaln.o
                0x00000000001039e2                signaln
 .text          0x0000000000103a8c       0xbf binaries/sleep.o
                0x0000000000103a8c                sleepms
                0x0000000000103b19                sleep
 .text          0x0000000000103b4b       0xd8 binaries/stackdepth.o
                0x0000000000103b4b                stackdepth
 .text          0x0000000000103c23      0x18e binaries/stacktrace.o
                0x0000000000103c23                stacktrace
 .text          0x0000000000103db1       0xb9 binaries/suspend.o
                0x0000000000103db1                suspend
 .text          0x0000000000103e6a       0xab binaries/unsleep.o
                0x0000000000103e6a                unsleep
 .text          0x0000000000103f15       0x15 binaries/userret.o
                0x0000000000103f15                userret
 .text          0x0000000000103f2a       0xa2 binaries/wait.o
                0x0000000000103f2a                wait
 .text          0x0000000000103fcc       0x72 binaries/wakeup.o
                0x0000000000103fcc                wakeup
 .text          0x000000000010403e       0x5f binaries/write.o
                0x000000000010403e                write
 .text          0x000000000010409d       0x19 binaries/xdone.o
                0x000000000010409d                xdone
 .text          0x00000000001040b6       0x26 binaries/yield.o
                0x00000000001040b6                yield
 .text          0x00000000001040dc       0x11 binaries/abs.o
                0x00000000001040dc                abs
 .text          0x00000000001040ed       0x73 binaries/atoi.o
                0x00000000001040ed                atoi
 .text          0x0000000000104160       0x73 binaries/atol.o
                0x0000000000104160                atol
 .text          0x00000000001041d3       0x1a binaries/bzero.o
                0x00000000001041d3                bzero
 .text          0x00000000001041ed        0x0 binaries/ctype_.o
 .text          0x00000000001041ed      0x682 binaries/doprnt.o
                0x000000000010433d                _doprnt
 .text          0x000000000010486f      0x576 binaries/doscan.o
                0x000000000010486f                _doscan
 .text          0x0000000000104de5      0x635 binaries/fdoprnt.o
                0x0000000000104e67                _fdoprnt
 .text          0x000000000010541a       0x1c binaries/fgetc.o
                0x000000000010541a                fgetc
 .text          0x0000000000105436       0x5d binaries/fgets.o
                0x0000000000105436                fgets
 .text          0x0000000000105493       0x2e binaries/fprintf.o
                0x0000000000105493                fprintf
 .text          0x00000000001054c1       0x27 binaries/fputc.o
                0x00000000001054c1                fputc
 .text          0x00000000001054e8       0x3c binaries/fputs.o
                0x00000000001054e8                fputs
 .text          0x0000000000105524       0x7b binaries/fscanf.o
                0x0000000000105560                fscanf
 .text          0x000000000010559f       0x28 binaries/getchar.o
                0x000000000010559f                getchar
 .text          0x00000000001055c7       0x11 binaries/labs.o
                0x00000000001055c7                labs
 .text          0x00000000001055d8       0x36 binaries/memchr.o
                0x00000000001055d8                memchr
 .text          0x000000000010560e       0x4b binaries/memcmp.o
                0x000000000010560e                memcmp
 .text          0x0000000000105659       0x26 binaries/memcpy.o
                0x0000000000105659                memcpy
 .text          0x000000000010567f       0x1f binaries/memset.o
                0x000000000010567f                memset
 .text          0x000000000010569e       0x43 binaries/printf.o
                0x000000000010569e                printf
 .text          0x00000000001056e1       0x2f binaries/putchar.o
                0x00000000001056e1                putchar
 .text          0x0000000000105710      0x1c2 binaries/qsort.o
                0x00000000001058aa                qsort
 .text          0x00000000001058d2       0x4b binaries/rand.o
                0x00000000001058d2                srand
                0x00000000001058df                rand
 .text          0x000000000010591d       0x55 binaries/sprintf.o
                0x0000000000105936                sprintf
 .text          0x0000000000105972       0x6f binaries/sscanf.o
                0x00000000001059a2                sscanf
 .text          0x00000000001059e1       0x35 binaries/strchr.o
                0x00000000001059e1                strchr
 .text          0x0000000000105a16       0x45 binaries/strcmp.o
                0x0000000000105a16                strcmp
 .text          0x0000000000105a5b       0x1c binaries/strcpy.o
                0x0000000000105a5b                strcpy
 .text          0x0000000000105a77       0x20 binaries/strlen.o
                0x0000000000105a77                strlen
 .text          0x0000000000105a97       0x3c binaries/strncat.o
                0x0000000000105a97                strncat
 .text          0x0000000000105ad3       0x3b binaries/strncmp.o
                0x0000000000105ad3                strncmp
 .text          0x0000000000105b0e       0x59 binaries/strncpy.o
                0x0000000000105b0e                strncpy
 .text          0x0000000000105b67       0x32 binaries/strnlen.o
                0x0000000000105b67                strnlen
 .text          0x0000000000105b99       0x32 binaries/strrchr.o
                0x0000000000105b99                strrchr
 .text          0x0000000000105bcb       0x71 binaries/strstr.o
                0x0000000000105bcb                strstr
 .text          0x0000000000105c3c       0xbd binaries/ttycontrol.o
                0x0000000000105c3c                ttycontrol
 .text          0x0000000000105cf9       0x7e binaries/ttygetc.o
                0x0000000000105cf9                ttygetc
 .text          0x0000000000105d77      0x4a3 binaries/ttyhandle_in.o
                0x0000000000105e3a                ttyhandle_in
 .text          0x000000000010621a      0x170 binaries/ttyhandle_out.o
                0x000000000010621a                ttyhandle_out
 .text          0x000000000010638a       0x87 binaries/ttyhandler.o
                0x000000000010638a                ttyhandler
 .text          0x0000000000106411      0x151 binaries/ttyinit.o
                0x0000000000106411                ttyinit
 .text          0x0000000000106562        0xf binaries/ttykickout.o
                0x0000000000106562                ttykickout
 .text          0x0000000000106571       0x95 binaries/ttyputc.o
                0x0000000000106571                ttyputc
 .text          0x0000000000106606       0xec binaries/ttyread.o
                0x0000000000106606                ttyread
 .text          0x00000000001066f2       0x4e binaries/ttywrite.o
                0x00000000001066f2                ttywrite
 .text          0x0000000000106740      0x110 binaries/mount.o
                0x0000000000106740                namlen
                0x000000000010677c                mount
 .text          0x0000000000106850      0x205 binaries/naminit.o
                0x0000000000106850                naminit
 .text          0x0000000000106a55      0x203 binaries/nammap.o
                0x0000000000106a55                namrepl
                0x0000000000106b68                namcpy
                0x0000000000106bb6                nammap
 .text          0x0000000000106c58       0x4e binaries/namopen.o
                0x0000000000106c58                namopen
 .text          0x0000000000106ca6       0xdd binaries/colon2mac.o
                0x0000000000106ca6                colon2mac
 .text          0x0000000000106d83       0x77 binaries/ethcontrol.o
                0x0000000000106d83                ethcontrol
 .text          0x0000000000106dfa      0x106 binaries/ethhandler.o
                0x0000000000106dfa                ethhandler
 .text          0x0000000000106f00      0x4da binaries/ethinit.o
                0x0000000000106f00                eth_phy_read
                0x0000000000106f42                eth_phy_write
                0x0000000000106f85                eth_phy_reset
                0x0000000000107084                ethinit
 .text          0x00000000001073da      0x125 binaries/ethmcast.o
                0x00000000001073da                ethmcast_add
                0x000000000010742f                ethmcast_remove
 .text          0x00000000001074ff      0x14b binaries/ethread.o
                0x00000000001074ff                ethread
 .text          0x000000000010764a       0xa6 binaries/ethwrite.o
                0x000000000010764a                ethwrite
 .text          0x00000000001076f0       0x65 binaries/rdsbufalloc.o
                0x00000000001076f0                rdsbufalloc
 .text          0x0000000000107755       0x82 binaries/rdsclose.o
                0x0000000000107755                rdsclose
 .text          0x00000000001077d7      0x1f1 binaries/rdscomm.o
                0x00000000001077d7                rdscomm
 .text          0x00000000001079c8      0x18f binaries/rdscontrol.o
                0x00000000001079c8                rdscontrol
 .text          0x0000000000107b57      0x183 binaries/rdsinit.o
                0x0000000000107b57                rdsinit
 .text          0x0000000000107cda      0x15b binaries/rdsopen.o
                0x0000000000107cda                rdsopen
 .text          0x0000000000107e35      0x2e4 binaries/rdsprocess.o
                0x0000000000107e35                rdsprocess
 .text          0x0000000000108119      0x18b binaries/rdsread.o
                0x0000000000108119                rdsread
 .text          0x00000000001082a4      0x141 binaries/rdswrite.o
                0x00000000001082a4                rdswrite
 .text          0x00000000001083e5        0xa binaries/ramclose.o
                0x00000000001083e5                ramclose
 .text          0x00000000001083ef       0x45 binaries/raminit.o
                0x00000000001083ef                raminit
 .text          0x0000000000108434        0xa binaries/ramopen.o
                0x0000000000108434                ramopen
 .text          0x000000000010843e       0x2f binaries/ramread.o
                0x000000000010843e                ramread
 .text          0x000000000010846d       0x2f binaries/ramwrite.o
                0x000000000010846d                ramwrite
 .text          0x000000000010849c       0x94 binaries/lfdballoc.o
                0x000000000010849c                lfdballoc
 .text          0x0000000000108530       0x5d binaries/lfdbfree.o
                0x0000000000108530                lfdbfree
 .text          0x000000000010858d       0xad binaries/lfflush.o
                0x000000000010858d                lfflush
 .text          0x000000000010863a       0x82 binaries/lfgetmode.o
                0x000000000010863a                lfgetmode
 .text          0x00000000001086bc       0x6a binaries/lfiballoc.o
                0x00000000001086bc                lfiballoc
 .text          0x0000000000108726       0x27 binaries/lfibclear.o
                0x0000000000108726                lfibclear
 .text          0x000000000010874d       0x75 binaries/lfibget.o
                0x000000000010874d                lfibget
 .text          0x00000000001087c2       0x9d binaries/lfibput.o
                0x00000000001087c2                lfibput
 .text          0x000000000010885f       0x79 binaries/lflclose.o
                0x000000000010885f                lflclose
 .text          0x00000000001088d8       0xa3 binaries/lflcontrol.o
                0x00000000001088d8                lflcontrol
 .text          0x000000000010897b       0xa1 binaries/lflgetc.o
                0x000000000010897b                lflgetc
 .text          0x0000000000108a1c       0xbb binaries/lflinit.o
                0x0000000000108a1c                lflinit
 .text          0x0000000000108ad7       0xbc binaries/lflputc.o
                0x0000000000108ad7                lflputc
 .text          0x0000000000108b93       0x6b binaries/lflread.o
                0x0000000000108b93                lflread
 .text          0x0000000000108bfe       0x84 binaries/lflseek.o
                0x0000000000108bfe                lflseek
 .text          0x0000000000108c82       0x5a binaries/lflwrite.o
                0x0000000000108c82                lflwrite
 .text          0x0000000000108cdc      0x126 binaries/lfsckfmt.o
                0x0000000000108cdc                lfsckfmt
 .text          0x0000000000108e02      0x201 binaries/lfscreate.o
                0x0000000000108e02                lfscreate
 .text          0x0000000000109003      0x1b8 binaries/lfsetup.o
                0x0000000000109003                lfsetup
 .text          0x00000000001091bb       0x52 binaries/lfsinit.o
                0x00000000001091bb                lfsinit
 .text          0x000000000010920d      0x2ab binaries/lfsopen.o
                0x000000000010920d                lfsopen
 .text          0x00000000001094b8      0x117 binaries/lftruncate.o
                0x00000000001094b8                lftruncate
 .text          0x00000000001095cf       0x5a binaries/rflclose.o
                0x00000000001095cf                rflclose
 .text          0x0000000000109629       0x32 binaries/rflgetc.o
                0x0000000000109629                rflgetc
 .text          0x000000000010965b       0x4e binaries/rflinit.o
                0x000000000010965b                rflinit
 .text          0x00000000001096a9       0x37 binaries/rflputc.o
                0x00000000001096a9                rflputc
 .text          0x00000000001096e0      0x285 binaries/rflread.o
                0x00000000001096e0                rflread
 .text          0x0000000000109965       0x5f binaries/rflseek.o
                0x0000000000109965                rflseek
 .text          0x00000000001099c4      0x2c5 binaries/rflwrite.o
                0x00000000001099c4                rflwrite
 .text          0x0000000000109c89      0x183 binaries/rfscomm.o
                0x0000000000109c89                rfscomm
 .text          0x0000000000109e0c      0x232 binaries/rfscontrol.o
                0x0000000000109e0c                rfscontrol
 .text          0x000000000010a03e       0x82 binaries/rfsgetmode.o
                0x000000000010a03e                rfsgetmode
 .text          0x000000000010a0c0       0x77 binaries/rfsinit.o
                0x000000000010a0c0                rfsinit
 .text          0x000000000010a137       0xb1 binaries/rfsndmsg.o
                0x000000000010a137                rfsndmsg
 .text          0x000000000010a1e8      0x220 binaries/rfsopen.o
                0x000000000010a1e8                rfsopen
 .text          0x000000000010a408      0x645 binaries/arp.o
                0x000000000010a408                arp_init
                0x000000000010a424                arp_alloc
                0x000000000010a4d8                arp_ntoh
                0x000000000010a545                arp_hton
                0x000000000010a5b2                arp_resolve
                0x000000000010a820                arp_in
 .text          0x000000000010aa4d      0x667 binaries/dhcp.o
                0x000000000010aa4d                dhcp_get_opt_val
                0x000000000010aaa1                dhcp_bld_bootp_msg
                0x000000000010aba2                dhcp_bld_disc
                0x000000000010abf7                dhcp_bld_req
                0x000000000010ac96                getlocalip
 .text          0x000000000010b0b4       0xe0 binaries/dot2ip.o
                0x000000000010b0b4                dot2ip
 .text          0x000000000010b194      0x373 binaries/hexdump.o
                0x000000000010b194                hexdump
                0x000000000010b2cd                hexadump
 .text          0x000000000010b507      0x5fb binaries/icmp.o
                0x000000000010b507                icmp_init
                0x000000000010b523                icmp_register
                0x000000000010b5d8                icmp_recv
                0x000000000010b729                icmp_mkpkt
                0x000000000010b800                icmp_in
                0x000000000010b93c                icmp_send
                0x000000000010b9b8                icmp_release
                0x000000000010ba75                icmp_cksum
                0x000000000010bad4                icmp_hton
                0x000000000010baeb                icmp_ntoh
 .text          0x000000000010bb02      0x57c binaries/ip.o
                0x000000000010bb02                ip_local
                0x000000000010bb36                ipcksum
                0x000000000010bb8a                ip_ntoh
                0x000000000010bbf7                ip_in
                0x000000000010bcef                ip_hton
                0x000000000010bd5c                ip_out
                0x000000000010be13                ip_send
                0x000000000010bf11                ipout
                0x000000000010bff0                ip_enqueue
 .text          0x000000000010c07e      0x1dd binaries/net.o
                0x000000000010c07e                net_init
                0x000000000010c1ba                eth_hton
                0x000000000010c1c7                eth_ntoh
                0x000000000010c1d4                netin
 .text          0x000000000010c25b       0xd7 binaries/netstart.o
                0x000000000010c25b                netstart
 .text          0x000000000010c332      0xb45 binaries/pdump.o
                0x000000000010c332                pdump
                0x000000000010c9a2                pdumph
 .text          0x000000000010ce77      0x5ce binaries/tftp.o
                0x000000000010ce77                tftp_send1
                0x000000000010cfa3                tftpget_mb
                0x000000000010d40c                tftpget
 .text          0x000000000010d445      0x7f1 binaries/udp.o
                0x000000000010d445                udp_init
                0x000000000010d486                udp_in
                0x000000000010d547                udp_register
                0x000000000010d633                udp_recv
                0x000000000010d753                udp_recvaddr
                0x000000000010d888                udp_send
                0x000000000010d9fe                udp_sendto
                0x000000000010db4b                udp_release
                0x000000000010dc08                udp_ntoh
                0x000000000010dc1f                udp_hton
 .text          0x000000000010dc36       0xff binaries/addargs.o
                0x000000000010dc36                addargs
 .text          0x000000000010dd35      0x1f1 binaries/lexan.o
                0x000000000010dd35                lexan
 .text          0x000000000010df26      0x6ad binaries/shell.o
                0x000000000010df26                shell
 .text          0x000000000010e5d3       0x5d binaries/xsh_argecho.o
                0x000000000010e5d3                xsh_argecho
 .text          0x000000000010e630      0x1d4 binaries/xsh_arp.o
                0x000000000010e630                xsh_arp
 .text          0x000000000010e804      0x220 binaries/xsh_cat.o
                0x000000000010e804                xsh_cat
 .text          0x000000000010ea24       0x57 binaries/xsh_clear.o
                0x000000000010ea24                xsh_clear
 .text          0x000000000010ea7b      0x2bd binaries/xsh_date.o
                0x000000000010ea7b                xsh_date
 .text          0x000000000010ed38       0x92 binaries/xsh_devdump.o
                0x000000000010ed38                xsh_devdump
 .text          0x000000000010edca       0x62 binaries/xsh_echo.o
                0x000000000010edca                xsh_echo
 .text          0x000000000010ee2c        0xa binaries/xsh_exit.o
                0x000000000010ee2c                xsh_exit
 .text          0x000000000010ee36      0x332 binaries/xsh_help.o
                0x000000000010ee36                xsh_help
 .text          0x000000000010f168      0x42d binaries/xsh_ipaddr.o
                0x000000000010f168                xsh_ipaddr
 .text          0x000000000010f595      0x1fb binaries/xsh_kill.o
                0x000000000010f595                xsh_kill
 .text          0x000000000010f790      0x402 binaries/xsh_memdump.o
                0x000000000010f84a                xsh_memdump
 .text          0x000000000010fb92      0x1fd binaries/xsh_memstat.o
                0x000000000010fb92                xsh_memstat
 .text          0x000000000010fd8f      0x31c binaries/xsh_ping.o
                0x000000000010fd8f                xsh_ping
 .text          0x00000000001100ab      0x1fe binaries/xsh_ps.o
                0x00000000001100ab                xsh_ps
 .text          0x00000000001102a9      0x1e9 binaries/xsh_sleep.o
                0x00000000001102a9                xsh_sleep
 .text          0x0000000000110492      0x22a binaries/xsh_udpdump.o
                0x0000000000110492                xsh_udpdump
 .text          0x00000000001106bc      0x454 binaries/xsh_udpecho.o
                0x00000000001106bc                xsh_udpecho
 .text          0x0000000000110b10      0x27d binaries/xsh_udpeserver.o
                0x0000000000110b10                xsh_udpeserver
 .text          0x0000000000110d8d      0x1cd binaries/xsh_uptime.o
                0x0000000000110d8d                xsh_uptime
 .text          0x0000000000110f5a        0xe binaries/clkdisp.o
                0x0000000000110f5a                clkdisp
 .text          0x0000000000110f68       0x19 binaries/ctxsw.o
                0x0000000000110f68                ctxsw
 .text          0x0000000000110f81       0x24 binaries/host2netl.o
                0x0000000000110f81                host2netl
 .text          0x0000000000110fa5      0x36b binaries/intr.o
                0x0000000000110fa5                disable
                0x0000000000110fae                restore
                0x0000000000110fbc                enable
                0x0000000000110fbe                pause
                0x0000000000110fc5                halt
                0x0000000000110fcb                spurious_irq7
                0x0000000000110fd0                spurious_irq15
                0x0000000000110fdf                _Xint0
                0x0000000000110fea                _Xint1
                0x0000000000110ff5                _Xint2
                0x0000000000111000                _Xint3
                0x000000000011100b                _Xint4
                0x0000000000111016                _Xint5
                0x0000000000111021                _Xint6
                0x000000000011102c                _Xint7
                0x0000000000111037                _Xint8
                0x0000000000111042                _Xint9
                0x000000000011104d                _Xint10
                0x0000000000111058                _Xint11
                0x0000000000111066                _Xint12
                0x0000000000111074                _Xint13
                0x0000000000111082                _Xint14
                0x0000000000111090                _Xint15
                0x000000000011109e                _Xint16
                0x00000000001110ac                _Xint17
                0x00000000001110ba                _Xint18
                0x00000000001110c8                _Xint19
                0x00000000001110d6                _Xint20
                0x00000000001110e4                _Xint21
                0x00000000001110f2                _Xint22
                0x0000000000111100                _Xint23
                0x000000000011110e                _Xint24
                0x000000000011111c                _Xint25
                0x000000000011112a                _Xint26
                0x0000000000111138                _Xint27
                0x0000000000111146                _Xint28
                0x0000000000111154                _Xint29
                0x0000000000111162                _Xint30
                0x0000000000111170                _Xint31
                0x000000000011117e                _Xint32
                0x000000000011118c                _Xint33
                0x000000000011119a                _Xint34
                0x00000000001111a8                _Xint35
                0x00000000001111b6                _Xint36
                0x00000000001111c4                _Xint37
                0x00000000001111d2                _Xint38
                0x00000000001111e0                _Xint39
                0x00000000001111ee                _Xint40
                0x00000000001111fc                _Xint41
                0x000000000011120a                _Xint42
                0x0000000000111218                _Xint43
                0x0000000000111226                _Xint44
                0x0000000000111234                _Xint45
                0x0000000000111242                _Xint46
                0x0000000000111250                defevec
 .text          0x0000000000111310        0xf binaries/ttydispatch.o
                0x0000000000111310                ttydispatch
 .text          0x000000000011131f       0x13 binaries/ethdispatch.o
                0x000000000011131f                ethdispatch
 *(.rodata .rodata.*)
 .rodata.str1.1
                0x0000000000111332       0x54 binaries/ascdate.o
 *fill*         0x0000000000111386        0x2 
 .rodata.str1.4
                0x0000000000111388       0x22 binaries/ascdate.o
 .rodata.str1.1
                0x00000000001113aa       0x5f binaries/conf.o
 *fill*         0x0000000000111409        0x3 
 .rodata.str1.4
                0x000000000011140c       0x2b binaries/cpuintensive.o
 .rodata.str1.1
                0x0000000000111437       0x18 binaries/cpuintensive.o
 *fill*         0x000000000011144f        0x1 
 .rodata.str1.4
                0x0000000000111450       0x4f binaries/early_imr.o
 .rodata        0x000000000011149f       0x30 binaries/early_imr.o
 .rodata.str1.1
                0x00000000001114cf      0x20c binaries/evec.o
 *fill*         0x00000000001116db        0x1 
 .rodata.str1.4
                0x00000000001116dc       0x23 binaries/evec.o
 .rodata.str1.1
                0x00000000001116ff        0xb binaries/getutime.o
 *fill*         0x000000000011170a        0x2 
 .rodata.str1.4
                0x000000000011170c       0x54 binaries/getutime.o
 .rodata.str1.1
                0x0000000000111760       0x96 binaries/initialize.o
                                         0x9a (size before relaxing)
 *fill*         0x00000000001117f6        0x2 
 .rodata.str1.4
                0x00000000001117f8      0x2f3 binaries/initialize.o
 .rodata.str1.4
                0x0000000000000000       0x2b binaries/iointensive.o
 .rodata.str1.1
                0x0000000000000000       0x18 binaries/iointensive.o
 *fill*         0x0000000000111aeb        0x1 
 .rodata        0x0000000000111aec       0x20 binaries/kill.o
 .rodata.str1.4
                0x0000000000111b0c       0x25 binaries/lab0app1.o
 *fill*         0x0000000000111b31        0x3 
 .rodata.str1.4
                0x0000000000111b34       0x28 binaries/lab0app2.o
 .rodata.str1.1
                0x0000000000111b5c       0x34 binaries/main.o
 .rodata.str1.4
                0x0000000000111b90       0x22 binaries/main.o
 *fill*         0x0000000000111bb2        0x2 
 .rodata.str1.4
                0x0000000000111bb4       0x23 binaries/meminit.o
 .rodata.str1.1
                0x0000000000111bd7       0x1b binaries/meminit.o
 .rodata.str1.1
                0x0000000000111bf2        0xf binaries/panic.o
 .rodata.str1.1
                0x0000000000111c01       0x15 binaries/printloop.o
 *fill*         0x0000000000111c16        0x2 
 .rodata.str1.4
                0x0000000000111c18       0xcb binaries/printsegaddress.o
 .rodata.str1.1
                0x0000000000111ce3       0x1c binaries/ptinit.o
 *fill*         0x0000000000111cff        0x1 
 .rodata.str1.4
                0x0000000000111d00       0x25 binaries/ptsend.o
 .rodata.str1.1
                0x0000000000111d25       0x22 binaries/quark_pdat.o
 .rodata.str1.1
                0x0000000000111d47       0x6e binaries/stackdepth.o
 *fill*         0x0000000000111db5        0x3 
 .rodata.str1.4
                0x0000000000111db8       0x63 binaries/stacktrace.o
 .rodata.str1.1
                0x0000000000111e1b       0x52 binaries/stacktrace.o
 *fill*         0x0000000000111e6d        0x3 
 .rodata.str1.4
                0x0000000000111e70       0x27 binaries/xdone.o
 *fill*         0x0000000000111e97        0x9 
 .rodata        0x0000000000111ea0       0x81 binaries/ctype_.o
                0x0000000000111ea0                _ctype_
 .rodata.str1.1
                0x0000000000111f21       0x29 binaries/doprnt.o
 *fill*         0x0000000000111f4a        0x2 
 .rodata        0x0000000000111f4c       0xc4 binaries/doprnt.o
 .rodata        0x0000000000112010       0x98 binaries/doscan.o
 .rodata.str1.1
                0x0000000000000000       0x29 binaries/fdoprnt.o
 .rodata        0x00000000001120a8       0x84 binaries/fdoprnt.o
 .rodata        0x000000000011212c       0x20 binaries/ttycontrol.o
 .rodata.str1.4
                0x000000000011214c       0x4c binaries/naminit.o
 .rodata.str1.1
                0x0000000000112198       0x32 binaries/naminit.o
                                         0x35 (size before relaxing)
 .rodata.str1.1
                0x00000000001121ca       0x15 binaries/ethinit.o
 *fill*         0x00000000001121df        0x1 
 .rodata.str1.4
                0x00000000001121e0       0x2e binaries/ethinit.o
 *fill*         0x000000000011220e        0x2 
 .rodata.str1.4
                0x0000000000112210       0x2c binaries/rdsbufalloc.o
 .rodata.str1.4
                0x000000000011223c       0x76 binaries/rdscomm.o
 *fill*         0x00000000001122b2        0x2 
 .rodata.str1.4
                0x00000000001122b4       0x48 binaries/rdscontrol.o
 .rodata.str1.4
                0x00000000001122fc       0x7e binaries/rdsinit.o
 .rodata.str1.1
                0x000000000011237a       0x18 binaries/rdsinit.o
 *fill*         0x0000000000112392        0x2 
 .rodata.str1.4
                0x0000000000112394       0x22 binaries/rdsopen.o
 *fill*         0x00000000001123b6        0x2 
 .rodata.str1.4
                0x00000000001123b8       0x4d binaries/rdsprocess.o
 .rodata.str1.1
                0x0000000000112405        0x9 binaries/raminit.o
 .rodata.str1.1
                0x000000000011240e       0x13 binaries/lfdballoc.o
 *fill*         0x0000000000112421        0x3 
 .rodata.str1.4
                0x0000000000112424       0x23 binaries/lfdballoc.o
 .rodata.str1.1
                0x0000000000112447       0x14 binaries/lfiballoc.o
 *fill*         0x000000000011245b        0x1 
 .rodata.str1.4
                0x000000000011245c       0x23 binaries/lflcontrol.o
 .rodata.str1.1
                0x000000000011247f       0x64 binaries/lfsckfmt.o
 *fill*         0x00000000001124e3        0x1 
 .rodata.str1.4
                0x00000000001124e4       0x51 binaries/lfsckfmt.o
 *fill*         0x0000000000112535        0x3 
 .rodata.str1.4
                0x0000000000112538       0x21 binaries/rflread.o
 .rodata.str1.4
                0x0000000000000000       0x21 binaries/rflwrite.o
 *fill*         0x0000000000112559        0x3 
 .rodata.str1.4
                0x000000000011255c       0x75 binaries/rfscomm.o
 *fill*         0x00000000001125d1        0x3 
 .rodata.str1.4
                0x00000000001125d4       0x23 binaries/rfscontrol.o
 *fill*         0x00000000001125f7        0x1 
 .rodata        0x00000000001125f8       0x18 binaries/rfscontrol.o
 .rodata.str1.1
                0x0000000000000000       0x10 binaries/rfsinit.o
 .rodata.str1.4
                0x0000000000112610       0x57 binaries/rfsinit.o
 *fill*         0x0000000000112667        0x1 
 .rodata.str1.4
                0x0000000000112668       0x2a binaries/rfsndmsg.o
 .rodata.str1.4
                0x0000000000000000       0x22 binaries/rfsopen.o
 .rodata.str1.1
                0x0000000000112692       0x19 binaries/arp.o
 *fill*         0x00000000001126ab        0x1 
 .rodata.str1.4
                0x00000000001126ac       0x21 binaries/arp.o
 *fill*         0x00000000001126cd        0x3 
 .rodata.str1.4
                0x00000000001126d0       0xa6 binaries/dhcp.o
 .rodata.str1.1
                0x0000000000112776       0x4a binaries/dhcp.o
 .rodata.str1.1
                0x00000000001127c0       0x5a binaries/hexdump.o
                                         0x61 (size before relaxing)
 *fill*         0x000000000011281a        0x2 
 .rodata.str1.4
                0x000000000011281c       0x67 binaries/hexdump.o
 *fill*         0x0000000000112883        0x1 
 .rodata.str1.4
                0x0000000000112884       0x29 binaries/icmp.o
 .rodata.str1.1
                0x00000000001128ad       0x4e binaries/ip.o
 *fill*         0x00000000001128fb        0x1 
 .rodata.str1.4
                0x00000000001128fc       0x20 binaries/ip.o
 .rodata.str1.4
                0x000000000011291c       0x28 binaries/net.o
 .rodata.str1.1
                0x0000000000112944       0x27 binaries/net.o
 *fill*         0x000000000011296b        0x1 
 .rodata.str1.4
                0x000000000011296c       0xcf binaries/netstart.o
 .rodata.str1.1
                0x0000000000112a3b      0x141 binaries/pdump.o
                                        0x14b (size before relaxing)
 .rodata.str1.4
                0x0000000000112b7c      0x126 binaries/pdump.o
 *fill*         0x0000000000112ca2        0x2 
 .rodata.str1.4
                0x0000000000112ca4      0x148 binaries/tftp.o
 .rodata.str1.1
                0x0000000000112dec        0x6 binaries/tftp.o
                                          0xa (size before relaxing)
 .rodata.str1.1
                0x0000000000112df2       0xe3 binaries/shell.o
                                         0xff (size before relaxing)
 *fill*         0x0000000000112ed5        0x3 
 .rodata.str1.4
                0x0000000000112ed8      0x1c4 binaries/shell.o
 *fill*         0x000000000011309c        0x4 
 .rodata        0x00000000001130a0       0xfc binaries/shell.o
                0x00000000001130a0                cmdtab
 .rodata.str1.1
                0x000000000011319c       0x26 binaries/xsh_argecho.o
                                         0x28 (size before relaxing)
 .rodata.str1.1
                0x00000000001131c2       0x70 binaries/xsh_arp.o
                                         0x72 (size before relaxing)
 *fill*         0x0000000000113232        0x2 
 .rodata.str1.4
                0x0000000000113234       0xb4 binaries/xsh_arp.o
 .rodata.str1.1
                0x00000000001132e8       0x2d binaries/xsh_cat.o
                                         0x4f (size before relaxing)
 *fill*         0x0000000000113315        0x3 
 .rodata.str1.4
                0x0000000000113318       0x52 binaries/xsh_cat.o
                                         0x79 (size before relaxing)
 .rodata.str1.1
                0x000000000011336a       0x15 binaries/xsh_clear.o
 .rodata.str1.1
                0x000000000011337f       0x46 binaries/xsh_date.o
                                         0x5f (size before relaxing)
 *fill*         0x00000000001133c5        0x3 
 .rodata.str1.4
                0x00000000001133c8      0x163 binaries/xsh_date.o
 .rodata.str1.1
                0x000000000011352b       0x5d binaries/xsh_devdump.o
 .rodata.str1.1
                0x0000000000113588        0x4 binaries/xsh_echo.o
                                          0x9 (size before relaxing)
 .rodata.str1.1
                0x000000000011358c       0x65 binaries/xsh_help.o
                                         0xa3 (size before relaxing)
 *fill*         0x00000000001135f1        0x3 
 .rodata.str1.4
                0x00000000001135f4       0x7c binaries/xsh_help.o
                                         0xc6 (size before relaxing)
 .rodata.str1.1
                0x0000000000113670       0x9c binaries/xsh_ipaddr.o
                                         0xf8 (size before relaxing)
 .rodata.str1.4
                0x000000000011370c       0x4d binaries/xsh_ipaddr.o
                                         0x99 (size before relaxing)
 .rodata.str1.1
                0x0000000000113759       0x78 binaries/xsh_kill.o
                                         0x97 (size before relaxing)
 *fill*         0x00000000001137d1        0x3 
 .rodata.str1.4
                0x00000000001137d4       0x4a binaries/xsh_kill.o
                                         0x96 (size before relaxing)
 .rodata.str1.1
                0x000000000011381e       0x81 binaries/xsh_memdump.o
                                         0xa8 (size before relaxing)
 *fill*         0x000000000011389f        0x1 
 .rodata.str1.4
                0x00000000001138a0      0x15a binaries/xsh_memdump.o
                                        0x1aa (size before relaxing)
 .rodata.str1.1
                0x00000000001139fa       0x40 binaries/xsh_memstat.o
                                         0x79 (size before relaxing)
 *fill*         0x0000000000113a3a        0x2 
 .rodata.str1.4
                0x0000000000113a3c      0x187 binaries/xsh_memstat.o
                                        0x1af (size before relaxing)
 .rodata.str1.1
                0x0000000000113bc3       0x90 binaries/xsh_ping.o
                                         0xaf (size before relaxing)
 *fill*         0x0000000000113c53        0x1 
 .rodata.str1.4
                0x0000000000113c54       0x77 binaries/xsh_ping.o
                                         0xc6 (size before relaxing)
 .rodata.str1.1
                0x0000000000113ccb       0x74 binaries/xsh_ps.o
                                         0xd5 (size before relaxing)
 *fill*         0x0000000000113d3f        0x1 
 .rodata.str1.4
                0x0000000000113d40       0x80 binaries/xsh_ps.o
                                         0xd0 (size before relaxing)
 .rodata        0x0000000000113dc0       0x20 binaries/xsh_ps.o
 .rodata.str1.1
                0x0000000000113de0       0x31 binaries/xsh_sleep.o
                                         0x72 (size before relaxing)
 *fill*         0x0000000000113e11        0x3 
 .rodata.str1.4
                0x0000000000113e14       0x2a binaries/xsh_sleep.o
                                         0x7a (size before relaxing)
 .rodata.str1.1
                0x0000000000113e3e       0x6b binaries/xsh_udpdump.o
                                         0xd2 (size before relaxing)
 *fill*         0x0000000000113ea9        0x3 
 .rodata.str1.4
                0x0000000000113eac       0x94 binaries/xsh_udpdump.o
                                         0xe4 (size before relaxing)
 .rodata.str1.1
                0x0000000000113f40       0xdb binaries/xsh_udpecho.o
                                         0xfa (size before relaxing)
 *fill*         0x000000000011401b        0x1 
 .rodata.str1.4
                0x000000000011401c       0xc7 binaries/xsh_udpecho.o
                                        0x116 (size before relaxing)
 .rodata.str1.1
                0x00000000001140e3       0x66 binaries/xsh_udpeserver.o
                                         0x8f (size before relaxing)
 *fill*         0x0000000000114149        0x3 
 .rodata.str1.4
                0x000000000011414c       0x29 binaries/xsh_udpeserver.o
                                         0x9f (size before relaxing)
 .rodata.str1.1
                0x0000000000114175       0x49 binaries/xsh_uptime.o
                                         0x8c (size before relaxing)
 *fill*         0x00000000001141be        0x2 
 .rodata.str1.4
                0x00000000001141c0       0x28 binaries/xsh_uptime.o
                                         0x76 (size before relaxing)
                0x00000000001141e8                etext = ABSOLUTE (.)
                0x0000000000115000                . = ALIGN (0x1000)
 *fill*         0x00000000001141e8      0xe18 

.eh_frame       0x0000000000115000     0x30b4
 .eh_frame      0x0000000000115000       0x48 binaries/ascdate.o
 .eh_frame      0x0000000000115048       0x20 binaries/bufinit.o
                                         0x38 (size before relaxing)
 .eh_frame      0x0000000000115068       0x2c binaries/chprio.o
                                         0x44 (size before relaxing)
 .eh_frame      0x0000000000115094       0x20 binaries/clkhandler.o
                                         0x38 (size before relaxing)
 .eh_frame      0x00000000001150b4       0x20 binaries/clkinit.o
                                         0x38 (size before relaxing)
 .eh_frame      0x00000000001150d4       0x28 binaries/close.o
                                         0x40 (size before relaxing)
 .eh_frame      0x00000000001150fc       0x28 binaries/control.o
                                         0x40 (size before relaxing)
 .eh_frame      0x0000000000115124       0x24 binaries/cpuintensive.o
                                         0x3c (size before relaxing)
 .eh_frame      0x0000000000115148       0x30 binaries/create.o
                                         0x48 (size before relaxing)
 .eh_frame      0x0000000000115178       0x94 binaries/early_imr.o
                                         0xac (size before relaxing)
 .eh_frame      0x000000000011520c       0x9c binaries/evec.o
                                         0xb4 (size before relaxing)
 .eh_frame      0x00000000001152a8       0x28 binaries/freebuf.o
                                         0x40 (size before relaxing)
 .eh_frame      0x00000000001152d0       0x2c binaries/freemem.o
                                         0x44 (size before relaxing)
 .eh_frame      0x00000000001152fc       0x2c binaries/getbuf.o
                                         0x44 (size before relaxing)
 .eh_frame      0x0000000000115328       0x28 binaries/getc.o
                                         0x40 (size before relaxing)
 .eh_frame      0x0000000000115350       0x2c binaries/getdev.o
                                         0x44 (size before relaxing)
 .eh_frame      0x000000000011537c       0x64 binaries/getitem.o
                                         0x7c (size before relaxing)
 .eh_frame      0x00000000001153e0       0x28 binaries/getmem.o
                                         0x40 (size before relaxing)
 .eh_frame      0x0000000000115408       0x20 binaries/getpid.o
                                         0x38 (size before relaxing)
 .eh_frame      0x0000000000115428       0x24 binaries/getprio.o
                                         0x3c (size before relaxing)
 .eh_frame      0x000000000011544c       0x2c binaries/getstk.o
                                         0x44 (size before relaxing)
 .eh_frame      0x0000000000115478       0x20 binaries/gettime.o
                                         0x38 (size before relaxing)
 .eh_frame      0x0000000000115498       0x28 binaries/getutime.o
                                         0x40 (size before relaxing)
 .eh_frame      0x00000000001154c0       0x28 binaries/init.o
                                         0x40 (size before relaxing)
 .eh_frame      0x00000000001154e8       0x80 binaries/initialize.o
                                         0x98 (size before relaxing)
 .eh_frame      0x0000000000115568       0x28 binaries/insert.o
                                         0x40 (size before relaxing)
 .eh_frame      0x0000000000115590       0x2c binaries/insertd.o
                                         0x44 (size before relaxing)
 .eh_frame      0x00000000001155bc       0x20 binaries/ioerr.o
                                         0x38 (size before relaxing)
 .eh_frame      0x00000000001155dc       0x28 binaries/iointensive.o
                                         0x40 (size before relaxing)
 .eh_frame      0x0000000000115604       0x20 binaries/ionull.o
                                         0x38 (size before relaxing)
 .eh_frame      0x0000000000115624       0x30 binaries/kill.o
                                         0x48 (size before relaxing)
 .eh_frame      0x0000000000115654       0x80 binaries/kprintf.o
                                         0x98 (size before relaxing)
 .eh_frame      0x00000000001156d4       0x20 binaries/lab0app1.o
                                         0x38 (size before relaxing)
 .eh_frame      0x00000000001156f4       0x20 binaries/lab0app2.o
                                         0x38 (size before relaxing)
 .eh_frame      0x0000000000115714       0x20 binaries/main.o
                                         0x38 (size before relaxing)
 .eh_frame      0x0000000000115734       0x44 binaries/mark.o
                                         0x5c (size before relaxing)
 .eh_frame      0x0000000000115778       0x50 binaries/meminit.o
                                         0x68 (size before relaxing)
 .eh_frame      0x00000000001157c8       0x30 binaries/mkbufpool.o
                                         0x48 (size before relaxing)
 .eh_frame      0x00000000001157f8       0x48 binaries/multilevelfq.o
                                         0x60 (size before relaxing)
 .eh_frame      0x0000000000115840       0x20 binaries/newqueue.o
                                         0x38 (size before relaxing)
 .eh_frame      0x0000000000115860       0x28 binaries/open.o
                                         0x40 (size before relaxing)
 .eh_frame      0x0000000000115888       0x1c binaries/panic.o
                                         0x34 (size before relaxing)
 .eh_frame      0x00000000001158a4      0x12c binaries/pci.o
                                        0x144 (size before relaxing)
 .eh_frame      0x00000000001159d0       0x20 binaries/platinit.o
                                         0x38 (size before relaxing)
 .eh_frame      0x00000000001159f0       0x48 binaries/printloop.o
                                         0x60 (size before relaxing)
 .eh_frame      0x0000000000115a38       0x20 binaries/printsegaddress.o
                                         0x38 (size before relaxing)
 .eh_frame      0x0000000000115a58       0x2c binaries/ptclear.o
                                         0x44 (size before relaxing)
 .eh_frame      0x0000000000115a84       0x2c binaries/ptcount.o
                                         0x44 (size before relaxing)
 .eh_frame      0x0000000000115ab0       0x2c binaries/ptcreate.o
                                         0x44 (size before relaxing)
 .eh_frame      0x0000000000115adc       0x28 binaries/ptdelete.o
                                         0x40 (size before relaxing)
 .eh_frame      0x0000000000115b04       0x28 binaries/ptinit.o
                                         0x40 (size before relaxing)
 .eh_frame      0x0000000000115b2c       0x2c binaries/ptrecv.o
                                         0x44 (size before relaxing)
 .eh_frame      0x0000000000115b58       0x28 binaries/ptreset.o
                                         0x40 (size before relaxing)
 .eh_frame      0x0000000000115b80       0x2c binaries/ptsend.o
                                         0x44 (size before relaxing)
 .eh_frame      0x0000000000115bac       0x2c binaries/putc.o
                                         0x44 (size before relaxing)
 .eh_frame      0x0000000000115bd8       0x24 binaries/quark_irq.o
                                         0x3c (size before relaxing)
 .eh_frame      0x0000000000115bfc       0x54 binaries/quark_pdat.o
                                         0x6c (size before relaxing)
 .eh_frame      0x0000000000115c50       0x44 binaries/queue.o
                                         0x5c (size before relaxing)
 .eh_frame      0x0000000000115c94       0x28 binaries/read.o
                                         0x40 (size before relaxing)
 .eh_frame      0x0000000000115cbc       0x20 binaries/ready.o
                                         0x38 (size before relaxing)
 .eh_frame      0x0000000000115cdc       0x2c binaries/receive.o
                                         0x44 (size before relaxing)
 .eh_frame      0x0000000000115d08       0x24 binaries/recvclr.o
                                         0x3c (size before relaxing)
 .eh_frame      0x0000000000115d2c       0x2c binaries/recvtime.o
                                         0x44 (size before relaxing)
 .eh_frame      0x0000000000115d58       0x4c binaries/resched.o
                                         0x64 (size before relaxing)
 .eh_frame      0x0000000000115da4       0x2c binaries/resume.o
                                         0x44 (size before relaxing)
 .eh_frame      0x0000000000115dd0       0x28 binaries/seek.o
                                         0x40 (size before relaxing)
 .eh_frame      0x0000000000115df8       0x24 binaries/semcount.o
                                         0x3c (size before relaxing)
 .eh_frame      0x0000000000115e1c       0x2c binaries/semcreate.o
                                         0x44 (size before relaxing)
 .eh_frame      0x0000000000115e48       0x28 binaries/semdelete.o
                                         0x40 (size before relaxing)
 .eh_frame      0x0000000000115e70       0x2c binaries/semreset.o
                                         0x44 (size before relaxing)
 .eh_frame      0x0000000000115e9c       0x28 binaries/send.o
                                         0x40 (size before relaxing)
 .eh_frame      0x0000000000115ec4       0x28 binaries/signal.o
                                         0x40 (size before relaxing)
 .eh_frame      0x0000000000115eec       0x2c binaries/signaln.o
                                         0x44 (size before relaxing)
 .eh_frame      0x0000000000115f18       0x48 binaries/sleep.o
                                         0x60 (size before relaxing)
 .eh_frame      0x0000000000115f60       0x2c binaries/stackdepth.o
                                         0x44 (size before relaxing)
 .eh_frame      0x0000000000115f8c       0x30 binaries/stacktrace.o
                                         0x48 (size before relaxing)
 .eh_frame      0x0000000000115fbc       0x2c binaries/suspend.o
                                         0x44 (size before relaxing)
 .eh_frame      0x0000000000115fe8       0x28 binaries/unsleep.o
                                         0x40 (size before relaxing)
 .eh_frame      0x0000000000116010       0x20 binaries/userret.o
                                         0x38 (size before relaxing)
 .eh_frame      0x0000000000116030       0x2c binaries/wait.o
                                         0x44 (size before relaxing)
 .eh_frame      0x000000000011605c       0x20 binaries/wakeup.o
                                         0x38 (size before relaxing)
 .eh_frame      0x000000000011607c       0x28 binaries/write.o
                                         0x40 (size before relaxing)
 .eh_frame      0x00000000001160a4       0x20 binaries/xdone.o
                                         0x38 (size before relaxing)
 .eh_frame      0x00000000001160c4       0x24 binaries/yield.o
                                         0x3c (size before relaxing)
 .eh_frame      0x00000000001160e8       0x20 binaries/abs.o
                                         0x38 (size before relaxing)
 .eh_frame      0x0000000000116108       0x28 binaries/atoi.o
                                         0x40 (size before relaxing)
 .eh_frame      0x0000000000116130       0x28 binaries/atol.o
                                         0x40 (size before relaxing)
 .eh_frame      0x0000000000116158       0x20 binaries/bzero.o
                                         0x38 (size before relaxing)
 .eh_frame      0x0000000000116178       0xac binaries/doprnt.o
                                         0xc4 (size before relaxing)
 .eh_frame      0x0000000000116224       0x30 binaries/doscan.o
                                         0x48 (size before relaxing)
 .eh_frame      0x0000000000116254       0x5c binaries/fdoprnt.o
                                         0x74 (size before relaxing)
 .eh_frame      0x00000000001162b0       0x20 binaries/fgetc.o
                                         0x38 (size before relaxing)
 .eh_frame      0x00000000001162d0       0x2c binaries/fgets.o
                                         0x44 (size before relaxing)
 .eh_frame      0x00000000001162fc       0x20 binaries/fprintf.o
                                         0x38 (size before relaxing)
 .eh_frame      0x000000000011631c       0x20 binaries/fputc.o
                                         0x38 (size before relaxing)
 .eh_frame      0x000000000011633c       0x28 binaries/fputs.o
                                         0x40 (size before relaxing)
 .eh_frame      0x0000000000116364       0x64 binaries/fscanf.o
                                         0x7c (size before relaxing)
 .eh_frame      0x00000000001163c8       0x20 binaries/getchar.o
                                         0x38 (size before relaxing)
 .eh_frame      0x00000000001163e8       0x20 binaries/labs.o
                                         0x38 (size before relaxing)
 .eh_frame      0x0000000000116408       0x20 binaries/memchr.o
                                         0x38 (size before relaxing)
 .eh_frame      0x0000000000116428       0x28 binaries/memcmp.o
                                         0x40 (size before relaxing)
 .eh_frame      0x0000000000116450       0x28 binaries/memcpy.o
                                         0x40 (size before relaxing)
 .eh_frame      0x0000000000116478       0x24 binaries/memset.o
                                         0x3c (size before relaxing)
 .eh_frame      0x000000000011649c       0x20 binaries/printf.o
                                         0x38 (size before relaxing)
 .eh_frame      0x00000000001164bc       0x20 binaries/putchar.o
                                         0x38 (size before relaxing)
 .eh_frame      0x00000000001164dc       0xa4 binaries/qsort.o
                                         0xbc (size before relaxing)
 .eh_frame      0x0000000000116580       0x40 binaries/rand.o
                                         0x58 (size before relaxing)
 .eh_frame      0x00000000001165c0       0x48 binaries/sprintf.o
                                         0x60 (size before relaxing)
 .eh_frame      0x0000000000116608       0x60 binaries/sscanf.o
                                         0x78 (size before relaxing)
 .eh_frame      0x0000000000116668       0x24 binaries/strchr.o
                                         0x3c (size before relaxing)
 .eh_frame      0x000000000011668c       0x24 binaries/strcmp.o
                                         0x3c (size before relaxing)
 .eh_frame      0x00000000001166b0       0x20 binaries/strcpy.o
                                         0x38 (size before relaxing)
 .eh_frame      0x00000000001166d0       0x20 binaries/strlen.o
                                         0x38 (size before relaxing)
 .eh_frame      0x00000000001166f0       0x2c binaries/strncat.o
                                         0x44 (size before relaxing)
 .eh_frame      0x000000000011671c       0x24 binaries/strncmp.o
                                         0x3c (size before relaxing)
 .eh_frame      0x0000000000116740       0x2c binaries/strncpy.o
                                         0x44 (size before relaxing)
 .eh_frame      0x000000000011676c       0x20 binaries/strnlen.o
                                         0x38 (size before relaxing)
 .eh_frame      0x000000000011678c       0x24 binaries/strrchr.o
                                         0x3c (size before relaxing)
 .eh_frame      0x00000000001167b0       0x2c binaries/strstr.o
                                         0x44 (size before relaxing)
 .eh_frame      0x00000000001167dc       0x28 binaries/ttycontrol.o
                                         0x40 (size before relaxing)
 .eh_frame      0x0000000000116804       0x28 binaries/ttygetc.o
                                         0x40 (size before relaxing)
 .eh_frame      0x000000000011682c       0x84 binaries/ttyhandle_in.o
                                         0x9c (size before relaxing)
 .eh_frame      0x00000000001168b0       0x30 binaries/ttyhandle_out.o
                                         0x48 (size before relaxing)
 .eh_frame      0x00000000001168e0       0x28 binaries/ttyhandler.o
                                         0x40 (size before relaxing)
 .eh_frame      0x0000000000116908       0x2c binaries/ttyinit.o
                                         0x44 (size before relaxing)
 .eh_frame      0x0000000000116934       0x20 binaries/ttykickout.o
                                         0x38 (size before relaxing)
 .eh_frame      0x0000000000116954       0x2c binaries/ttyputc.o
                                         0x44 (size before relaxing)
 .eh_frame      0x0000000000116980       0x2c binaries/ttyread.o
                                         0x44 (size before relaxing)
 .eh_frame      0x00000000001169ac       0x2c binaries/ttywrite.o
                                         0x44 (size before relaxing)
 .eh_frame      0x00000000001169d8       0x4c binaries/mount.o
                                         0x64 (size before relaxing)
 .eh_frame      0x0000000000116a24       0x30 binaries/naminit.o
                                         0x48 (size before relaxing)
 .eh_frame      0x0000000000116a54       0x84 binaries/nammap.o
                                         0x9c (size before relaxing)
 .eh_frame      0x0000000000116ad8       0x20 binaries/namopen.o
                                         0x38 (size before relaxing)
 .eh_frame      0x0000000000116af8       0x2c binaries/colon2mac.o
                                         0x44 (size before relaxing)
 .eh_frame      0x0000000000116b24       0x20 binaries/ethcontrol.o
                                         0x38 (size before relaxing)
 .eh_frame      0x0000000000116b44       0x2c binaries/ethhandler.o
                                         0x44 (size before relaxing)
 .eh_frame      0x0000000000116b70       0x98 binaries/ethinit.o
                                         0xb0 (size before relaxing)
 .eh_frame      0x0000000000116c08       0x54 binaries/ethmcast.o
                                         0x6c (size before relaxing)
 .eh_frame      0x0000000000116c5c       0x30 binaries/ethread.o
                                         0x48 (size before relaxing)
 .eh_frame      0x0000000000116c8c       0x2c binaries/ethwrite.o
                                         0x44 (size before relaxing)
 .eh_frame      0x0000000000116cb8       0x24 binaries/rdsbufalloc.o
                                         0x3c (size before relaxing)
 .eh_frame      0x0000000000116cdc       0x2c binaries/rdsclose.o
                                         0x44 (size before relaxing)
 .eh_frame      0x0000000000116d08       0x30 binaries/rdscomm.o
                                         0x48 (size before relaxing)
 .eh_frame      0x0000000000116d38       0x2c binaries/rdscontrol.o
                                         0x44 (size before relaxing)
 .eh_frame      0x0000000000116d64       0x30 binaries/rdsinit.o
                                         0x48 (size before relaxing)
 .eh_frame      0x0000000000116d94       0x30 binaries/rdsopen.o
                                         0x48 (size before relaxing)
 .eh_frame      0x0000000000116dc4       0x20 binaries/rdsprocess.o
                                         0x38 (size before relaxing)
 .eh_frame      0x0000000000116de4       0x30 binaries/rdsread.o
                                         0x48 (size before relaxing)
 .eh_frame      0x0000000000116e14       0x30 binaries/rdswrite.o
                                         0x48 (size before relaxing)
 .eh_frame      0x0000000000116e44       0x20 binaries/ramclose.o
                                         0x38 (size before relaxing)
 .eh_frame      0x0000000000116e64       0x20 binaries/raminit.o
                                         0x38 (size before relaxing)
 .eh_frame      0x0000000000116e84       0x20 binaries/ramopen.o
                                         0x38 (size before relaxing)
 .eh_frame      0x0000000000116ea4       0x20 binaries/ramread.o
                                         0x38 (size before relaxing)
 .eh_frame      0x0000000000116ec4       0x20 binaries/ramwrite.o
                                         0x38 (size before relaxing)
 .eh_frame      0x0000000000116ee4       0x28 binaries/lfdballoc.o
                                         0x40 (size before relaxing)
 .eh_frame      0x0000000000116f0c       0x24 binaries/lfdbfree.o
                                         0x3c (size before relaxing)
 .eh_frame      0x0000000000116f30       0x24 binaries/lfflush.o
                                         0x3c (size before relaxing)
 .eh_frame      0x0000000000116f54       0x20 binaries/lfgetmode.o
                                         0x38 (size before relaxing)
 .eh_frame      0x0000000000116f74       0x24 binaries/lfiballoc.o
                                         0x3c (size before relaxing)
 .eh_frame      0x0000000000116f98       0x20 binaries/lfibclear.o
                                         0x38 (size before relaxing)
 .eh_frame      0x0000000000116fb8       0x2c binaries/lfibget.o
                                         0x44 (size before relaxing)
 .eh_frame      0x0000000000116fe4       0x2c binaries/lfibput.o
                                         0x44 (size before relaxing)
 .eh_frame      0x0000000000117010       0x28 binaries/lflclose.o
                                         0x40 (size before relaxing)
 .eh_frame      0x0000000000117038       0x28 binaries/lflcontrol.o
                                         0x40 (size before relaxing)
 .eh_frame      0x0000000000117060       0x28 binaries/lflgetc.o
                                         0x40 (size before relaxing)
 .eh_frame      0x0000000000117088       0x24 binaries/lflinit.o
                                         0x3c (size before relaxing)
 .eh_frame      0x00000000001170ac       0x2c binaries/lflputc.o
                                         0x44 (size before relaxing)
 .eh_frame      0x00000000001170d8       0x2c binaries/lflread.o
                                         0x44 (size before relaxing)
 .eh_frame      0x0000000000117104       0x2c binaries/lflseek.o
                                         0x44 (size before relaxing)
 .eh_frame      0x0000000000117130       0x2c binaries/lflwrite.o
                                         0x44 (size before relaxing)
 .eh_frame      0x000000000011715c       0x30 binaries/lfsckfmt.o
                                         0x48 (size before relaxing)
 .eh_frame      0x000000000011718c       0x30 binaries/lfscreate.o
                                         0x48 (size before relaxing)
 .eh_frame      0x00000000001171bc       0x30 binaries/lfsetup.o
                                         0x48 (size before relaxing)
 .eh_frame      0x00000000001171ec       0x20 binaries/lfsinit.o
                                         0x38 (size before relaxing)
 .eh_frame      0x000000000011720c       0x30 binaries/lfsopen.o
                                         0x48 (size before relaxing)
 .eh_frame      0x000000000011723c       0x30 binaries/lftruncate.o
                                         0x48 (size before relaxing)
 .eh_frame      0x000000000011726c       0x20 binaries/rflclose.o
                                         0x38 (size before relaxing)
 .eh_frame      0x000000000011728c       0x20 binaries/rflgetc.o
                                         0x38 (size before relaxing)
 .eh_frame      0x00000000001172ac       0x20 binaries/rflinit.o
                                         0x38 (size before relaxing)
 .eh_frame      0x00000000001172cc       0x20 binaries/rflputc.o
                                         0x38 (size before relaxing)
 .eh_frame      0x00000000001172ec       0x30 binaries/rflread.o
                                         0x48 (size before relaxing)
 .eh_frame      0x000000000011731c       0x20 binaries/rflseek.o
                                         0x38 (size before relaxing)
 .eh_frame      0x000000000011733c       0x30 binaries/rflwrite.o
                                         0x48 (size before relaxing)
 .eh_frame      0x000000000011736c       0x30 binaries/rfscomm.o
                                         0x48 (size before relaxing)
 .eh_frame      0x000000000011739c       0x2c binaries/rfscontrol.o
                                         0x44 (size before relaxing)
[...]
 .comment       0x0000000000000000       0x2b binaries/shell.o
 .comment       0x0000000000000000       0x2b binaries/xsh_argecho.o
 .comment       0x0000000000000000       0x2b binaries/xsh_arp.o
 .comment       0x0000000000000000       0x2b binaries/xsh_cat.o
 .comment       0x0000000000000000       0x2b binaries/xsh_clear.o
 .comment       0x0000000000000000       0x2b binaries/xsh_date.o
 .comment       0x0000000000000000       0x2b binaries/xsh_devdump.o
 .comment       0x0000000000000000       0x2b binaries/xsh_echo.o
 .comment       0x0000000000000000       0x2b binaries/xsh_exit.o
 .comment       0x0000000000000000       0x2b binaries/xsh_help.o
 .comment       0x0000000000000000       0x2b binaries/xsh_ipaddr.o
 .comment       0x0000000000000000       0x2b binaries/xsh_kill.o
 .comment       0x0000000000000000       0x2b binaries/xsh_memdump.o
 .comment       0x0000000000000000       0x2b binaries/xsh_memstat.o
 .comment       0x0000000000000000       0x2b binaries/xsh_ping.o
 .comment       0x0000000000000000       0x2b binaries/xsh_ps.o
 .comment       0x0000000000000000       0x2b binaries/xsh_sleep.o
 .comment       0x0000000000000000       0x2b binaries/xsh_udpdump.o
 .comment       0x0000000000000000       0x2b binaries/xsh_udpecho.o
 .comment       0x0000000000000000       0x2b binaries/xsh_udpeserver.o
 .comment       0x0000000000000000       0x2b binaries/xsh_uptime.o

.note.GNU-stack
                0x0000000000000000        0x0
 .note.GNU-stack
                0x0000000000000000        0x0 binaries/ascdate.o
 .note.GNU-stack
                0x0000000000000000        0x0 binaries/bufinit.o
 .note.GNU-stack
                0x0000000000000000        0x0 binaries/chprio.o
 .note.GNU-stack
                0x0000000000000000        0x0 binaries/clkhandler.o
 .note.GNU-stack
                0x0000000000000000        0x0 binaries/clkinit.o
 .note.GNU-stack
                0x0000000000000000        0x0 binaries/close.o
 .note.GNU-stack
                0x0000000000000000        0x0 binaries/conf.o
 .note.GNU-stack
                0x0000000000000000        0x0 binaries/control.o
 .note.GNU-stack
                0x0000000000000000        0x0 binaries/cpuintensive.o
 .note.GNU-stack
                0x0000000000000000        0x0 binaries/create.o
 .note.GNU-stack
                0x0000000000000000        0x0 binaries/early_imr.o
 .note.GNU-stack
                0x0000000000000000        0x0 binaries/evec.o
 .note.GNU-stack
                0x0000000000000000        0x0 binaries/freebuf.o
 .note.GNU-stack
                0x0000000000000000        0x0 binaries/freemem.o
 .note.GNU-stack
                0x0000000000000000        0x0 binaries/getbuf.o
 .note.GNU-stack
                0x0000000000000000        0x0 binaries/getc.o
 .note.GNU-stack
                0x0000000000000000        0x0 binaries/getdev.o
 .note.GNU-stack
                0x0000000000000000        0x0 binaries/getitem.o
 .note.GNU-stack
                0x0000000000000000        0x0 binaries/getmem.o
 .note.GNU-stack
                0x0000000000000000        0x0 binaries/getpid.o
 .note.GNU-stack
                0x0000000000000000        0x0 binaries/getprio.o
 .note.GNU-stack
                0x0000000000000000        0x0 binaries/getstk.o
 .note.GNU-stack
                0x0000000000000000        0x0 binaries/gettime.o
 .note.GNU-stack
                0x0000000000000000        0x0 binaries/getutime.o
 .note.GNU-stack
                0x0000000000000000        0x0 binaries/init.o
 .note.GNU-stack
                0x0000000000000000        0x0 binaries/initialize.o
 .note.GNU-stack
                0x0000000000000000        0x0 binaries/insert.o
 .note.GNU-stack
                0x0000000000000000        0x0 binaries/insertd.o
 .note.GNU-stack
                0x0000000000000000        0x0 binaries/ioerr.o
 .note.GNU-stack
                0x0000000000000000        0x0 binaries/iointensive.o
 .note.GNU-stack
                0x0000000000000000        0x0 binaries/ionull.o
 .note.GNU-stack
                0x0000000000000000        0x0 binaries/kill.o
 .note.GNU-stack
                0x0000000000000000        0x0 binaries/kprintf.o
 .note.GNU-stack
                0x0000000000000000        0x0 binaries/lab0app1.o
 .note.GNU-stack
                0x0000000000000000        0x0 binaries/lab0app2.o
 .note.GNU-stack
                0x0000000000000000        0x0 binaries/main.o
 .note.GNU-stack
                0x0000000000000000        0x0 binaries/mark.o
 .note.GNU-stack
                0x0000000000000000        0x0 binaries/meminit.o
 .note.GNU-stack
                0x0000000000000000        0x0 binaries/mkbufpool.o
 .note.GNU-stack
                0x0000000000000000        0x0 binaries/multilevelfq.o
 .note.GNU-stack
                0x0000000000000000        0x0 binaries/newqueue.o
 .note.GNU-stack
                0x0000000000000000        0x0 binaries/open.o
 .note.GNU-stack
                0x0000000000000000        0x0 binaries/panic.o
 .note.GNU-stack
                0x0000000000000000        0x0 binaries/pci.o
 .note.GNU-stack
                0x0000000000000000        0x0 binaries/platinit.o
 .note.GNU-stack
                0x0000000000000000        0x0 binaries/printloop.o
 .note.GNU-stack
                0x0000000000000000        0x0 binaries/printsegaddress.o
 .note.GNU-stack
                0x0000000000000000        0x0 binaries/ptclear.o
 .note.GNU-stack
                0x0000000000000000        0x0 binaries/ptcount.o
 .note.GNU-stack
                0x0000000000000000        0x0 binaries/ptcreate.o
 .note.GNU-stack
                0x0000000000000000        0x0 binaries/ptdelete.o
 .note.GNU-stack
                0x0000000000000000        0x0 binaries/ptinit.o
 .note.GNU-stack
                0x0000000000000000        0x0 binaries/ptrecv.o
 .note.GNU-stack
                0x0000000000000000        0x0 binaries/ptreset.o
 .note.GNU-stack
                0x0000000000000000        0x0 binaries/ptsend.o
 .note.GNU-stack
                0x0000000000000000        0x0 binaries/putc.o
 .note.GNU-stack
                0x0000000000000000        0x0 binaries/quark_irq.o
 .note.GNU-stack
                0x0000000000000000        0x0 binaries/quark_pdat.o
 .note.GNU-stack
                0x0000000000000000        0x0 binaries/queue.o
 .note.GNU-stack
                0x0000000000000000        0x0 binaries/read.o
 .note.GNU-stack
                0x0000000000000000        0x0 binaries/ready.o
 .note.GNU-stack
                0x0000000000000000        0x0 binaries/receive.o
 .note.GNU-stack
                0x0000000000000000        0x0 binaries/recvclr.o
 .note.GNU-stack
                0x0000000000000000        0x0 binaries/recvtime.o
 .note.GNU-stack
                0x0000000000000000        0x0 binaries/resched.o
 .note.GNU-stack
                0x0000000000000000        0x0 binaries/resume.o
 .note.GNU-stack
                0x0000000000000000        0x0 binaries/seek.o
 .note.GNU-stack
                0x0000000000000000        0x0 binaries/semcount.o
 .note.GNU-stack
                0x0000000000000000        0x0 binaries/semcreate.o
 .note.GNU-stack
                0x0000000000000000        0x0 binaries/semdelete.o
 .note.GNU-stack
                0x0000000000000000        0x0 binaries/semreset.o
 .note.GNU-stack
                0x0000000000000000        0x0 binaries/send.o
 .note.GNU-stack
                0x0000000000000000        0x0 binaries/signal.o
 .note.GNU-stack
                0x0000000000000000        0x0 binaries/signaln.o
 .note.GNU-stack
                0x0000000000000000        0x0 binaries/sleep.o
 .note.GNU-stack
                0x0000000000000000        0x0 binaries/stackdepth.o
 .note.GNU-stack
                0x0000000000000000        0x0 binaries/stacktrace.o
 .note.GNU-stack
                0x0000000000000000        0x0 binaries/suspend.o
 .note.GNU-stack
                0x0000000000000000        0x0 binaries/unsleep.o
 .note.GNU-stack
                0x0000000000000000        0x0 binaries/userret.o
 .note.GNU-stack
                0x0000000000000000        0x0 binaries/wait.o
 .note.GNU-stack
                0x0000000000000000        0x0 binaries/wakeup.o
 .note.GNU-stack
                0x0000000000000000        0x0 binaries/write.o
 .note.GNU-stack
                0x0000000000000000        0x0 binaries/xdone.o
 .note.GNU-stack
                0x0000000000000000        0x0 binaries/yield.o
 .note.GNU-stack
                0x0000000000000000        0x0 binaries/abs.o
 .note.GNU-stack
                0x0000000000000000        0x0 binaries/atoi.o
 .note.GNU-stack
                0x0000000000000000        0x0 binaries/atol.o
 .note.GNU-stack
                0x0000000000000000        0x0 binaries/bzero.o
 .note.GNU-stack
                0x0000000000000000        0x0 binaries/ctype_.o
 .note.GNU-stack
                0x0000000000000000        0x0 binaries/doprnt.o
 .note.GNU-stack
                0x0000000000000000        0x0 binaries/doscan.o
 .note.GNU-stack
                0x0000000000000000        0x0 binaries/fdoprnt.o
 .note.GNU-stack
                0x0000000000000000        0x0 binaries/fgetc.o
 .note.GNU-stack
                0x0000000000000000        0x0 binaries/fgets.o
 .note.GNU-stack
                0x0000000000000000        0x0 binaries/fprintf.o
 .note.GNU-stack
                0x0000000000000000        0x0 binaries/fputc.o
 .note.GNU-stack
                0x0000000000000000        0x0 binaries/fputs.o
 .note.GNU-stack
                0x0000000000000000        0x0 binaries/fscanf.o
 .note.GNU-stack
                0x0000000000000000        0x0 binaries/getchar.o
 .note.GNU-stack
                0x0000000000000000        0x0 binaries/labs.o
 .note.GNU-stack
                0x0000000000000000        0x0 binaries/memchr.o
 .note.GNU-stack
                0x0000000000000000        0x0 binaries/memcmp.o
 .note.GNU-stack
                0x0000000000000000        0x0 binaries/memcpy.o
 .note.GNU-stack
                0x0000000000000000        0x0 binaries/memset.o
 .note.GNU-stack
                0x0000000000000000        0x0 binaries/printf.o
 .note.GNU-stack
                0x0000000000000000        0x0 binaries/putchar.o
 .note.GNU-stack
                0x0000000000000000        0x0 binaries/qsort.o
 .note.GNU-stack
                0x0000000000000000        0x0 binaries/rand.o
 .note.GNU-stack
                0x0000000000000000        0x0 binaries/sprintf.o
 .note.GNU-stack
                0x0000000000000000        0x0 binaries/sscanf.o
 .note.GNU-stack
                0x0000000000000000        0x0 binaries/strchr.o
 .note.GNU-stack
                0x0000000000000000        0x0 binaries/strcmp.o
 .note.GNU-stack
                0x0000000000000000        0x0 binaries/strcpy.o
 .note.GNU-stack
                0x0000000000000000        0x0 binaries/strlen.o
 .note.GNU-stack
                0x0000000000000000        0x0 binaries/strncat.o
 .note.GNU-stack
                0x0000000000000000        0x0 binaries/strncmp.o
 .note.GNU-stack
                0x0000000000000000        0x0 binaries/strncpy.o
 .note.GNU-stack
                0x0000000000000000        0x0 binaries/strnlen.o
 .note.GNU-stack
                0x0000000000000000        0x0 binaries/strrchr.o
 .note.GNU-stack
                0x0000000000000000        0x0 binaries/strstr.o
 .note.GNU-stack
                0x0000000000000000        0x0 binaries/ttycontrol.o
 .note.GNU-stack
                0x0000000000000000        0x0 binaries/ttygetc.o
 .note.GNU-stack
                0x0000000000000000        0x0 binaries/ttyhandle_in.o
 .note.GNU-stack
                0x0000000000000000        0x0 binaries/ttyhandle_out.o
 .note.GNU-stack
                0x0000000000000000        0x0 binaries/ttyhandler.o
 .note.GNU-stack
                0x0000000000000000        0x0 binaries/ttyinit.o
 .note.GNU-stack
                0x0000000000000000        0x0 binaries/ttykickout.o
 .note.GNU-stack
                0x0000000000000000        0x0 binaries/ttyputc.o
 .note.GNU-stack
                0x0000000000000000        0x0 binaries/ttyread.o
 .note.GNU-stack
                0x0000000000000000        0x0 binaries/ttywrite.o
 .note.GNU-stack
                0x0000000000000000        0x0 binaries/mount.o
 .note.GNU-stack
                0x0000000000000000        0x0 binaries/naminit.o
 .note.GNU-stack
                0x0000000000000000        0x0 binaries/nammap.o
 .note.GNU-stack
                0x0000000000000000        0x0 binaries/namopen.o
 .note.GNU-stack
                0x0000000000000000        0x0 binaries/colon2mac.o
 .note.GNU-stack
                0x0000000000000000        0x0 binaries/ethcontrol.o
 .note.GNU-stack
                0x0000000000000000        0x0 binaries/ethhandler.o
 .note.GNU-stack
                0x0000000000000000        0x0 binaries/ethinit.o
 .note.GNU-stack
                0x0000000000000000        0x0 binaries/ethmcast.o
 .note.GNU-stack
                0x0000000000000000        0x0 binaries/ethread.o
 .note.GNU-stack
                0x0000000000000000        0x0 binaries/ethwrite.o
 .note.GNU-stack
                0x0000000000000000        0x0 binaries/rdsbufalloc.o
 .note.GNU-stack
                0x0000000000000000        0x0 binaries/rdsclose.o
 .note.GNU-stack
                0x0000000000000000        0x0 binaries/rdscomm.o
 .note.GNU-stack
                0x0000000000000000        0x0 binaries/rdscontrol.o
 .note.GNU-stack
                0x0000000000000000        0x0 binaries/rdsinit.o
 .note.GNU-stack
                0x0000000000000000        0x0 binaries/rdsopen.o
 .note.GNU-stack
                0x0000000000000000        0x0 binaries/rdsprocess.o
 .note.GNU-stack
                0x0000000000000000        0x0 binaries/rdsread.o
 .note.GNU-stack
                0x0000000000000000        0x0 binaries/rdswrite.o
 .note.GNU-stack
                0x0000000000000000        0x0 binaries/ramclose.o
 .note.GNU-stack
                0x0000000000000000        0x0 binaries/raminit.o
 .note.GNU-stack
                0x0000000000000000        0x0 binaries/ramopen.o
 .note.GNU-stack
                0x0000000000000000        0x0 binaries/ramread.o
 .note.GNU-stack
                0x0000000000000000        0x0 binaries/ramwrite.o
 .note.GNU-stack
                0x0000000000000000        0x0 binaries/lfdballoc.o
 .note.GNU-stack
                0x0000000000000000        0x0 binaries/lfdbfree.o
 .note.GNU-stack
                0x0000000000000000        0x0 binaries/lfflush.o
 .note.GNU-stack
                0x0000000000000000        0x0 binaries/lfgetmode.o
 .note.GNU-stack
                0x0000000000000000        0x0 binaries/lfiballoc.o
 .note.GNU-stack
                0x0000000000000000        0x0 binaries/lfibclear.o
 .note.GNU-stack
                0x0000000000000000        0x0 binaries/lfibget.o
 .note.GNU-stack
                0x0000000000000000        0x0 binaries/lfibput.o
 .note.GNU-stack
                0x0000000000000000        0x0 binaries/lflclose.o
 .note.GNU-stack
                0x0000000000000000        0x0 binaries/lflcontrol.o
 .note.GNU-stack
                0x0000000000000000        0x0 binaries/lflgetc.o
 .note.GNU-stack
                0x0000000000000000        0x0 binaries/lflinit.o
 .note.GNU-stack
                0x0000000000000000        0x0 binaries/lflputc.o
 .note.GNU-stack
                0x0000000000000000        0x0 binaries/lflread.o
 .note.GNU-stack
                0x0000000000000000        0x0 binaries/lflseek.o
 .note.GNU-stack
                0x0000000000000000        0x0 binaries/lflwrite.o
 .note.GNU-stack
                0x0000000000000000        0x0 binaries/lfsckfmt.o
 .note.GNU-stack
                0x0000000000000000        0x0 binaries/lfscreate.o
 .note.GNU-stack
                0x0000000000000000        0x0 binaries/lfsetup.o
 .note.GNU-stack
                0x0000000000000000        0x0 binaries/lfsinit.o
 .note.GNU-stack
                0x0000000000000000        0x0 binaries/lfsopen.o
 .note.GNU-stack
                0x0000000000000000        0x0 binaries/lftruncate.o
 .note.GNU-stack
                0x0000000000000000        0x0 binaries/rflclose.o
 .note.GNU-stack
                0x0000000000000000        0x0 binaries/rflgetc.o
 .note.GNU-stack
                0x0000000000000000        0x0 binaries/rflinit.o
 .note.GNU-stack
                0x0000000000000000        0x0 binaries/rflputc.o
 .note.GNU-stack
                0x0000000000000000        0x0 binaries/rflread.o
 .note.GNU-stack
                0x0000000000000000        0x0 binaries/rflseek.o
 .note.GNU-stack
                0x0000000000000000        0x0 binaries/rflwrite.o
 .note.GNU-stack
                0x0000000000000000        0x0 binaries/rfscomm.o
 .note.GNU-stack
                0x0000000000000000        0x0 binaries/rfscontrol.o
 .note.GNU-stack
                0x0000000000000000        0x0 binaries/rfsgetmode.o
 .note.GNU-stack
                0x0000000000000000        0x0 binaries/rfsinit.o
 .note.GNU-stack
                0x0000000000000000        0x0 binaries/rfsndmsg.o
 .note.GNU-stack
                0x0000000000000000        0x0 binaries/rfsopen.o
 .note.GNU-stack
                0x0000000000000000        0x0 binaries/arp.o
 .note.GNU-stack
                0x0000000000000000        0x0 binaries/dhcp.o
 .note.GNU-stack
                0x0000000000000000        0x0 binaries/dot2ip.o
 .note.GNU-stack
                0x0000000000000000        0x0 binaries/hexdump.o
 .note.GNU-stack
                0x0000000000000000        0x0 binaries/icmp.o
 .note.GNU-stack
                0x0000000000000000        0x0 binaries/ip.o
 .note.GNU-stack
                0x0000000000000000        0x0 binaries/net.o
 .note.GNU-stack
                0x0000000000000000        0x0 binaries/netstart.o
 .note.GNU-stack
                0x0000000000000000        0x0 binaries/pdump.o
 .note.GNU-stack
                0x0000000000000000        0x0 binaries/tftp.o
 .note.GNU-stack
                0x0000000000000000        0x0 binaries/udp.o
 .note.GNU-stack
                0x0000000000000000        0x0 binaries/addargs.o
 .note.GNU-stack
                0x0000000000000000        0x0 binaries/lexan.o
 .note.GNU-stack
                0x0000000000000000        0x0 binaries/shell.o
 .note.GNU-stack
                0x0000000000000000        0x0 binaries/xsh_argecho.o
 .note.GNU-stack
                0x0000000000000000        0x0 binaries/xsh_arp.o
 .note.GNU-stack
                0x0000000000000000        0x0 binaries/xsh_cat.o
 .note.GNU-stack
                0x0000000000000000        0x0 binaries/xsh_clear.o
 .note.GNU-stack
                0x0000000000000000        0x0 binaries/xsh_date.o
 .note.GNU-stack
                0x0000000000000000        0x0 binaries/xsh_devdump.o
 .note.GNU-stack
                0x0000000000000000        0x0 binaries/xsh_echo.o
 .note.GNU-stack
                0x0000000000000000        0x0 binaries/xsh_exit.o
 .note.GNU-stack
                0x0000000000000000        0x0 binaries/xsh_help.o
 .note.GNU-stack
                0x0000000000000000        0x0 binaries/xsh_ipaddr.o
 .note.GNU-stack
                0x0000000000000000        0x0 binaries/xsh_kill.o
 .note.GNU-stack
                0x0000000000000000        0x0 binaries/xsh_memdump.o
 .note.GNU-stack
                0x0000000000000000        0x0 binaries/xsh_memstat.o
 .note.GNU-stack
                0x0000000000000000        0x0 binaries/xsh_ping.o
 .note.GNU-stack
                0x0000000000000000        0x0 binaries/xsh_ps.o
 .note.GNU-stack
                0x0000000000000000        0x0 binaries/xsh_sleep.o
 .note.GNU-stack
                0x0000000000000000        0x0 binaries/xsh_udpdump.o
 .note.GNU-stack
                0x0000000000000000        0x0 binaries/xsh_udpecho.o
 .note.GNU-stack
                0x0000000000000000        0x0 binaries/xsh_udpeserver.o
 .note.GNU-stack
                0x0000000000000000        0x0 binaries/xsh_uptime.o
