
Allocating common symbols
Common symbol       size              file

netbufpool          0x4               binaries/net.o
readylist           0x2               binaries/ready.o
rfltab              0x5a0             binaries/rflinit.o
sleepq              0x2               binaries/clkinit.o
nnames              0x4               binaries/naminit.o
udptab              0x168             binaries/udp.o
minheap             0x4               binaries/meminit.o
marks               0x50              binaries/mark.o
currpid             0x4               binaries/initialize.o
Lf_data             0x20c             binaries/lfsinit.o
porttab             0x2d0             binaries/ptinit.o
girmask             0x2               binaries/evec.o
ttytab              0x10c             binaries/ttyinit.o
proctab             0xbb80            binaries/initialize.o
prcount             0x4               binaries/initialize.o
lfltab              0xf00             binaries/lflinit.o
rdstab              0x8c              binaries/rdsinit.o
ethertab            0x138             binaries/ethinit.o
NetData             0xa8              binaries/net.o
nmarks              0x4               binaries/mark.o
Defer               0x8               binaries/resched.o
semtab              0x4b0             binaries/initialize.o
maxheap             0x4               binaries/meminit.o
preempt             0x4               binaries/clkinit.o
buftab              0xf0              binaries/bufinit.o
Rf_data             0x18              binaries/rfsinit.o
clktimefine         0x4               binaries/clkinit.o
mkmutex             0x4               binaries/mark.o
msgglob             0x4               binaries/main.o
clktime             0x4               binaries/clkinit.o
arpcache            0x140             binaries/arp.o
icmptab             0x230             binaries/icmp.o
nbpools             0x4               binaries/bufinit.o
queuetab            0x980             binaries/queue.o
ptnextid            0x4               binaries/ptinit.o
Ram                 0x19000           binaries/raminit.o
ipoqueue            0x2c              binaries/ip.o
clktimeswitch       0x4               binaries/clkinit.o
memlist             0x8               binaries/initialize.o
nametab             0x19a0            binaries/naminit.o
ptfree              0x4               binaries/ptinit.o

Memory Configuration

Name             Origin             Length             Attributes
*default*        0x0000000000000000 0xffffffffffffffff

Linker script and memory map

                0x0000000000100000                physbase = 0x100000
                0x0000000000100000                . = physbase
                0x0000000000100000                . = ALIGN (0x1000)

.text           0x0000000000100000    0x14000
                0x0000000000100000                text = ABSOLUTE (.)
 *(.text .text.*)
 .text          0x0000000000100000      0x1ac binaries/start.o
                0x0000000000100028                start
                0x00000000001000fa                inb
                0x0000000000100102                inw
                0x000000000010010b                inl
                0x0000000000100113                outb
                0x000000000010011d                outw
                0x0000000000100128                outl
                0x0000000000100132                _rtcin
                0x000000000010013d                ___udivsi3
                0x0000000000100148                ___divsi3
                0x0000000000100154                sbzero
                0x0000000000100164                bcopy
                0x0000000000100178                insw
                0x000000000010018e                outsw
                0x00000000001001a4                lidt
 .text          0x00000000001001ac      0x2f6 binaries/ascdate.o
                0x00000000001001ac                ascdate
 .text          0x00000000001004a2       0x10 binaries/bufinit.o
                0x00000000001004a2                bufinit
 .text          0x00000000001004b2       0x66 binaries/chprio.o
                0x00000000001004b2                chprio
 .text          0x0000000000100518       0x79 binaries/clkhandler.o
                0x0000000000100518                clkhandler
 .text          0x0000000000100591       0x8a binaries/clkinit.o
                0x0000000000100591                clkinit
 .text          0x000000000010061b       0x4e binaries/close.o
                0x000000000010061b                close
 .text          0x0000000000100669        0x0 binaries/conf.o
 .text          0x0000000000100669       0x66 binaries/control.o
                0x0000000000100669                control
 .text          0x00000000001006cf      0x1f9 binaries/create.o
                0x00000000001006cf                create
 .text          0x00000000001008c8      0x2b9 binaries/early_imr.o
                0x00000000001008c8                intel_cln_early_sb_read_reg
                0x000000000010092f                intel_cln_early_sb_write_reg
                0x0000000000100a3f                remove_irm_protections
 .text          0x0000000000100b81      0x372 binaries/evec.o
                0x0000000000100b81                setirmask
                0x0000000000100bbf                set_evec
                0x0000000000100c1c                initevec
                0x0000000000100d2c                trap
 .text          0x0000000000100ef3       0x67 binaries/freebuf.o
                0x0000000000100ef3                freebuf
 .text          0x0000000000100f5a       0xeb binaries/freemem.o
                0x0000000000100f5a                freemem
 .text          0x0000000000101045       0x64 binaries/getbuf.o
                0x0000000000101045                getbuf
 .text          0x00000000001010a9       0x4e binaries/getc.o
                0x00000000001010a9                getc
 .text          0x00000000001010f7       0x60 binaries/getdev.o
                0x00000000001010f7                getdev
 .text          0x0000000000101157       0x83 binaries/getitem.o
                0x0000000000101157                getitem
                0x0000000000101183                getfirst
                0x00000000001011ac                getlast
 .text          0x00000000001011da       0xb2 binaries/getmem.o
                0x00000000001011da                getmem
 .text          0x000000000010128c        0x6 binaries/getpid.o
                0x000000000010128c                getpid
 .text          0x0000000000101292       0x58 binaries/getprio.o
                0x0000000000101292                getprio
 .text          0x00000000001012ea       0x9a binaries/getstk.o
                0x00000000001012ea                getstk
 .text          0x0000000000101384       0x34 binaries/gettime.o
                0x0000000000101384                gettime
 .text          0x00000000001013b8      0x1b4 binaries/getutime.o
                0x00000000001013b8                getutime
 .text          0x000000000010156c       0x4e binaries/init.o
                0x000000000010156c                init
 .text          0x00000000001015ba      0x310 binaries/initialize.o
                0x00000000001015ba                nulluser
                0x0000000000101882                stop
                0x00000000001018a7                delay
 .text          0x00000000001018ca       0x9e binaries/insert.o
                0x00000000001018ca                insert
 .text          0x0000000000101968       0xe7 binaries/insertd.o
                0x0000000000101968                insertd
 .text          0x0000000000101a4f        0x6 binaries/ioerr.o
                0x0000000000101a4f                ioerr
 .text          0x0000000000101a55        0x6 binaries/ionull.o
                0x0000000000101a55                ionull
 .text          0x0000000000101a5b      0x138 binaries/kill.o
                0x0000000000101a5b                kill
 .text          0x0000000000101b93       0xb8 binaries/kprintf.o
                0x0000000000101b93                kputc
                0x0000000000101bc2                console_init
                0x0000000000101c01                kgetc
                0x0000000000101c23                kprintf
 .text          0x0000000000101c4b      0x2e9 binaries/main.o
                0x0000000000101c4b                sendA
                0x0000000000101ca8                myrecvhandler
                0x0000000000101cd7                regCB
                0x0000000000101d2c                sendbt1
                0x0000000000101da7                sendbtA
                0x0000000000101e3b                recA
                0x0000000000101e77                main
 .text          0x0000000000101f34       0x93 binaries/mark.o
                0x0000000000101f34                markinit
                0x0000000000101f56                mark
 .text          0x0000000000101fc7      0x1d1 binaries/meminit.o
                0x0000000000101fc7                meminit
                0x0000000000102121                setsegs
 .text          0x0000000000102198      0x117 binaries/mkbufpool.o
                0x0000000000102198                mkbufpool
 .text          0x00000000001022af      0x137 binaries/mysendqueue.o
                0x00000000001022af                insert_sendq
                0x0000000000102349                dequeue_sendq
                0x00000000001023bc                isempty_sendq
 .text          0x00000000001023e6       0x5e binaries/newqueue.o
                0x00000000001023e6                newqueue
 .text          0x0000000000102444       0x5e binaries/open.o
                0x0000000000102444                open
 .text          0x00000000001024a2       0x1e binaries/panic.o
                0x00000000001024a2                panic
 .text          0x00000000001024c0      0x26e binaries/pci.o
                0x00000000001024c0                pci_init
                0x00000000001024c6                find_pci_device
                0x000000000010257c                pci_read_config_byte
                0x00000000001025b7                pci_read_config_word
                0x00000000001025f4                pci_read_config_dword
                0x000000000010262f                pci_write_config_byte
                0x0000000000102668                pci_write_config_word
                0x00000000001026a2                pci_write_config_dword
                0x00000000001026db                pci_get_dev_mmio_base_addr
 .text          0x000000000010272e       0x59 binaries/platinit.o
                0x000000000010272e                platinit
 .text          0x0000000000102787       0xa3 binaries/ptclear.o
                0x0000000000102787                _ptclear
 .text          0x000000000010282a       0x6e binaries/ptcount.o
                0x000000000010282a                ptcount
 .text          0x0000000000102898       0xc0 binaries/ptcreate.o
                0x0000000000102898                ptcreate
 .text          0x0000000000102958       0x66 binaries/ptdelete.o
                0x0000000000102958                ptdelete
 .text          0x00000000001029be       0x89 binaries/ptinit.o
                0x00000000001029be                ptinit
 .text          0x0000000000102a47       0xb5 binaries/ptrecv.o
                0x0000000000102a47                ptrecv
 .text          0x0000000000102afc       0x60 binaries/ptreset.o
                0x0000000000102afc                ptreset
 .text          0x0000000000102b5c       0xd0 binaries/ptsend.o
                0x0000000000102b5c                ptsend
 .text          0x0000000000102c2c       0x5d binaries/putc.o
                0x0000000000102c2c                putc
 .text          0x0000000000102c89       0xd5 binaries/quark_irq.o
                0x0000000000102c89                quark_irq_routing
 .text          0x0000000000102d5e      0x1c9 binaries/quark_pdat.o
                0x0000000000102d5e                get_quark_pdat_entry_data_by_id
                0x0000000000102e3f                get_quark_pdat_entry_data_by_desc
 .text          0x0000000000102f27       0xb1 binaries/queue.o
                0x0000000000102f27                enqueue
                0x0000000000102f91                dequeue
 .text          0x0000000000102fd8       0x5e binaries/read.o
                0x0000000000102fd8                read
 .text          0x0000000000103036       0x71 binaries/ready.o
                0x0000000000103036                ready
 .text          0x00000000001030a7       0x9a binaries/receive.o
                0x00000000001030a7                receive
 .text          0x0000000000103141       0x8e binaries/recvclr.o
                0x0000000000103141                recvclr
 .text          0x00000000001031cf       0xe8 binaries/recvtime.o
                0x00000000001031cf                recvtime
 .text          0x00000000001032b7       0x48 binaries/registercb.o
                0x00000000001032b7                registercb
 .text          0x00000000001032ff      0x170 binaries/resched.o
                0x00000000001032ff                resched
                0x00000000001033fc                resched_cntl
 .text          0x000000000010346f       0x83 binaries/resume.o
                0x000000000010346f                resume
 .text          0x00000000001034f2       0x56 binaries/seek.o
                0x00000000001034f2                seek
 .text          0x0000000000103548       0x47 binaries/semcount.o
                0x0000000000103548                semcount
 .text          0x000000000010358f       0x8d binaries/semcreate.o
                0x000000000010358f                semcreate
 .text          0x000000000010361c       0xa8 binaries/semdelete.o
                0x000000000010361c                semdelete
 .text          0x00000000001036c4       0x95 binaries/semreset.o
                0x00000000001036c4                semreset
 .text          0x0000000000103759      0x230 binaries/send.o
                0x0000000000103759                send
                0x0000000000103809                sendbt
 .text          0x0000000000103989       0x7c binaries/signal.o
                0x0000000000103989                signal
 .text          0x0000000000103a05       0xa8 binaries/signaln.o
                0x0000000000103a05                signaln
 .text          0x0000000000103aad       0xba binaries/sleep.o
                0x0000000000103aad                sleepms
                0x0000000000103b35                sleep
 .text          0x0000000000103b67      0x177 binaries/stacktrace.o
                0x0000000000103b67                stacktrace
 .text          0x0000000000103cde       0xae binaries/suspend.o
                0x0000000000103cde                suspend
 .text          0x0000000000103d8c       0xa4 binaries/unsleep.o
                0x0000000000103d8c                unsleep
 .text          0x0000000000103e30       0x14 binaries/userret.o
                0x0000000000103e30                userret
 .text          0x0000000000103e44       0x9d binaries/wait.o
                0x0000000000103e44                wait
 .text          0x0000000000103ee1       0x71 binaries/wakeup.o
                0x0000000000103ee1                wakeup
 .text          0x0000000000103f52       0x5e binaries/write.o
                0x0000000000103f52                write
 .text          0x0000000000103fb0       0x18 binaries/xdone.o
                0x0000000000103fb0                xdone
 .text          0x0000000000103fc8       0x22 binaries/yield.o
                0x0000000000103fc8                yield
 .text          0x0000000000103fea        0xe binaries/abs.o
                0x0000000000103fea                abs
 .text          0x0000000000103ff8       0x70 binaries/atoi.o
                0x0000000000103ff8                atoi
 .text          0x0000000000104068       0x70 binaries/atol.o
                0x0000000000104068                atol
 .text          0x00000000001040d8       0x18 binaries/bzero.o
                0x00000000001040d8                bzero
 .text          0x00000000001040f0        0x0 binaries/ctype_.o
 .text          0x00000000001040f0      0x716 binaries/doprnt.o
                0x000000000010423e                _doprnt
 .text          0x0000000000104806      0x631 binaries/doscan.o
                0x0000000000104806                _doscan
 .text          0x0000000000104e37      0x70a binaries/fdoprnt.o
                0x0000000000104eb7                _fdoprnt
 .text          0x0000000000105541       0x1c binaries/fgetc.o
                0x0000000000105541                fgetc
 .text          0x000000000010555d       0x5e binaries/fgets.o
                0x000000000010555d                fgets
 .text          0x00000000001055bb       0x30 binaries/fprintf.o
                0x00000000001055bb                fprintf
 .text          0x00000000001055eb       0x29 binaries/fputc.o
                0x00000000001055eb                fputc
 .text          0x0000000000105614       0x3a binaries/fputs.o
                0x0000000000105614                fputs
 .text          0x000000000010564e       0x7a binaries/fscanf.o
                0x0000000000105685                fscanf
 .text          0x00000000001056c8       0x25 binaries/getchar.o
                0x00000000001056c8                getchar
 .text          0x00000000001056ed        0xe binaries/labs.o
                0x00000000001056ed                labs
 .text          0x00000000001056fb       0x32 binaries/memchr.o
                0x00000000001056fb                memchr
 .text          0x000000000010572d       0x4a binaries/memcmp.o
                0x000000000010572d                memcmp
 .text          0x0000000000105777       0x25 binaries/memcpy.o
                0x0000000000105777                memcpy
 .text          0x000000000010579c       0x1e binaries/memset.o
                0x000000000010579c                memset
 .text          0x00000000001057ba       0x42 binaries/printf.o
                0x00000000001057ba                printf
 .text          0x00000000001057fc       0x2d binaries/putchar.o
                0x00000000001057fc                putchar
 .text          0x0000000000105829      0x1cb binaries/qsort.o
                0x00000000001059c9                qsort
 .text          0x00000000001059f4       0x44 binaries/rand.o
                0x00000000001059f4                srand
                0x00000000001059fe                rand
 .text          0x0000000000105a38       0x55 binaries/sprintf.o
                0x0000000000105a4f                sprintf
 .text          0x0000000000105a8d       0x6c binaries/sscanf.o
                0x0000000000105ab6                sscanf
 .text          0x0000000000105af9       0x33 binaries/strchr.o
                0x0000000000105af9                strchr
 .text          0x0000000000105b2c       0x43 binaries/strcmp.o
                0x0000000000105b2c                strcmp
 .text          0x0000000000105b6f       0x1a binaries/strcpy.o
                0x0000000000105b6f                strcpy
 .text          0x0000000000105b89       0x1c binaries/strlen.o
                0x0000000000105b89                strlen
 .text          0x0000000000105ba5       0x3b binaries/strncat.o
                0x0000000000105ba5                strncat
 .text          0x0000000000105be0       0x3a binaries/strncmp.o
                0x0000000000105be0                strncmp
 .text          0x0000000000105c1a       0x58 binaries/strncpy.o
                0x0000000000105c1a                strncpy
 .text          0x0000000000105c72       0x2e binaries/strnlen.o
                0x0000000000105c72                strnlen
 .text          0x0000000000105ca0       0x30 binaries/strrchr.o
                0x0000000000105ca0                strrchr
 .text          0x0000000000105cd0       0x6e binaries/strstr.o
                0x0000000000105cd0                strstr
 .text          0x0000000000105d3e       0xbb binaries/ttycontrol.o
                0x0000000000105d3e                ttycontrol
 .text          0x0000000000105df9       0x7b binaries/ttygetc.o
                0x0000000000105df9                ttygetc
 .text          0x0000000000105e74      0x469 binaries/ttyhandle_in.o
                0x0000000000105f29                ttyhandle_in
 .text          0x00000000001062dd      0x164 binaries/ttyhandle_out.o
                0x00000000001062dd                ttyhandle_out
 .text          0x0000000000106441       0x83 binaries/ttyhandler.o
                0x0000000000106441                ttyhandler
 .text          0x00000000001064c4      0x14e binaries/ttyinit.o
                0x00000000001064c4                ttyinit
 .text          0x0000000000106612        0xc binaries/ttykickout.o
                0x0000000000106612                ttykickout
 .text          0x000000000010661e       0x93 binaries/ttyputc.o
                0x000000000010661e                ttyputc
 .text          0x00000000001066b1       0xe2 binaries/ttyread.o
                0x00000000001066b1                ttyread
 .text          0x0000000000106793       0x4d binaries/ttywrite.o
                0x0000000000106793                ttywrite
 .text          0x00000000001067e0      0x10d binaries/mount.o
                0x00000000001067e0                namlen
                0x0000000000106818                mount
 .text          0x00000000001068ed      0x1d5 binaries/naminit.o
                0x00000000001068ed                naminit
 .text          0x0000000000106ac2      0x203 binaries/nammap.o
                0x0000000000106ac2                namrepl
                0x0000000000106bd5                namcpy
                0x0000000000106c22                nammap
 .text          0x0000000000106cc5       0x58 binaries/namopen.o
                0x0000000000106cc5                namopen
 .text          0x0000000000106d1d       0xd0 binaries/colon2mac.o
                0x0000000000106d1d                colon2mac
 .text          0x0000000000106ded       0x7b binaries/ethcontrol.o
                0x0000000000106ded                ethcontrol
 .text          0x0000000000106e68       0xfa binaries/ethhandler.o
                0x0000000000106e68                ethhandler
 .text          0x0000000000106f62      0x4cf binaries/ethinit.o
                0x0000000000106f62                eth_phy_read
                0x0000000000106fa1                eth_phy_write
                0x0000000000106fe3                eth_phy_reset
                0x00000000001070df                ethinit
 .text          0x0000000000107431      0x11a binaries/ethmcast.o
                0x0000000000107431                ethmcast_add
                0x0000000000107484                ethmcast_remove
 .text          0x000000000010754b      0x156 binaries/ethread.o
                0x000000000010754b                ethread
 .text          0x00000000001076a1       0xa3 binaries/ethwrite.o
                0x00000000001076a1                ethwrite
 .text          0x0000000000107744       0x62 binaries/rdsbufalloc.o
                0x0000000000107744                rdsbufalloc
 .text          0x00000000001077a6       0x7f binaries/rdsclose.o
                0x00000000001077a6                rdsclose
 .text          0x0000000000107825      0x200 binaries/rdscomm.o
                0x0000000000107825                rdscomm
 .text          0x0000000000107a25      0x194 binaries/rdscontrol.o
                0x0000000000107a25                rdscontrol
 .text          0x0000000000107bb9      0x17e binaries/rdsinit.o
                0x0000000000107bb9                rdsinit
 .text          0x0000000000107d37      0x15f binaries/rdsopen.o
                0x0000000000107d37                rdsopen
 .text          0x0000000000107e96      0x2d8 binaries/rdsprocess.o
                0x0000000000107e96                rdsprocess
 .text          0x000000000010816e      0x18a binaries/rdsread.o
                0x000000000010816e                rdsread
 .text          0x00000000001082f8      0x141 binaries/rdswrite.o
                0x00000000001082f8                rdswrite
 .text          0x0000000000108439        0x6 binaries/ramclose.o
                0x0000000000108439                ramclose
 .text          0x000000000010843f       0x44 binaries/raminit.o
                0x000000000010843f                raminit
 .text          0x0000000000108483        0x7 binaries/ramopen.o
                0x0000000000108483                ramopen
 .text          0x000000000010848a       0x30 binaries/ramread.o
                0x000000000010848a                ramread
 .text          0x00000000001084ba       0x30 binaries/ramwrite.o
                0x00000000001084ba                ramwrite
 .text          0x00000000001084ea       0x91 binaries/lfdballoc.o
                0x00000000001084ea                lfdballoc
 .text          0x000000000010857b       0x5d binaries/lfdbfree.o
                0x000000000010857b                lfdbfree
 .text          0x00000000001085d8       0xaa binaries/lfflush.o
                0x00000000001085d8                lfflush
 .text          0x0000000000108682       0x7a binaries/lfgetmode.o
                0x0000000000108682                lfgetmode
 .text          0x00000000001086fc       0x68 binaries/lfiballoc.o
                0x00000000001086fc                lfiballoc
 .text          0x0000000000108764       0x25 binaries/lfibclear.o
                0x0000000000108764                lfibclear
 .text          0x0000000000108789       0x7a binaries/lfibget.o
                0x0000000000108789                lfibget
 .text          0x0000000000108803       0xa0 binaries/lfibput.o
                0x0000000000108803                lfibput
 .text          0x00000000001088a3       0x76 binaries/lflclose.o
                0x00000000001088a3                lflclose
 .text          0x0000000000108919       0xa2 binaries/lflcontrol.o
                0x0000000000108919                lflcontrol
 .text          0x00000000001089bb       0x9e binaries/lflgetc.o
                0x00000000001089bb                lflgetc
 .text          0x0000000000108a59       0xb8 binaries/lflinit.o
                0x0000000000108a59                lflinit
 .text          0x0000000000108b11       0xba binaries/lflputc.o
                0x0000000000108b11                lflputc
 .text          0x0000000000108bcb       0x6a binaries/lflread.o
                0x0000000000108bcb                lflread
 .text          0x0000000000108c35       0x82 binaries/lflseek.o
                0x0000000000108c35                lflseek
 .text          0x0000000000108cb7       0x56 binaries/lflwrite.o
                0x0000000000108cb7                lflwrite
 .text          0x0000000000108d0d      0x129 binaries/lfsckfmt.o
                0x0000000000108d0d                lfsckfmt
 .text          0x0000000000108e36      0x1d9 binaries/lfscreate.o
                0x0000000000108e36                lfscreate
 .text          0x000000000010900f      0x1aa binaries/lfsetup.o
                0x000000000010900f                lfsetup
 .text          0x00000000001091b9       0x51 binaries/lfsinit.o
                0x00000000001091b9                lfsinit
 .text          0x000000000010920a      0x2ad binaries/lfsopen.o
                0x000000000010920a                lfsopen
 .text          0x00000000001094b7      0x11c binaries/lftruncate.o
                0x00000000001094b7                lftruncate
 .text          0x00000000001095d3       0x5a binaries/rflclose.o
                0x00000000001095d3                rflclose
 .text          0x000000000010962d       0x34 binaries/rflgetc.o
                0x000000000010962d                rflgetc
 .text          0x0000000000109661       0x4b binaries/rflinit.o
                0x0000000000109661                rflinit
 .text          0x00000000001096ac       0x3a binaries/rflputc.o
                0x00000000001096ac                rflputc
 .text          0x00000000001096e6      0x296 binaries/rflread.o
                0x00000000001096e6                rflread
 .text          0x000000000010997c       0x60 binaries/rflseek.o
                0x000000000010997c                rflseek
 .text          0x00000000001099dc      0x2b3 binaries/rflwrite.o
                0x00000000001099dc                rflwrite
 .text          0x0000000000109c8f      0x17f binaries/rfscomm.o
                0x0000000000109c8f                rfscomm
 .text          0x0000000000109e0e      0x24a binaries/rfscontrol.o
                0x0000000000109e0e                rfscontrol
 .text          0x000000000010a058       0x7a binaries/rfsgetmode.o
                0x000000000010a058                rfsgetmode
 .text          0x000000000010a0d2       0x76 binaries/rfsinit.o
                0x000000000010a0d2                rfsinit
 .text          0x000000000010a148       0xbb binaries/rfsndmsg.o
                0x000000000010a148                rfsndmsg
 .text          0x000000000010a203      0x229 binaries/rfsopen.o
                0x000000000010a203                rfsopen
 .text          0x000000000010a42c      0x64d binaries/arp.o
                0x000000000010a42c                arp_init
                0x000000000010a444                arp_alloc
                0x000000000010a4f4                arp_ntoh
                0x000000000010a55e                arp_hton
                0x000000000010a5c8                arp_resolve
                0x000000000010a847                arp_in
 .text          0x000000000010aa79      0x614 binaries/dhcp.o
                0x000000000010aa79                dhcp_get_opt_val
                0x000000000010aacc                dhcp_bld_bootp_msg
                0x000000000010abcc                dhcp_bld_disc
                0x000000000010ac1e                dhcp_bld_req
                0x000000000010acbc                getlocalip
 .text          0x000000000010b08d       0xcb binaries/dot2ip.o
                0x000000000010b08d                dot2ip
 .text          0x000000000010b158      0x366 binaries/hexdump.o
                0x000000000010b158                hexdump
                0x000000000010b287                hexadump
 .text          0x000000000010b4be      0x5ef binaries/icmp.o
                0x000000000010b4be                icmp_init
                0x000000000010b4d6                icmp_register
                0x000000000010b588                icmp_recv
                0x000000000010b6dd                icmp_mkpkt
                0x000000000010b7b7                icmp_in
                0x000000000010b8ef                icmp_send
                0x000000000010b96b                icmp_release
                0x000000000010ba27                icmp_cksum
                0x000000000010ba85                icmp_hton
                0x000000000010ba99                icmp_ntoh
 .text          0x000000000010baad      0x567 binaries/ip.o
                0x000000000010baad                ip_local
                0x000000000010bae1                ipcksum
                0x000000000010bb32                ip_ntoh
                0x000000000010bb9c                ip_in
                0x000000000010bc91                ip_hton
                0x000000000010bcfb                ip_out
                0x000000000010bdaf                ip_send
                0x000000000010beac                ipout
                0x000000000010bf88                ip_enqueue
 .text          0x000000000010c014      0x1d3 binaries/net.o
                0x000000000010c014                net_init
                0x000000000010c14f                eth_hton
                0x000000000010c159                eth_ntoh
                0x000000000010c163                netin
 .text          0x000000000010c1e7       0xd3 binaries/netstart.o
                0x000000000010c1e7                netstart
 .text          0x000000000010c2ba      0xb3f binaries/pdump.o
                0x000000000010c2ba                pdump
                0x000000000010c927                pdumph
 .text          0x000000000010cdf9      0x5db binaries/tftp.o
                0x000000000010cdf9                tftp_send1
                0x000000000010cf2c                tftpget_mb
                0x000000000010d397                tftpget
 .text          0x000000000010d3d4      0x7d8 binaries/udp.o
                0x000000000010d3d4                udp_init
                0x000000000010d411                udp_in
                0x000000000010d4ca                udp_register
                0x000000000010d5b8                udp_recv
                0x000000000010d6cf                udp_recvaddr
                0x000000000010d7fd                udp_send
                0x000000000010d978                udp_sendto
                0x000000000010dac8                udp_release
                0x000000000010db84                udp_ntoh
                0x000000000010db98                udp_hton
 .text          0x000000000010dbac      0x104 binaries/addargs.o
                0x000000000010dbac                addargs
 .text          0x000000000010dcb0      0x1f8 binaries/lexan.o
                0x000000000010dcb0                lexan
 .text          0x000000000010dea8      0x63b binaries/shell.o
                0x000000000010dea8                shell
 .text          0x000000000010e4e3       0x5b binaries/xsh_argecho.o
                0x000000000010e4e3                xsh_argecho
 .text          0x000000000010e53e      0x1d6 binaries/xsh_arp.o
                0x000000000010e53e                xsh_arp
 .text          0x000000000010e714      0x20d binaries/xsh_cat.o
                0x000000000010e714                xsh_cat
 .text          0x000000000010e921       0x56 binaries/xsh_clear.o
                0x000000000010e921                xsh_clear
 .text          0x000000000010e977      0x2b5 binaries/xsh_date.o
                0x000000000010e977                xsh_date
 .text          0x000000000010ec2c       0x8d binaries/xsh_devdump.o
                0x000000000010ec2c                xsh_devdump
 .text          0x000000000010ecb9       0x60 binaries/xsh_echo.o
                0x000000000010ecb9                xsh_echo
 .text          0x000000000010ed19        0x6 binaries/xsh_exit.o
                0x000000000010ed19                xsh_exit
 .text          0x000000000010ed1f      0x325 binaries/xsh_help.o
                0x000000000010ed1f                xsh_help
 .text          0x000000000010f044      0x425 binaries/xsh_ipaddr.o
                0x000000000010f044                xsh_ipaddr
 .text          0x000000000010f469      0x1ef binaries/xsh_kill.o
                0x000000000010f469                xsh_kill
 .text          0x000000000010f658      0x3ef binaries/xsh_memdump.o
                0x000000000010f70e                xsh_memdump
 .text          0x000000000010fa47      0x1fa binaries/xsh_memstat.o
                0x000000000010fa47                xsh_memstat
 .text          0x000000000010fc41      0x30d binaries/xsh_ping.o
                0x000000000010fc41                xsh_ping
 .text          0x000000000010ff4e      0x1fd binaries/xsh_ps.o
                0x000000000010ff4e                xsh_ps
 .text          0x000000000011014b      0x1de binaries/xsh_sleep.o
                0x000000000011014b                xsh_sleep
 .text          0x0000000000110329      0x228 binaries/xsh_udpdump.o
                0x0000000000110329                xsh_udpdump
 .text          0x0000000000110551      0x43a binaries/xsh_udpecho.o
                0x0000000000110551                xsh_udpecho
 .text          0x000000000011098b      0x27b binaries/xsh_udpeserver.o
                0x000000000011098b                xsh_udpeserver
 .text          0x0000000000110c06      0x1c2 binaries/xsh_uptime.o
                0x0000000000110c06                xsh_uptime
 .text          0x0000000000110dc8        0xe binaries/clkdisp.o
                0x0000000000110dc8                clkdisp
 .text          0x0000000000110dd6       0x19 binaries/ctxsw.o
                0x0000000000110dd6                ctxsw
 .text          0x0000000000110def      0x36b binaries/intr.o
                0x0000000000110def                disable
                0x0000000000110df8                restore
                0x0000000000110e06                enable
                0x0000000000110e08                pause
                0x0000000000110e0f                halt
                0x0000000000110e15                spurious_irq7
                0x0000000000110e1a                spurious_irq15
                0x0000000000110e29                _Xint0
                0x0000000000110e34                _Xint1
                0x0000000000110e3f                _Xint2
                0x0000000000110e4a                _Xint3
                0x0000000000110e55                _Xint4
                0x0000000000110e60                _Xint5
                0x0000000000110e6b                _Xint6
                0x0000000000110e76                _Xint7
                0x0000000000110e81                _Xint8
                0x0000000000110e8c                _Xint9
                0x0000000000110e97                _Xint10
                0x0000000000110ea2                _Xint11
                0x0000000000110eb0                _Xint12
                0x0000000000110ebe                _Xint13
                0x0000000000110ecc                _Xint14
                0x0000000000110eda                _Xint15
                0x0000000000110ee8                _Xint16
                0x0000000000110ef6                _Xint17
                0x0000000000110f04                _Xint18
                0x0000000000110f12                _Xint19
                0x0000000000110f20                _Xint20
                0x0000000000110f2e                _Xint21
                0x0000000000110f3c                _Xint22
                0x0000000000110f4a                _Xint23
                0x0000000000110f58                _Xint24
                0x0000000000110f66                _Xint25
                0x0000000000110f74                _Xint26
                0x0000000000110f82                _Xint27
                0x0000000000110f90                _Xint28
                0x0000000000110f9e                _Xint29
                0x0000000000110fac                _Xint30
                0x0000000000110fba                _Xint31
                0x0000000000110fc8                _Xint32
                0x0000000000110fd6                _Xint33
                0x0000000000110fe4                _Xint34
                0x0000000000110ff2                _Xint35
                0x0000000000111000                _Xint36
                0x000000000011100e                _Xint37
                0x000000000011101c                _Xint38
                0x000000000011102a                _Xint39
                0x0000000000111038                _Xint40
                0x0000000000111046                _Xint41
                0x0000000000111054                _Xint42
                0x0000000000111062                _Xint43
                0x0000000000111070                _Xint44
                0x000000000011107e                _Xint45
                0x000000000011108c                _Xint46
                0x000000000011109a                defevec
 .text          0x000000000011115a        0xf binaries/ttydispatch.o
                0x000000000011115a                ttydispatch
 .text          0x0000000000111169       0x13 binaries/ethdispatch.o
                0x0000000000111169                ethdispatch
 *(.rodata .rodata.*)
 .rodata.str1.1
                0x000000000011117c       0x54 binaries/ascdate.o
 .rodata.str1.4
                0x00000000001111d0       0x22 binaries/ascdate.o
 .rodata.str1.1
                0x00000000001111f2       0x5f binaries/conf.o
 *fill*         0x0000000000111251        0x3 
 .rodata.str1.4
                0x0000000000111254       0x4f binaries/early_imr.o
 .rodata        0x00000000001112a3       0x30 binaries/early_imr.o
 .rodata.str1.1
                0x00000000001112d3      0x20c binaries/evec.o
 *fill*         0x00000000001114df        0x1 
 .rodata.str1.4
                0x00000000001114e0       0x23 binaries/evec.o
 .rodata.str1.1
                0x0000000000111503        0xb binaries/getutime.o
 *fill*         0x000000000011150e        0x2 
 .rodata.str1.4
                0x0000000000111510       0x54 binaries/getutime.o
 .rodata.str1.1
                0x0000000000111564       0x96 binaries/initialize.o
                                         0x9a (size before relaxing)
 *fill*         0x00000000001115fa        0x2 
 .rodata.str1.4
                0x00000000001115fc      0x2f3 binaries/initialize.o
 *fill*         0x00000000001118ef        0x1 
 .rodata        0x00000000001118f0       0x20 binaries/kill.o
 .rodata.str1.1
                0x0000000000111910       0xa8 binaries/main.o
 .rodata.str1.4
                0x00000000001119b8       0x4e binaries/main.o
 *fill*         0x0000000000111a06        0x2 
 .rodata.str1.4
                0x0000000000111a08       0x23 binaries/meminit.o
 .rodata.str1.1
                0x0000000000111a2b       0x1b binaries/meminit.o
 *fill*         0x0000000000111a46        0x2 
 .rodata.str1.4
                0x0000000000111a48       0x2a binaries/mysendqueue.o
 .rodata.str1.1
                0x0000000000111a72       0x19 binaries/mysendqueue.o
 .rodata.str1.1
                0x0000000000111a8b        0xf binaries/panic.o
 .rodata.str1.1
                0x0000000000111a9a       0x1c binaries/ptinit.o
 *fill*         0x0000000000111ab6        0x2 
 .rodata.str1.4
                0x0000000000111ab8       0x25 binaries/ptsend.o
 .rodata.str1.1
                0x0000000000111add       0x22 binaries/quark_pdat.o
 *fill*         0x0000000000111aff        0x1 
 .rodata.str1.4
                0x0000000000111b00       0x73 binaries/send.o
 *fill*         0x0000000000111b73        0x1 
 .rodata.str1.4
                0x0000000000111b74       0x63 binaries/stacktrace.o
 .rodata.str1.1
                0x0000000000111bd7       0x52 binaries/stacktrace.o
 *fill*         0x0000000000111c29        0x3 
 .rodata.str1.4
                0x0000000000111c2c       0x27 binaries/xdone.o
 *fill*         0x0000000000111c53        0xd 
 .rodata        0x0000000000111c60       0x81 binaries/ctype_.o
                0x0000000000111c60                _ctype_
 .rodata.str1.1
                0x0000000000111ce1       0x29 binaries/doprnt.o
 *fill*         0x0000000000111d0a        0x2 
 .rodata        0x0000000000111d0c       0xc4 binaries/doprnt.o
 .rodata        0x0000000000111dd0       0x98 binaries/doscan.o
 .rodata.str1.1
                0x0000000000000000       0x29 binaries/fdoprnt.o
 .rodata        0x0000000000111e68       0x84 binaries/fdoprnt.o
 .rodata        0x0000000000111eec       0x20 binaries/ttycontrol.o
 .rodata.str1.4
                0x0000000000111f0c       0x4c binaries/naminit.o
 .rodata.str1.1
                0x0000000000111f58       0x32 binaries/naminit.o
                                         0x35 (size before relaxing)
 .rodata.str1.1
                0x0000000000111f8a       0x15 binaries/ethinit.o
 *fill*         0x0000000000111f9f        0x1 
 .rodata.str1.4
                0x0000000000111fa0       0x2e binaries/ethinit.o
 *fill*         0x0000000000111fce        0x2 
 .rodata.str1.4
                0x0000000000111fd0       0x2c binaries/rdsbufalloc.o
 .rodata.str1.4
                0x0000000000111ffc       0x76 binaries/rdscomm.o
 *fill*         0x0000000000112072        0x2 
 .rodata.str1.4
                0x0000000000112074       0x48 binaries/rdscontrol.o
 .rodata.str1.4
                0x00000000001120bc       0x7e binaries/rdsinit.o
 .rodata.str1.1
                0x000000000011213a       0x18 binaries/rdsinit.o
 *fill*         0x0000000000112152        0x2 
 .rodata.str1.4
                0x0000000000112154       0x22 binaries/rdsopen.o
 *fill*         0x0000000000112176        0x2 
 .rodata.str1.4
                0x0000000000112178       0x4d binaries/rdsprocess.o
 .rodata.str1.1
                0x00000000001121c5        0x9 binaries/raminit.o
 .rodata.str1.1
                0x00000000001121ce       0x13 binaries/lfdballoc.o
 *fill*         0x00000000001121e1        0x3 
 .rodata.str1.4
                0x00000000001121e4       0x23 binaries/lfdballoc.o
 .rodata.str1.1
                0x0000000000112207       0x14 binaries/lfiballoc.o
 *fill*         0x000000000011221b        0x1 
 .rodata.str1.4
                0x000000000011221c       0x23 binaries/lflcontrol.o
 .rodata.str1.1
                0x000000000011223f       0x64 binaries/lfsckfmt.o
 *fill*         0x00000000001122a3        0x1 
 .rodata.str1.4
                0x00000000001122a4       0x51 binaries/lfsckfmt.o
 *fill*         0x00000000001122f5        0x3 
 .rodata.str1.4
                0x00000000001122f8       0x21 binaries/rflread.o
 .rodata.str1.4
                0x0000000000000000       0x21 binaries/rflwrite.o
 *fill*         0x0000000000112319        0x3 
 .rodata.str1.4
                0x000000000011231c       0x75 binaries/rfscomm.o
 *fill*         0x0000000000112391        0x3 
 .rodata.str1.4
                0x0000000000112394       0x23 binaries/rfscontrol.o
 *fill*         0x00000000001123b7        0x1 
 .rodata        0x00000000001123b8       0x18 binaries/rfscontrol.o
 .rodata.str1.1
                0x0000000000000000       0x10 binaries/rfsinit.o
 .rodata.str1.4
                0x00000000001123d0       0x57 binaries/rfsinit.o
 *fill*         0x0000000000112427        0x1 
 .rodata.str1.4
                0x0000000000112428       0x2a binaries/rfsndmsg.o
 .rodata.str1.4
                0x0000000000000000       0x22 binaries/rfsopen.o
 .rodata.str1.1
                0x0000000000112452       0x19 binaries/arp.o
 *fill*         0x000000000011246b        0x1 
 .rodata.str1.4
                0x000000000011246c       0x21 binaries/arp.o
 *fill*         0x000000000011248d        0x3 
 .rodata.str1.4
                0x0000000000112490       0xa6 binaries/dhcp.o
 .rodata.str1.1
                0x0000000000112536       0x4a binaries/dhcp.o
 .rodata.str1.1
                0x0000000000112580       0x5a binaries/hexdump.o
                                         0x61 (size before relaxing)
 *fill*         0x00000000001125da        0x2 
 .rodata.str1.4
                0x00000000001125dc       0x67 binaries/hexdump.o
 *fill*         0x0000000000112643        0x1 
 .rodata.str1.4
                0x0000000000112644       0x29 binaries/icmp.o
 .rodata.str1.1
                0x000000000011266d       0x4e binaries/ip.o
 *fill*         0x00000000001126bb        0x1 
 .rodata.str1.4
                0x00000000001126bc       0x20 binaries/ip.o
 .rodata.str1.4
                0x00000000001126dc       0x28 binaries/net.o
 .rodata.str1.1
                0x0000000000112704       0x27 binaries/net.o
 *fill*         0x000000000011272b        0x1 
 .rodata.str1.4
                0x000000000011272c       0xcf binaries/netstart.o
 .rodata.str1.1
                0x00000000001127fb      0x141 binaries/pdump.o
                                        0x14b (size before relaxing)
 .rodata.str1.4
                0x000000000011293c      0x126 binaries/pdump.o
 *fill*         0x0000000000112a62        0x2 
 .rodata.str1.4
                0x0000000000112a64      0x148 binaries/tftp.o
 .rodata.str1.1
                0x0000000000112bac        0x6 binaries/tftp.o
                                          0xa (size before relaxing)
 .rodata.str1.1
                0x0000000000112bb2       0xe3 binaries/shell.o
                                         0xff (size before relaxing)
 *fill*         0x0000000000112c95        0x3 
 .rodata.str1.4
                0x0000000000112c98      0x1c4 binaries/shell.o
 *fill*         0x0000000000112e5c        0x4 
 .rodata        0x0000000000112e60       0xfc binaries/shell.o
                0x0000000000112e60                cmdtab
 .rodata.str1.1
                0x0000000000112f5c       0x26 binaries/xsh_argecho.o
                                         0x28 (size before relaxing)
 .rodata.str1.1
                0x0000000000112f82       0x70 binaries/xsh_arp.o
                                         0x72 (size before relaxing)
 *fill*         0x0000000000112ff2        0x2 
 .rodata.str1.4
                0x0000000000112ff4       0xb4 binaries/xsh_arp.o
 .rodata.str1.1
                0x00000000001130a8       0x2d binaries/xsh_cat.o
                                         0x4f (size before relaxing)
 *fill*         0x00000000001130d5        0x3 
 .rodata.str1.4
                0x00000000001130d8       0x52 binaries/xsh_cat.o
                                         0x79 (size before relaxing)
 .rodata.str1.1
                0x000000000011312a       0x15 binaries/xsh_clear.o
 .rodata.str1.1
                0x000000000011313f       0x46 binaries/xsh_date.o
                                         0x5f (size before relaxing)
 *fill*         0x0000000000113185        0x3 
 .rodata.str1.4
                0x0000000000113188      0x163 binaries/xsh_date.o
 .rodata.str1.1
                0x00000000001132eb       0x5d binaries/xsh_devdump.o
 .rodata.str1.1
                0x0000000000113348        0x4 binaries/xsh_echo.o
                                          0x9 (size before relaxing)
 .rodata.str1.1
                0x000000000011334c       0x65 binaries/xsh_help.o
                                         0xa3 (size before relaxing)
 *fill*         0x00000000001133b1        0x3 
 .rodata.str1.4
                0x00000000001133b4       0x7c binaries/xsh_help.o
                                         0xc6 (size before relaxing)
 .rodata.str1.1
                0x0000000000113430       0x9c binaries/xsh_ipaddr.o
                                         0xf8 (size before relaxing)
 .rodata.str1.4
                0x00000000001134cc       0x4d binaries/xsh_ipaddr.o
                                         0x99 (size before relaxing)
 .rodata.str1.1
                0x0000000000113519       0x78 binaries/xsh_kill.o
                                         0x97 (size before relaxing)
 *fill*         0x0000000000113591        0x3 
 .rodata.str1.4
                0x0000000000113594       0x4a binaries/xsh_kill.o
                                         0x96 (size before relaxing)
 .rodata.str1.1
                0x00000000001135de       0x84 binaries/xsh_memdump.o
                                         0xa8 (size before relaxing)
 *fill*         0x0000000000113662        0x2 
 .rodata.str1.4
                0x0000000000113664      0x15a binaries/xsh_memdump.o
                                        0x1aa (size before relaxing)
 .rodata.str1.1
                0x00000000001137be       0x40 binaries/xsh_memstat.o
                                         0x79 (size before relaxing)
 *fill*         0x00000000001137fe        0x2 
 .rodata.str1.4
                0x0000000000113800      0x187 binaries/xsh_memstat.o
                                        0x1af (size before relaxing)
 .rodata.str1.1
                0x0000000000113987       0x90 binaries/xsh_ping.o
                                         0xaf (size before relaxing)
 *fill*         0x0000000000113a17        0x1 
 .rodata.str1.4
                0x0000000000113a18       0x77 binaries/xsh_ping.o
                                         0xc6 (size before relaxing)
 .rodata.str1.1
                0x0000000000113a8f       0x74 binaries/xsh_ps.o
                                         0xd5 (size before relaxing)
 *fill*         0x0000000000113b03        0x1 
 .rodata.str1.4
                0x0000000000113b04       0x80 binaries/xsh_ps.o
                                         0xd0 (size before relaxing)
 *fill*         0x0000000000113b84       0x1c 
 .rodata        0x0000000000113ba0       0x20 binaries/xsh_ps.o
 .rodata.str1.1
                0x0000000000113bc0       0x31 binaries/xsh_sleep.o
                                         0x72 (size before relaxing)
 *fill*         0x0000000000113bf1        0x3 
 .rodata.str1.4
                0x0000000000113bf4       0x2a binaries/xsh_sleep.o
                                         0x7a (size before relaxing)
 .rodata.str1.1
                0x0000000000113c1e       0x6b binaries/xsh_udpdump.o
                                         0xd2 (size before relaxing)
 *fill*         0x0000000000113c89        0x3 
 .rodata.str1.4
                0x0000000000113c8c       0x94 binaries/xsh_udpdump.o
                                         0xe4 (size before relaxing)
 .rodata.str1.1
                0x0000000000113d20       0xdb binaries/xsh_udpecho.o
                                         0xfa (size before relaxing)
 *fill*         0x0000000000113dfb        0x1 
 .rodata.str1.4
                0x0000000000113dfc       0xc7 binaries/xsh_udpecho.o
                                        0x116 (size before relaxing)
 .rodata.str1.1
                0x0000000000113ec3       0x66 binaries/xsh_udpeserver.o
                                         0x8f (size before relaxing)
 *fill*         0x0000000000113f29        0x3 
 .rodata.str1.4
                0x0000000000113f2c       0x29 binaries/xsh_udpeserver.o
                                         0x9f (size before relaxing)
 .rodata.str1.1
                0x0000000000113f55       0x49 binaries/xsh_uptime.o
                                         0x8c (size before relaxing)
 *fill*         0x0000000000113f9e        0x2 
 .rodata.str1.4
                0x0000000000113fa0       0x28 binaries/xsh_uptime.o
                                         0x76 (size before relaxing)
                0x0000000000113fc8                etext = ABSOLUTE (.)
                0x0000000000114000                . = ALIGN (0x1000)
 *fill*         0x0000000000113fc8       0x38 

.eh_frame       0x0000000000114000     0x32f4
 .eh_frame      0x0000000000114000       0x58 binaries/ascdate.o
 .eh_frame      0x0000000000114058       0x14 binaries/bufinit.o
                                         0x2c (size before relaxing)
 .eh_frame      0x000000000011406c       0x34 binaries/chprio.o
                                         0x4c (size before relaxing)
 .eh_frame      0x00000000001140a0       0x18 binaries/clkhandler.o
                                         0x30 (size before relaxing)
 .eh_frame      0x00000000001140b8       0x18 binaries/clkinit.o
                                         0x30 (size before relaxing)
 .eh_frame      0x00000000001140d0       0x2c binaries/close.o
                                         0x44 (size before relaxing)
 .eh_frame      0x00000000001140fc       0x2c binaries/control.o
                                         0x44 (size before relaxing)
 .eh_frame      0x0000000000114128       0x40 binaries/create.o
                                         0x58 (size before relaxing)
 .eh_frame      0x0000000000114168       0x98 binaries/early_imr.o
                                         0xb0 (size before relaxing)
 .eh_frame      0x0000000000114200       0x94 binaries/evec.o
                                         0xac (size before relaxing)
 .eh_frame      0x0000000000114294       0x2c binaries/freebuf.o
                                         0x44 (size before relaxing)
 .eh_frame      0x00000000001142c0       0x3c binaries/freemem.o
                                         0x54 (size before relaxing)
 .eh_frame      0x00000000001142fc       0x3c binaries/getbuf.o
                                         0x54 (size before relaxing)
 .eh_frame      0x0000000000114338       0x2c binaries/getc.o
                                         0x44 (size before relaxing)
 .eh_frame      0x0000000000114364       0x3c binaries/getdev.o
                                         0x54 (size before relaxing)
 .eh_frame      0x00000000001143a0       0x4c binaries/getitem.o
                                         0x64 (size before relaxing)
 .eh_frame      0x00000000001143ec       0x2c binaries/getmem.o
                                         0x44 (size before relaxing)
 .eh_frame      0x0000000000114418       0x14 binaries/getpid.o
                                         0x2c (size before relaxing)
 .eh_frame      0x000000000011442c       0x24 binaries/getprio.o
                                         0x3c (size before relaxing)
 .eh_frame      0x0000000000114450       0x3c binaries/getstk.o
                                         0x54 (size before relaxing)
 .eh_frame      0x000000000011448c       0x18 binaries/gettime.o
                                         0x30 (size before relaxing)
 .eh_frame      0x00000000001144a4       0x24 binaries/getutime.o
                                         0x3c (size before relaxing)
 .eh_frame      0x00000000001144c8       0x2c binaries/init.o
                                         0x44 (size before relaxing)
 .eh_frame      0x00000000001144f4       0x48 binaries/initialize.o
                                         0x60 (size before relaxing)
 .eh_frame      0x000000000011453c       0x24 binaries/insert.o
                                         0x3c (size before relaxing)
 .eh_frame      0x0000000000114560       0x38 binaries/insertd.o
                                         0x50 (size before relaxing)
 .eh_frame      0x0000000000114598       0x14 binaries/ioerr.o
                                         0x2c (size before relaxing)
 .eh_frame      0x00000000001145ac       0x14 binaries/ionull.o
                                         0x2c (size before relaxing)
 .eh_frame      0x00000000001145c0       0x40 binaries/kill.o
                                         0x58 (size before relaxing)
 .eh_frame      0x0000000000114600       0x58 binaries/kprintf.o
                                         0x70 (size before relaxing)
 .eh_frame      0x0000000000114658       0xd8 binaries/main.o
                                         0xf0 (size before relaxing)
 .eh_frame      0x0000000000114730       0x3c binaries/mark.o
                                         0x54 (size before relaxing)
 .eh_frame      0x000000000011476c       0x58 binaries/meminit.o
                                         0x70 (size before relaxing)
 .eh_frame      0x00000000001147c4       0x40 binaries/mkbufpool.o
                                         0x58 (size before relaxing)
 .eh_frame      0x0000000000114804       0x50 binaries/mysendqueue.o
                                         0x68 (size before relaxing)
 .eh_frame      0x0000000000114854       0x14 binaries/newqueue.o
                                         0x2c (size before relaxing)
 .eh_frame      0x0000000000114868       0x2c binaries/open.o
                                         0x44 (size before relaxing)
 .eh_frame      0x0000000000114894       0x14 binaries/panic.o
                                         0x2c (size before relaxing)
 .eh_frame      0x00000000001148a8       0xe0 binaries/pci.o
                                         0xf8 (size before relaxing)
 .eh_frame      0x0000000000114988       0x18 binaries/platinit.o
                                         0x30 (size before relaxing)
 .eh_frame      0x00000000001149a0       0x3c binaries/ptclear.o
                                         0x54 (size before relaxing)
 .eh_frame      0x00000000001149dc       0x34 binaries/ptcount.o
                                         0x4c (size before relaxing)
 .eh_frame      0x0000000000114a10       0x3c binaries/ptcreate.o
                                         0x54 (size before relaxing)
 .eh_frame      0x0000000000114a4c       0x2c binaries/ptdelete.o
                                         0x44 (size before relaxing)
 .eh_frame      0x0000000000114a78       0x2c binaries/ptinit.o
                                         0x44 (size before relaxing)
 .eh_frame      0x0000000000114aa4       0x3c binaries/ptrecv.o
                                         0x54 (size before relaxing)
 .eh_frame      0x0000000000114ae0       0x2c binaries/ptreset.o
                                         0x44 (size before relaxing)
 .eh_frame      0x0000000000114b0c       0x34 binaries/ptsend.o
                                         0x4c (size before relaxing)
 .eh_frame      0x0000000000114b40       0x34 binaries/putc.o
                                         0x4c (size before relaxing)
 .eh_frame      0x0000000000114b74       0x24 binaries/quark_irq.o
                                         0x3c (size before relaxing)
 .eh_frame      0x0000000000114b98       0x60 binaries/quark_pdat.o
                                         0x78 (size before relaxing)
 .eh_frame      0x0000000000114bf8       0x34 binaries/queue.o
                                         0x4c (size before relaxing)
 .eh_frame      0x0000000000114c2c       0x2c binaries/read.o
                                         0x44 (size before relaxing)
 .eh_frame      0x0000000000114c58       0x18 binaries/ready.o
                                         0x30 (size before relaxing)
 .eh_frame      0x0000000000114c70       0x3c binaries/receive.o
                                         0x54 (size before relaxing)
 .eh_frame      0x0000000000114cac       0x34 binaries/recvclr.o
                                         0x4c (size before relaxing)
 .eh_frame      0x0000000000114ce0       0x3c binaries/recvtime.o
                                         0x54 (size before relaxing)
 .eh_frame      0x0000000000114d1c       0x24 binaries/registercb.o
                                         0x3c (size before relaxing)
 .eh_frame      0x0000000000114d40       0x4c binaries/resched.o
                                         0x64 (size before relaxing)
 .eh_frame      0x0000000000114d8c       0x34 binaries/resume.o
                                         0x4c (size before relaxing)
 .eh_frame      0x0000000000114dc0       0x2c binaries/seek.o
                                         0x44 (size before relaxing)
 .eh_frame      0x0000000000114dec       0x24 binaries/semcount.o
                                         0x3c (size before relaxing)
 .eh_frame      0x0000000000114e10       0x3c binaries/semcreate.o
                                         0x54 (size before relaxing)
 .eh_frame      0x0000000000114e4c       0x2c binaries/semdelete.o
                                         0x44 (size before relaxing)
 .eh_frame      0x0000000000114e78       0x3c binaries/semreset.o
                                         0x54 (size before relaxing)
 .eh_frame      0x0000000000114eb4       0x6c binaries/send.o
                                         0x84 (size before relaxing)
 .eh_frame      0x0000000000114f20       0x2c binaries/signal.o
                                         0x44 (size before relaxing)
 .eh_frame      0x0000000000114f4c       0x34 binaries/signaln.o
                                         0x4c (size before relaxing)
 .eh_frame      0x0000000000114f80       0x44 binaries/sleep.o
                                         0x5c (size before relaxing)
 .eh_frame      0x0000000000114fc4       0x40 binaries/stacktrace.o
                                         0x58 (size before relaxing)
 .eh_frame      0x0000000000115004       0x3c binaries/suspend.o
                                         0x54 (size before relaxing)
 .eh_frame      0x0000000000115040       0x2c binaries/unsleep.o
                                         0x44 (size before relaxing)
 .eh_frame      0x000000000011506c       0x18 binaries/userret.o
                                         0x30 (size before relaxing)
 .eh_frame      0x0000000000115084       0x34 binaries/wait.o
                                         0x4c (size before relaxing)
 .eh_frame      0x00000000001150b8       0x18 binaries/wakeup.o
                                         0x30 (size before relaxing)
 .eh_frame      0x00000000001150d0       0x2c binaries/write.o
                                         0x44 (size before relaxing)
 .eh_frame      0x00000000001150fc       0x18 binaries/xdone.o
                                         0x30 (size before relaxing)
 .eh_frame      0x0000000000115114       0x20 binaries/yield.o
                                         0x38 (size before relaxing)
 .eh_frame      0x0000000000115134       0x14 binaries/abs.o
                                         0x2c (size before relaxing)
 .eh_frame      0x0000000000115148       0x24 binaries/atoi.o
                                         0x3c (size before relaxing)
 .eh_frame      0x000000000011516c       0x24 binaries/atol.o
                                         0x3c (size before relaxing)
 .eh_frame      0x0000000000115190       0x14 binaries/bzero.o
                                         0x2c (size before relaxing)
 .eh_frame      0x00000000001151a4       0xd4 binaries/doprnt.o
                                         0xec (size before relaxing)
 .eh_frame      0x0000000000115278       0x40 binaries/doscan.o
                                         0x58 (size before relaxing)
 .eh_frame      0x00000000001152b8       0x7c binaries/fdoprnt.o
                                         0x94 (size before relaxing)
 .eh_frame      0x0000000000115334       0x18 binaries/fgetc.o
                                         0x30 (size before relaxing)
 .eh_frame      0x000000000011534c       0x3c binaries/fgets.o
                                         0x54 (size before relaxing)
 .eh_frame      0x0000000000115388       0x18 binaries/fprintf.o
                                         0x30 (size before relaxing)
 .eh_frame      0x00000000001153a0       0x18 binaries/fputc.o
                                         0x30 (size before relaxing)
 .eh_frame      0x00000000001153b8       0x2c binaries/fputs.o
                                         0x44 (size before relaxing)
 .eh_frame      0x00000000001153e4       0x4c binaries/fscanf.o
                                         0x64 (size before relaxing)
 .eh_frame      0x0000000000115430       0x18 binaries/getchar.o
                                         0x30 (size before relaxing)
 .eh_frame      0x0000000000115448       0x14 binaries/labs.o
                                         0x2c (size before relaxing)
 .eh_frame      0x000000000011545c       0x14 binaries/memchr.o
                                         0x2c (size before relaxing)
 .eh_frame      0x0000000000115470       0x24 binaries/memcmp.o
                                         0x3c (size before relaxing)
 .eh_frame      0x0000000000115494       0x24 binaries/memcpy.o
                                         0x3c (size before relaxing)
 .eh_frame      0x00000000001154b8       0x1c binaries/memset.o
                                         0x34 (size before relaxing)
 .eh_frame      0x00000000001154d4       0x18 binaries/printf.o
                                         0x30 (size before relaxing)
 .eh_frame      0x00000000001154ec       0x18 binaries/putchar.o
                                         0x30 (size before relaxing)
 .eh_frame      0x0000000000115504       0xa8 binaries/qsort.o
                                         0xc0 (size before relaxing)
 .eh_frame      0x00000000001155ac       0x28 binaries/rand.o
                                         0x40 (size before relaxing)
 .eh_frame      0x00000000001155d4       0x3c binaries/sprintf.o
                                         0x54 (size before relaxing)
 .eh_frame      0x0000000000115610       0x40 binaries/sscanf.o
                                         0x58 (size before relaxing)
 .eh_frame      0x0000000000115650       0x1c binaries/strchr.o
                                         0x34 (size before relaxing)
 .eh_frame      0x000000000011566c       0x1c binaries/strcmp.o
                                         0x34 (size before relaxing)
 .eh_frame      0x0000000000115688       0x14 binaries/strcpy.o
                                         0x2c (size before relaxing)
 .eh_frame      0x000000000011569c       0x14 binaries/strlen.o
                                         0x2c (size before relaxing)
 .eh_frame      0x00000000001156b0       0x2c binaries/strncat.o
                                         0x44 (size before relaxing)
 .eh_frame      0x00000000001156dc       0x1c binaries/strncmp.o
                                         0x34 (size before relaxing)
 .eh_frame      0x00000000001156f8       0x30 binaries/strncpy.o
                                         0x48 (size before relaxing)
 .eh_frame      0x0000000000115728       0x14 binaries/strnlen.o
                                         0x2c (size before relaxing)
 .eh_frame      0x000000000011573c       0x1c binaries/strrchr.o
                                         0x34 (size before relaxing)
 .eh_frame      0x0000000000115758       0x38 binaries/strstr.o
                                         0x50 (size before relaxing)
 .eh_frame      0x0000000000115790       0x2c binaries/ttycontrol.o
                                         0x44 (size before relaxing)
 .eh_frame      0x00000000001157bc       0x2c binaries/ttygetc.o
                                         0x44 (size before relaxing)
 .eh_frame      0x00000000001157e8       0x9c binaries/ttyhandle_in.o
                                         0xb4 (size before relaxing)
 .eh_frame      0x0000000000115884       0x40 binaries/ttyhandle_out.o
                                         0x58 (size before relaxing)
 .eh_frame      0x00000000001158c4       0x2c binaries/ttyhandler.o
                                         0x44 (size before relaxing)
 .eh_frame      0x00000000001158f0       0x2c binaries/ttyinit.o
                                         0x44 (size before relaxing)
 .eh_frame      0x000000000011591c       0x14 binaries/ttykickout.o
                                         0x2c (size before relaxing)
 .eh_frame      0x0000000000115930       0x34 binaries/ttyputc.o
                                         0x4c (size before relaxing)
 .eh_frame      0x0000000000115964       0x3c binaries/ttyread.o
                                         0x54 (size before relaxing)
 .eh_frame      0x00000000001159a0       0x34 binaries/ttywrite.o
                                         0x4c (size before relaxing)
 .eh_frame      0x00000000001159d4       0x50 binaries/mount.o
                                         0x68 (size before relaxing)
 .eh_frame      0x0000000000115a24       0x40 binaries/naminit.o
                                         0x58 (size before relaxing)
 .eh_frame      0x0000000000115a64       0xa4 binaries/nammap.o
                                         0xbc (size before relaxing)
 .eh_frame      0x0000000000115b08       0x1c binaries/namopen.o
                                         0x34 (size before relaxing)
 .eh_frame      0x0000000000115b24       0x3c binaries/colon2mac.o
                                         0x54 (size before relaxing)
 .eh_frame      0x0000000000115b60       0x18 binaries/ethcontrol.o
                                         0x30 (size before relaxing)
 .eh_frame      0x0000000000115b78       0x3c binaries/ethhandler.o
                                         0x54 (size before relaxing)
 .eh_frame      0x0000000000115bb4       0x94 binaries/ethinit.o
                                         0xac (size before relaxing)
 .eh_frame      0x0000000000115c48       0x68 binaries/ethmcast.o
                                         0x80 (size before relaxing)
 .eh_frame      0x0000000000115cb0       0x40 binaries/ethread.o
                                         0x58 (size before relaxing)
 .eh_frame      0x0000000000115cf0       0x3c binaries/ethwrite.o
                                         0x54 (size before relaxing)
 .eh_frame      0x0000000000115d2c       0x24 binaries/rdsbufalloc.o
                                         0x3c (size before relaxing)
 .eh_frame      0x0000000000115d50       0x30 binaries/rdsclose.o
                                         0x48 (size before relaxing)
 .eh_frame      0x0000000000115d80       0x40 binaries/rdscomm.o
                                         0x58 (size before relaxing)
 .eh_frame      0x0000000000115dc0       0x2c binaries/rdscontrol.o
                                         0x44 (size before relaxing)
 .eh_frame      0x0000000000115dec       0x40 binaries/rdsinit.o
                                         0x58 (size before relaxing)
 .eh_frame      0x0000000000115e2c       0x40 binaries/rdsopen.o
                                         0x58 (size before relaxing)
 .eh_frame      0x0000000000115e6c       0x2c binaries/rdsprocess.o
                                         0x44 (size before relaxing)
 .eh_frame      0x0000000000115e98       0x40 binaries/rdsread.o
                                         0x58 (size before relaxing)
 .eh_frame      0x0000000000115ed8       0x34 binaries/rdswrite.o
                                         0x4c (size before relaxing)
 .eh_frame      0x0000000000115f0c       0x14 binaries/ramclose.o
                                         0x2c (size before relaxing)
 .eh_frame      0x0000000000115f20       0x18 binaries/raminit.o
                                         0x30 (size before relaxing)
 .eh_frame      0x0000000000115f38       0x14 binaries/ramopen.o
                                         0x2c (size before relaxing)
 .eh_frame      0x0000000000115f4c       0x18 binaries/ramread.o
                                         0x30 (size before relaxing)
 .eh_frame      0x0000000000115f64       0x18 binaries/ramwrite.o
                                         0x30 (size before relaxing)
 .eh_frame      0x0000000000115f7c       0x2c binaries/lfdballoc.o
                                         0x44 (size before relaxing)
 .eh_frame      0x0000000000115fa8       0x24 binaries/lfdbfree.o
                                         0x3c (size before relaxing)
 .eh_frame      0x0000000000115fcc       0x24 binaries/lfflush.o
                                         0x3c (size before relaxing)
 .eh_frame      0x0000000000115ff0       0x14 binaries/lfgetmode.o
                                         0x2c (size before relaxing)
 .eh_frame      0x0000000000116004       0x24 binaries/lfiballoc.o
                                         0x3c (size before relaxing)
 .eh_frame      0x0000000000116028       0x14 binaries/lfibclear.o
                                         0x2c (size before relaxing)
 .eh_frame      0x000000000011603c       0x40 binaries/lfibget.o
                                         0x58 (size before relaxing)
 .eh_frame      0x000000000011607c       0x40 binaries/lfibput.o
                                         0x58 (size before relaxing)
 .eh_frame      0x00000000001160bc       0x2c binaries/lflclose.o
                                         0x44 (size before relaxing)
 .eh_frame      0x00000000001160e8       0x2c binaries/lflcontrol.o
                                         0x44 (size before relaxing)
 .eh_frame      0x0000000000116114       0x2c binaries/lflgetc.o
                                         0x44 (size before relaxing)
 .eh_frame      0x0000000000116140       0x24 binaries/lflinit.o
                                         0x3c (size before relaxing)
 .eh_frame      0x0000000000116164       0x34 binaries/lflputc.o
                                         0x4c (size before relaxing)
 .eh_frame      0x0000000000116198       0x3c binaries/lflread.o
                                         0x54 (size before relaxing)
 .eh_frame      0x00000000001161d4       0x34 binaries/lflseek.o
                                         0x4c (size before relaxing)
 .eh_frame      0x0000000000116208       0x3c binaries/lflwrite.o
                                         0x54 (size before relaxing)
 .eh_frame      0x0000000000116244       0x40 binaries/lfsckfmt.o
                                         0x58 (size before relaxing)
 .eh_frame      0x0000000000116284       0x40 binaries/lfscreate.o
                                         0x58 (size before relaxing)
 .eh_frame      0x00000000001162c4       0x40 binaries/lfsetup.o
                                         0x58 (size before relaxing)
 .eh_frame      0x0000000000116304       0x18 binaries/lfsinit.o
                                         0x30 (size before relaxing)
 .eh_frame      0x000000000011631c       0x40 binaries/lfsopen.o
                                         0x58 (size before relaxing)
 .eh_frame      0x000000000011635c       0x40 binaries/lftruncate.o
                                         0x58 (size before relaxing)
 .eh_frame      0x000000000011639c       0x18 binaries/rflclose.o
                                         0x30 (size before relaxing)
 .eh_frame      0x00000000001163b4       0x18 binaries/rflgetc.o
                                         0x30 (size before relaxing)
 .eh_frame      0x00000000001163cc       0x14 binaries/rflinit.o
                                         0x2c (size before relaxing)
 .eh_frame      0x00000000001163e0       0x18 binaries/rflputc.o
                                         0x30 (size before relaxing)
 .eh_frame      0x00000000001163f8       0x40 binaries/rflread.o
                                         0x58 (size before relaxing)
 .eh_frame      0x0000000000116438       0x18 binaries/rflseek.o
                                         0x30 (size before relaxing)
 .eh_frame      0x0000000000116450       0x40 binaries/rflwrite.o
                                         0x58 (size before relaxing)
 .eh_frame      0x0000000000116490       0x40 binaries/rfscomm.o
                                         0x58 (size before relaxing)
 .eh_frame      0x00000000001164d0       0x2c binaries/rfscontrol.o
                                         0x44 (size before relaxing)
 .eh_frame      0x00000000001164fc       0x14 binaries/rfsgetmode.o
                                         0x2c (size before relaxing)
 .eh_frame      0x0000000000116510       0x18 binaries/rfsinit.o
                                         0x30 (size before relaxing)
 .eh_frame      0x0000000000116528       0x1c binaries/rfsndmsg.o
                                         0x34 (size before relaxing)
 .eh_frame      0x0000000000116544       0x2c binaries/rfsopen.o
                                         0x44 (size before relaxing)
 .eh_frame      0x0000000000116570       0xf0 binaries/arp.o
                                        0x108 (size before relaxing)
 .eh_frame      0x0000000000116660       0xec binaries/dhcp.o
                                        0x104 (size before relaxing)
 .eh_frame      0x000000000011674c       0x38 binaries/dot2ip.o
                                         0x50 (size before relaxing)
 .eh_frame      0x0000000000116784       0x74 binaries/hexdump.o
                                         0x8c (size before relaxing)
 .eh_frame      0x00000000001167f8      0x1b8 binaries/icmp.o
                                        0x1d0 (size before relaxing)
 .eh_frame      0x00000000001169b0      0x130 binaries/ip.o
                                        0x148 (size before relaxing)
 .eh_frame      0x0000000000116ae0       0x60 binaries/net.o
                                         0x78 (size before relaxing)
 .eh_frame      0x0000000000116b40       0x24 binaries/netstart.o
                                         0x3c (size before relaxing)
 .eh_frame      0x0000000000116b64       0x48 binaries/pdump.o
                                         0x60 (size before relaxing)
 .eh_frame      0x0000000000116bac       0x98 binaries/tftp.o
                                         0xb0 (size before relaxing)
 .eh_frame      0x0000000000116c44      0x1e8 binaries/udp.o
                                        0x200 (size before relaxing)
 .eh_frame      0x0000000000116e2c       0x3c binaries/addargs.o
[...]
 .comment       0x0000000000000000       0x2b binaries/icmp.o
 .comment       0x0000000000000000       0x2b binaries/ip.o
 .comment       0x0000000000000000       0x2b binaries/net.o
 .comment       0x0000000000000000       0x2b binaries/netstart.o
 .comment       0x0000000000000000       0x2b binaries/pdump.o
 .comment       0x0000000000000000       0x2b binaries/tftp.o
 .comment       0x0000000000000000       0x2b binaries/udp.o
 .comment       0x0000000000000000       0x2b binaries/addargs.o
 .comment       0x0000000000000000       0x2b binaries/lexan.o
 .comment       0x0000000000000000       0x2b binaries/shell.o
 .comment       0x0000000000000000       0x2b binaries/xsh_argecho.o
 .comment       0x0000000000000000       0x2b binaries/xsh_arp.o
 .comment       0x0000000000000000       0x2b binaries/xsh_cat.o
 .comment       0x0000000000000000       0x2b binaries/xsh_clear.o
 .comment       0x0000000000000000       0x2b binaries/xsh_date.o
 .comment       0x0000000000000000       0x2b binaries/xsh_devdump.o
 .comment       0x0000000000000000       0x2b binaries/xsh_echo.o
 .comment       0x0000000000000000       0x2b binaries/xsh_exit.o
 .comment       0x0000000000000000       0x2b binaries/xsh_help.o
 .comment       0x0000000000000000       0x2b binaries/xsh_ipaddr.o
 .comment       0x0000000000000000       0x2b binaries/xsh_kill.o
 .comment       0x0000000000000000       0x2b binaries/xsh_memdump.o
 .comment       0x0000000000000000       0x2b binaries/xsh_memstat.o
 .comment       0x0000000000000000       0x2b binaries/xsh_ping.o
 .comment       0x0000000000000000       0x2b binaries/xsh_ps.o
 .comment       0x0000000000000000       0x2b binaries/xsh_sleep.o
 .comment       0x0000000000000000       0x2b binaries/xsh_udpdump.o
 .comment       0x0000000000000000       0x2b binaries/xsh_udpecho.o
 .comment       0x0000000000000000       0x2b binaries/xsh_udpeserver.o
 .comment       0x0000000000000000       0x2b binaries/xsh_uptime.o

.note.GNU-stack
                0x0000000000000000        0x0
 .note.GNU-stack
                0x0000000000000000        0x0 binaries/ascdate.o
 .note.GNU-stack
                0x0000000000000000        0x0 binaries/bufinit.o
 .note.GNU-stack
                0x0000000000000000        0x0 binaries/chprio.o
 .note.GNU-stack
                0x0000000000000000        0x0 binaries/clkhandler.o
 .note.GNU-stack
                0x0000000000000000        0x0 binaries/clkinit.o
 .note.GNU-stack
                0x0000000000000000        0x0 binaries/close.o
 .note.GNU-stack
                0x0000000000000000        0x0 binaries/conf.o
 .note.GNU-stack
                0x0000000000000000        0x0 binaries/control.o
 .note.GNU-stack
                0x0000000000000000        0x0 binaries/create.o
 .note.GNU-stack
                0x0000000000000000        0x0 binaries/early_imr.o
 .note.GNU-stack
                0x0000000000000000        0x0 binaries/evec.o
 .note.GNU-stack
                0x0000000000000000        0x0 binaries/freebuf.o
 .note.GNU-stack
                0x0000000000000000        0x0 binaries/freemem.o
 .note.GNU-stack
                0x0000000000000000        0x0 binaries/getbuf.o
 .note.GNU-stack
                0x0000000000000000        0x0 binaries/getc.o
 .note.GNU-stack
                0x0000000000000000        0x0 binaries/getdev.o
 .note.GNU-stack
                0x0000000000000000        0x0 binaries/getitem.o
 .note.GNU-stack
                0x0000000000000000        0x0 binaries/getmem.o
 .note.GNU-stack
                0x0000000000000000        0x0 binaries/getpid.o
 .note.GNU-stack
                0x0000000000000000        0x0 binaries/getprio.o
 .note.GNU-stack
                0x0000000000000000        0x0 binaries/getstk.o
 .note.GNU-stack
                0x0000000000000000        0x0 binaries/gettime.o
 .note.GNU-stack
                0x0000000000000000        0x0 binaries/getutime.o
 .note.GNU-stack
                0x0000000000000000        0x0 binaries/init.o
 .note.GNU-stack
                0x0000000000000000        0x0 binaries/initialize.o
 .note.GNU-stack
                0x0000000000000000        0x0 binaries/insert.o
 .note.GNU-stack
                0x0000000000000000        0x0 binaries/insertd.o
 .note.GNU-stack
                0x0000000000000000        0x0 binaries/ioerr.o
 .note.GNU-stack
                0x0000000000000000        0x0 binaries/ionull.o
 .note.GNU-stack
                0x0000000000000000        0x0 binaries/kill.o
 .note.GNU-stack
                0x0000000000000000        0x0 binaries/kprintf.o
 .note.GNU-stack
                0x0000000000000000        0x0 binaries/main.o
 .note.GNU-stack
                0x0000000000000000        0x0 binaries/mark.o
 .note.GNU-stack
                0x0000000000000000        0x0 binaries/meminit.o
 .note.GNU-stack
                0x0000000000000000        0x0 binaries/mkbufpool.o
 .note.GNU-stack
                0x0000000000000000        0x0 binaries/mysendqueue.o
 .note.GNU-stack
                0x0000000000000000        0x0 binaries/newqueue.o
 .note.GNU-stack
                0x0000000000000000        0x0 binaries/open.o
 .note.GNU-stack
                0x0000000000000000        0x0 binaries/panic.o
 .note.GNU-stack
                0x0000000000000000        0x0 binaries/pci.o
 .note.GNU-stack
                0x0000000000000000        0x0 binaries/platinit.o
 .note.GNU-stack
                0x0000000000000000        0x0 binaries/ptclear.o
 .note.GNU-stack
                0x0000000000000000        0x0 binaries/ptcount.o
 .note.GNU-stack
                0x0000000000000000        0x0 binaries/ptcreate.o
 .note.GNU-stack
                0x0000000000000000        0x0 binaries/ptdelete.o
 .note.GNU-stack
                0x0000000000000000        0x0 binaries/ptinit.o
 .note.GNU-stack
                0x0000000000000000        0x0 binaries/ptrecv.o
 .note.GNU-stack
                0x0000000000000000        0x0 binaries/ptreset.o
 .note.GNU-stack
                0x0000000000000000        0x0 binaries/ptsend.o
 .note.GNU-stack
                0x0000000000000000        0x0 binaries/putc.o
 .note.GNU-stack
                0x0000000000000000        0x0 binaries/quark_irq.o
 .note.GNU-stack
                0x0000000000000000        0x0 binaries/quark_pdat.o
 .note.GNU-stack
                0x0000000000000000        0x0 binaries/queue.o
 .note.GNU-stack
                0x0000000000000000        0x0 binaries/read.o
 .note.GNU-stack
                0x0000000000000000        0x0 binaries/ready.o
 .note.GNU-stack
                0x0000000000000000        0x0 binaries/receive.o
 .note.GNU-stack
                0x0000000000000000        0x0 binaries/recvclr.o
 .note.GNU-stack
                0x0000000000000000        0x0 binaries/recvtime.o
 .note.GNU-stack
                0x0000000000000000        0x0 binaries/registercb.o
 .note.GNU-stack
                0x0000000000000000        0x0 binaries/resched.o
 .note.GNU-stack
                0x0000000000000000        0x0 binaries/resume.o
 .note.GNU-stack
                0x0000000000000000        0x0 binaries/seek.o
 .note.GNU-stack
                0x0000000000000000        0x0 binaries/semcount.o
 .note.GNU-stack
                0x0000000000000000        0x0 binaries/semcreate.o
 .note.GNU-stack
                0x0000000000000000        0x0 binaries/semdelete.o
 .note.GNU-stack
                0x0000000000000000        0x0 binaries/semreset.o
 .note.GNU-stack
                0x0000000000000000        0x0 binaries/send.o
 .note.GNU-stack
                0x0000000000000000        0x0 binaries/signal.o
 .note.GNU-stack
                0x0000000000000000        0x0 binaries/signaln.o
 .note.GNU-stack
                0x0000000000000000        0x0 binaries/sleep.o
 .note.GNU-stack
                0x0000000000000000        0x0 binaries/stacktrace.o
 .note.GNU-stack
                0x0000000000000000        0x0 binaries/suspend.o
 .note.GNU-stack
                0x0000000000000000        0x0 binaries/unsleep.o
 .note.GNU-stack
                0x0000000000000000        0x0 binaries/userret.o
 .note.GNU-stack
                0x0000000000000000        0x0 binaries/wait.o
 .note.GNU-stack
                0x0000000000000000        0x0 binaries/wakeup.o
 .note.GNU-stack
                0x0000000000000000        0x0 binaries/write.o
 .note.GNU-stack
                0x0000000000000000        0x0 binaries/xdone.o
 .note.GNU-stack
                0x0000000000000000        0x0 binaries/yield.o
 .note.GNU-stack
                0x0000000000000000        0x0 binaries/abs.o
 .note.GNU-stack
                0x0000000000000000        0x0 binaries/atoi.o
 .note.GNU-stack
                0x0000000000000000        0x0 binaries/atol.o
 .note.GNU-stack
                0x0000000000000000        0x0 binaries/bzero.o
 .note.GNU-stack
                0x0000000000000000        0x0 binaries/ctype_.o
 .note.GNU-stack
                0x0000000000000000        0x0 binaries/doprnt.o
 .note.GNU-stack
                0x0000000000000000        0x0 binaries/doscan.o
 .note.GNU-stack
                0x0000000000000000        0x0 binaries/fdoprnt.o
 .note.GNU-stack
                0x0000000000000000        0x0 binaries/fgetc.o
 .note.GNU-stack
                0x0000000000000000        0x0 binaries/fgets.o
 .note.GNU-stack
                0x0000000000000000        0x0 binaries/fprintf.o
 .note.GNU-stack
                0x0000000000000000        0x0 binaries/fputc.o
 .note.GNU-stack
                0x0000000000000000        0x0 binaries/fputs.o
 .note.GNU-stack
                0x0000000000000000        0x0 binaries/fscanf.o
 .note.GNU-stack
                0x0000000000000000        0x0 binaries/getchar.o
 .note.GNU-stack
                0x0000000000000000        0x0 binaries/labs.o
 .note.GNU-stack
                0x0000000000000000        0x0 binaries/memchr.o
 .note.GNU-stack
                0x0000000000000000        0x0 binaries/memcmp.o
 .note.GNU-stack
                0x0000000000000000        0x0 binaries/memcpy.o
 .note.GNU-stack
                0x0000000000000000        0x0 binaries/memset.o
 .note.GNU-stack
                0x0000000000000000        0x0 binaries/printf.o
 .note.GNU-stack
                0x0000000000000000        0x0 binaries/putchar.o
 .note.GNU-stack
                0x0000000000000000        0x0 binaries/qsort.o
 .note.GNU-stack
                0x0000000000000000        0x0 binaries/rand.o
 .note.GNU-stack
                0x0000000000000000        0x0 binaries/sprintf.o
 .note.GNU-stack
                0x0000000000000000        0x0 binaries/sscanf.o
 .note.GNU-stack
                0x0000000000000000        0x0 binaries/strchr.o
 .note.GNU-stack
                0x0000000000000000        0x0 binaries/strcmp.o
 .note.GNU-stack
                0x0000000000000000        0x0 binaries/strcpy.o
 .note.GNU-stack
                0x0000000000000000        0x0 binaries/strlen.o
 .note.GNU-stack
                0x0000000000000000        0x0 binaries/strncat.o
 .note.GNU-stack
                0x0000000000000000        0x0 binaries/strncmp.o
 .note.GNU-stack
                0x0000000000000000        0x0 binaries/strncpy.o
 .note.GNU-stack
                0x0000000000000000        0x0 binaries/strnlen.o
 .note.GNU-stack
                0x0000000000000000        0x0 binaries/strrchr.o
 .note.GNU-stack
                0x0000000000000000        0x0 binaries/strstr.o
 .note.GNU-stack
                0x0000000000000000        0x0 binaries/ttycontrol.o
 .note.GNU-stack
                0x0000000000000000        0x0 binaries/ttygetc.o
 .note.GNU-stack
                0x0000000000000000        0x0 binaries/ttyhandle_in.o
 .note.GNU-stack
                0x0000000000000000        0x0 binaries/ttyhandle_out.o
 .note.GNU-stack
                0x0000000000000000        0x0 binaries/ttyhandler.o
 .note.GNU-stack
                0x0000000000000000        0x0 binaries/ttyinit.o
 .note.GNU-stack
                0x0000000000000000        0x0 binaries/ttykickout.o
 .note.GNU-stack
                0x0000000000000000        0x0 binaries/ttyputc.o
 .note.GNU-stack
                0x0000000000000000        0x0 binaries/ttyread.o
 .note.GNU-stack
                0x0000000000000000        0x0 binaries/ttywrite.o
 .note.GNU-stack
                0x0000000000000000        0x0 binaries/mount.o
 .note.GNU-stack
                0x0000000000000000        0x0 binaries/naminit.o
 .note.GNU-stack
                0x0000000000000000        0x0 binaries/nammap.o
 .note.GNU-stack
                0x0000000000000000        0x0 binaries/namopen.o
 .note.GNU-stack
                0x0000000000000000        0x0 binaries/colon2mac.o
 .note.GNU-stack
                0x0000000000000000        0x0 binaries/ethcontrol.o
 .note.GNU-stack
                0x0000000000000000        0x0 binaries/ethhandler.o
 .note.GNU-stack
                0x0000000000000000        0x0 binaries/ethinit.o
 .note.GNU-stack
                0x0000000000000000        0x0 binaries/ethmcast.o
 .note.GNU-stack
                0x0000000000000000        0x0 binaries/ethread.o
 .note.GNU-stack
                0x0000000000000000        0x0 binaries/ethwrite.o
 .note.GNU-stack
                0x0000000000000000        0x0 binaries/rdsbufalloc.o
 .note.GNU-stack
                0x0000000000000000        0x0 binaries/rdsclose.o
 .note.GNU-stack
                0x0000000000000000        0x0 binaries/rdscomm.o
 .note.GNU-stack
                0x0000000000000000        0x0 binaries/rdscontrol.o
 .note.GNU-stack
                0x0000000000000000        0x0 binaries/rdsinit.o
 .note.GNU-stack
                0x0000000000000000        0x0 binaries/rdsopen.o
 .note.GNU-stack
                0x0000000000000000        0x0 binaries/rdsprocess.o
 .note.GNU-stack
                0x0000000000000000        0x0 binaries/rdsread.o
 .note.GNU-stack
                0x0000000000000000        0x0 binaries/rdswrite.o
 .note.GNU-stack
                0x0000000000000000        0x0 binaries/ramclose.o
 .note.GNU-stack
                0x0000000000000000        0x0 binaries/raminit.o
 .note.GNU-stack
                0x0000000000000000        0x0 binaries/ramopen.o
 .note.GNU-stack
                0x0000000000000000        0x0 binaries/ramread.o
 .note.GNU-stack
                0x0000000000000000        0x0 binaries/ramwrite.o
 .note.GNU-stack
                0x0000000000000000        0x0 binaries/lfdballoc.o
 .note.GNU-stack
                0x0000000000000000        0x0 binaries/lfdbfree.o
 .note.GNU-stack
                0x0000000000000000        0x0 binaries/lfflush.o
 .note.GNU-stack
                0x0000000000000000        0x0 binaries/lfgetmode.o
 .note.GNU-stack
                0x0000000000000000        0x0 binaries/lfiballoc.o
 .note.GNU-stack
                0x0000000000000000        0x0 binaries/lfibclear.o
 .note.GNU-stack
                0x0000000000000000        0x0 binaries/lfibget.o
 .note.GNU-stack
                0x0000000000000000        0x0 binaries/lfibput.o
 .note.GNU-stack
                0x0000000000000000        0x0 binaries/lflclose.o
 .note.GNU-stack
                0x0000000000000000        0x0 binaries/lflcontrol.o
 .note.GNU-stack
                0x0000000000000000        0x0 binaries/lflgetc.o
 .note.GNU-stack
                0x0000000000000000        0x0 binaries/lflinit.o
 .note.GNU-stack
                0x0000000000000000        0x0 binaries/lflputc.o
 .note.GNU-stack
                0x0000000000000000        0x0 binaries/lflread.o
 .note.GNU-stack
                0x0000000000000000        0x0 binaries/lflseek.o
 .note.GNU-stack
                0x0000000000000000        0x0 binaries/lflwrite.o
 .note.GNU-stack
                0x0000000000000000        0x0 binaries/lfsckfmt.o
 .note.GNU-stack
                0x0000000000000000        0x0 binaries/lfscreate.o
 .note.GNU-stack
                0x0000000000000000        0x0 binaries/lfsetup.o
 .note.GNU-stack
                0x0000000000000000        0x0 binaries/lfsinit.o
 .note.GNU-stack
                0x0000000000000000        0x0 binaries/lfsopen.o
 .note.GNU-stack
                0x0000000000000000        0x0 binaries/lftruncate.o
 .note.GNU-stack
                0x0000000000000000        0x0 binaries/rflclose.o
 .note.GNU-stack
                0x0000000000000000        0x0 binaries/rflgetc.o
 .note.GNU-stack
                0x0000000000000000        0x0 binaries/rflinit.o
 .note.GNU-stack
                0x0000000000000000        0x0 binaries/rflputc.o
 .note.GNU-stack
                0x0000000000000000        0x0 binaries/rflread.o
 .note.GNU-stack
                0x0000000000000000        0x0 binaries/rflseek.o
 .note.GNU-stack
                0x0000000000000000        0x0 binaries/rflwrite.o
 .note.GNU-stack
                0x0000000000000000        0x0 binaries/rfscomm.o
 .note.GNU-stack
                0x0000000000000000        0x0 binaries/rfscontrol.o
 .note.GNU-stack
                0x0000000000000000        0x0 binaries/rfsgetmode.o
 .note.GNU-stack
                0x0000000000000000        0x0 binaries/rfsinit.o
 .note.GNU-stack
                0x0000000000000000        0x0 binaries/rfsndmsg.o
 .note.GNU-stack
                0x0000000000000000        0x0 binaries/rfsopen.o
 .note.GNU-stack
                0x0000000000000000        0x0 binaries/arp.o
 .note.GNU-stack
                0x0000000000000000        0x0 binaries/dhcp.o
 .note.GNU-stack
                0x0000000000000000        0x0 binaries/dot2ip.o
 .note.GNU-stack
                0x0000000000000000        0x0 binaries/hexdump.o
 .note.GNU-stack
                0x0000000000000000        0x0 binaries/icmp.o
 .note.GNU-stack
                0x0000000000000000        0x0 binaries/ip.o
 .note.GNU-stack
                0x0000000000000000        0x0 binaries/net.o
 .note.GNU-stack
                0x0000000000000000        0x0 binaries/netstart.o
 .note.GNU-stack
                0x0000000000000000        0x0 binaries/pdump.o
 .note.GNU-stack
                0x0000000000000000        0x0 binaries/tftp.o
 .note.GNU-stack
                0x0000000000000000        0x0 binaries/udp.o
 .note.GNU-stack
                0x0000000000000000        0x0 binaries/addargs.o
 .note.GNU-stack
                0x0000000000000000        0x0 binaries/lexan.o
 .note.GNU-stack
                0x0000000000000000        0x0 binaries/shell.o
 .note.GNU-stack
                0x0000000000000000        0x0 binaries/xsh_argecho.o
 .note.GNU-stack
                0x0000000000000000        0x0 binaries/xsh_arp.o
 .note.GNU-stack
                0x0000000000000000        0x0 binaries/xsh_cat.o
 .note.GNU-stack
                0x0000000000000000        0x0 binaries/xsh_clear.o
 .note.GNU-stack
                0x0000000000000000        0x0 binaries/xsh_date.o
 .note.GNU-stack
                0x0000000000000000        0x0 binaries/xsh_devdump.o
 .note.GNU-stack
                0x0000000000000000        0x0 binaries/xsh_echo.o
 .note.GNU-stack
                0x0000000000000000        0x0 binaries/xsh_exit.o
 .note.GNU-stack
                0x0000000000000000        0x0 binaries/xsh_help.o
 .note.GNU-stack
                0x0000000000000000        0x0 binaries/xsh_ipaddr.o
 .note.GNU-stack
                0x0000000000000000        0x0 binaries/xsh_kill.o
 .note.GNU-stack
                0x0000000000000000        0x0 binaries/xsh_memdump.o
 .note.GNU-stack
                0x0000000000000000        0x0 binaries/xsh_memstat.o
 .note.GNU-stack
                0x0000000000000000        0x0 binaries/xsh_ping.o
 .note.GNU-stack
                0x0000000000000000        0x0 binaries/xsh_ps.o
 .note.GNU-stack
                0x0000000000000000        0x0 binaries/xsh_sleep.o
 .note.GNU-stack
                0x0000000000000000        0x0 binaries/xsh_udpdump.o
 .note.GNU-stack
                0x0000000000000000        0x0 binaries/xsh_udpecho.o
 .note.GNU-stack
                0x0000000000000000        0x0 binaries/xsh_udpeserver.o
 .note.GNU-stack
                0x0000000000000000        0x0 binaries/xsh_uptime.o
