
Allocating common symbols
Common symbol       size              file

netbufpool          0x4               binaries/net.o
readylist           0x2               binaries/ready.o
rfltab              0x5a0             binaries/rflinit.o
sleepq              0x2               binaries/clkinit.o
nnames              0x4               binaries/naminit.o
udptab              0x168             binaries/udp.o
minheap             0x4               binaries/meminit.o
marks               0x50              binaries/mark.o
currpid             0x4               binaries/initialize.o
Lf_data             0x20c             binaries/lfsinit.o
porttab             0x2d0             binaries/ptinit.o
girmask             0x2               binaries/evec.o
ttytab              0x10c             binaries/ttyinit.o
proctab             0x1770            binaries/initialize.o
prcount             0x4               binaries/initialize.o
lfltab              0xf00             binaries/lflinit.o
rdstab              0x8c              binaries/rdsinit.o
ethertab            0x138             binaries/ethinit.o
NetData             0xa8              binaries/net.o
nmarks              0x4               binaries/mark.o
Defer               0x8               binaries/resched.o
semtab              0x4b0             binaries/initialize.o
maxheap             0x4               binaries/meminit.o
preempt             0x4               binaries/clkinit.o
buftab              0xf0              binaries/bufinit.o
Rf_data             0x18              binaries/rfsinit.o
clktimefine         0x4               binaries/clkinit.o
mkmutex             0x4               binaries/mark.o
clktime             0x4               binaries/clkinit.o
arpcache            0x140             binaries/arp.o
icmptab             0x230             binaries/icmp.o
nbpools             0x4               binaries/bufinit.o
queuetab            0x980             binaries/queue.o
ptnextid            0x4               binaries/ptinit.o
Ram                 0x19000           binaries/raminit.o
ipoqueue            0x2c              binaries/ip.o
clktimeswitch       0x4               binaries/clkinit.o
memlist             0x8               binaries/initialize.o
nametab             0x19a0            binaries/naminit.o
ptfree              0x4               binaries/ptinit.o

Memory Configuration

Name             Origin             Length             Attributes
*default*        0x0000000000000000 0xffffffffffffffff

Linker script and memory map

                0x0000000000100000                physbase = 0x100000
                0x0000000000100000                . = physbase
                0x0000000000100000                . = ALIGN (0x1000)

.text           0x0000000000100000    0x14000
                0x0000000000100000                text = ABSOLUTE (.)
 *(.text .text.*)
 .text          0x0000000000100000      0x1ac binaries/start.o
                0x0000000000100028                start
                0x00000000001000fa                inb
                0x0000000000100102                inw
                0x000000000010010b                inl
                0x0000000000100113                outb
                0x000000000010011d                outw
                0x0000000000100128                outl
                0x0000000000100132                _rtcin
                0x000000000010013d                ___udivsi3
                0x0000000000100148                ___divsi3
                0x0000000000100154                sbzero
                0x0000000000100164                bcopy
                0x0000000000100178                insw
                0x000000000010018e                outsw
                0x00000000001001a4                lidt
 .text          0x00000000001001ac      0x2f6 binaries/ascdate.o
                0x00000000001001ac                ascdate
 .text          0x00000000001004a2       0x10 binaries/bufinit.o
                0x00000000001004a2                bufinit
 .text          0x00000000001004b2       0x6a binaries/chprio.o
                0x00000000001004b2                chprio
 .text          0x000000000010051c       0x79 binaries/clkhandler.o
                0x000000000010051c                clkhandler
 .text          0x0000000000100595       0x8a binaries/clkinit.o
                0x0000000000100595                clkinit
 .text          0x000000000010061f       0x4e binaries/close.o
                0x000000000010061f                close
 .text          0x000000000010066d        0x0 binaries/conf.o
 .text          0x000000000010066d       0x66 binaries/control.o
                0x000000000010066d                control
 .text          0x00000000001006d3      0x1ff binaries/create.o
                0x00000000001006d3                create
 .text          0x00000000001008d2      0x2b9 binaries/early_imr.o
                0x00000000001008d2                intel_cln_early_sb_read_reg
                0x0000000000100939                intel_cln_early_sb_write_reg
                0x0000000000100a49                remove_irm_protections
 .text          0x0000000000100b8b      0x376 binaries/evec.o
                0x0000000000100b8b                setirmask
                0x0000000000100bc9                set_evec
                0x0000000000100c26                initevec
                0x0000000000100d36                trap
 .text          0x0000000000100f01       0x67 binaries/freebuf.o
                0x0000000000100f01                freebuf
 .text          0x0000000000100f68       0xeb binaries/freemem.o
                0x0000000000100f68                freemem
 .text          0x0000000000101053       0x64 binaries/getbuf.o
                0x0000000000101053                getbuf
 .text          0x00000000001010b7       0x4e binaries/getc.o
                0x00000000001010b7                getc
 .text          0x0000000000101105       0x60 binaries/getdev.o
                0x0000000000101105                getdev
 .text          0x0000000000101165       0x83 binaries/getitem.o
                0x0000000000101165                getitem
                0x0000000000101191                getfirst
                0x00000000001011ba                getlast
 .text          0x00000000001011e8       0xb2 binaries/getmem.o
                0x00000000001011e8                getmem
 .text          0x000000000010129a        0x6 binaries/getpid.o
                0x000000000010129a                getpid
 .text          0x00000000001012a0       0x5c binaries/getprio.o
                0x00000000001012a0                getprio
 .text          0x00000000001012fc       0x9a binaries/getstk.o
                0x00000000001012fc                getstk
 .text          0x0000000000101396       0x34 binaries/gettime.o
                0x0000000000101396                gettime
 .text          0x00000000001013ca      0x1b8 binaries/getutime.o
                0x00000000001013ca                getutime
 .text          0x0000000000101582       0x4e binaries/init.o
                0x0000000000101582                init
 .text          0x00000000001015d0      0x2f0 binaries/initialize.o
                0x00000000001015d0                nulluser
                0x0000000000101878                stop
                0x000000000010189d                delay
 .text          0x00000000001018c0       0xa0 binaries/insert.o
                0x00000000001018c0                insert
 .text          0x0000000000101960       0xe9 binaries/insertd.o
                0x0000000000101960                insertd
 .text          0x0000000000101a49        0x6 binaries/ioerr.o
                0x0000000000101a49                ioerr
 .text          0x0000000000101a4f        0x6 binaries/ionull.o
                0x0000000000101a4f                ionull
 .text          0x0000000000101a55      0x13a binaries/kill.o
                0x0000000000101a55                kill
 .text          0x0000000000101b8f       0xb8 binaries/kprintf.o
                0x0000000000101b8f                kputc
                0x0000000000101bbe                console_init
                0x0000000000101bfd                kgetc
                0x0000000000101c1f                kprintf
 .text          0x0000000000101c47       0xb1 binaries/main.o
                0x0000000000101c47                main
 .text          0x0000000000101cf8       0x93 binaries/mark.o
                0x0000000000101cf8                markinit
                0x0000000000101d1a                mark
 .text          0x0000000000101d8b      0x1d1 binaries/meminit.o
                0x0000000000101d8b                meminit
                0x0000000000101ee5                setsegs
 .text          0x0000000000101f5c      0x117 binaries/mkbufpool.o
                0x0000000000101f5c                mkbufpool
 .text          0x0000000000102073       0x5e binaries/newqueue.o
                0x0000000000102073                newqueue
 .text          0x00000000001020d1       0x5e binaries/open.o
                0x00000000001020d1                open
 .text          0x000000000010212f       0x1e binaries/panic.o
                0x000000000010212f                panic
 .text          0x000000000010214d      0x26e binaries/pci.o
                0x000000000010214d                pci_init
                0x0000000000102153                find_pci_device
                0x0000000000102209                pci_read_config_byte
                0x0000000000102244                pci_read_config_word
                0x0000000000102281                pci_read_config_dword
                0x00000000001022bc                pci_write_config_byte
                0x00000000001022f5                pci_write_config_word
                0x000000000010232f                pci_write_config_dword
                0x0000000000102368                pci_get_dev_mmio_base_addr
 .text          0x00000000001023bb       0x59 binaries/platinit.o
                0x00000000001023bb                platinit
 .text          0x0000000000102414       0xa3 binaries/ptclear.o
                0x0000000000102414                _ptclear
 .text          0x00000000001024b7       0x6e binaries/ptcount.o
                0x00000000001024b7                ptcount
 .text          0x0000000000102525       0xc0 binaries/ptcreate.o
                0x0000000000102525                ptcreate
 .text          0x00000000001025e5       0x66 binaries/ptdelete.o
                0x00000000001025e5                ptdelete
 .text          0x000000000010264b       0x89 binaries/ptinit.o
                0x000000000010264b                ptinit
 .text          0x00000000001026d4       0xb5 binaries/ptrecv.o
                0x00000000001026d4                ptrecv
 .text          0x0000000000102789       0x60 binaries/ptreset.o
                0x0000000000102789                ptreset
 .text          0x00000000001027e9       0xd0 binaries/ptsend.o
                0x00000000001027e9                ptsend
 .text          0x00000000001028b9       0x5d binaries/putc.o
                0x00000000001028b9                putc
 .text          0x0000000000102916       0xd5 binaries/quark_irq.o
                0x0000000000102916                quark_irq_routing
 .text          0x00000000001029eb      0x1c9 binaries/quark_pdat.o
                0x00000000001029eb                get_quark_pdat_entry_data_by_id
                0x0000000000102acc                get_quark_pdat_entry_data_by_desc
 .text          0x0000000000102bb4       0xb3 binaries/queue.o
                0x0000000000102bb4                enqueue
                0x0000000000102c20                dequeue
 .text          0x0000000000102c67       0x5e binaries/read.o
                0x0000000000102c67                read
 .text          0x0000000000102cc5       0x6e binaries/ready.o
                0x0000000000102cc5                ready
 .text          0x0000000000102d33       0x51 binaries/receive.o
                0x0000000000102d33                receive
 .text          0x0000000000102d84       0x42 binaries/recvclr.o
                0x0000000000102d84                recvclr
 .text          0x0000000000102dc6       0x99 binaries/recvtime.o
                0x0000000000102dc6                recvtime
 .text          0x0000000000102e5f      0x14a binaries/resched.o
                0x0000000000102e5f                resched
                0x0000000000102f36                resched_cntl
 .text          0x0000000000102fa9       0x87 binaries/resume.o
                0x0000000000102fa9                resume
 .text          0x0000000000103030       0x56 binaries/seek.o
                0x0000000000103030                seek
 .text          0x0000000000103086       0x47 binaries/semcount.o
                0x0000000000103086                semcount
 .text          0x00000000001030cd       0x8d binaries/semcreate.o
                0x00000000001030cd                semcreate
 .text          0x000000000010315a       0xa8 binaries/semdelete.o
                0x000000000010315a                semdelete
 .text          0x0000000000103202       0x95 binaries/semreset.o
                0x0000000000103202                semreset
 .text          0x0000000000103297       0xb4 binaries/send.o
                0x0000000000103297                send
 .text          0x000000000010334b       0x7c binaries/signal.o
                0x000000000010334b                signal
 .text          0x00000000001033c7       0xa8 binaries/signaln.o
                0x00000000001033c7                signaln
 .text          0x000000000010346f       0xbc binaries/sleep.o
                0x000000000010346f                sleepms
                0x00000000001034f9                sleep
 .text          0x000000000010352b      0x179 binaries/stacktrace.o
                0x000000000010352b                stacktrace
 .text          0x00000000001036a4       0xb2 binaries/suspend.o
                0x00000000001036a4                suspend
 .text          0x0000000000103756       0xa8 binaries/unsleep.o
                0x0000000000103756                unsleep
 .text          0x00000000001037fe       0x14 binaries/userret.o
                0x00000000001037fe                userret
 .text          0x0000000000103812       0x9f binaries/wait.o
                0x0000000000103812                wait
 .text          0x00000000001038b1       0x71 binaries/wakeup.o
                0x00000000001038b1                wakeup
 .text          0x0000000000103922       0x5e binaries/write.o
                0x0000000000103922                write
 .text          0x0000000000103980       0x18 binaries/xdone.o
                0x0000000000103980                xdone
 .text          0x0000000000103998       0x22 binaries/yield.o
                0x0000000000103998                yield
 .text          0x00000000001039ba        0xe binaries/abs.o
                0x00000000001039ba                abs
 .text          0x00000000001039c8       0x70 binaries/atoi.o
                0x00000000001039c8                atoi
 .text          0x0000000000103a38       0x70 binaries/atol.o
                0x0000000000103a38                atol
 .text          0x0000000000103aa8       0x18 binaries/bzero.o
                0x0000000000103aa8                bzero
 .text          0x0000000000103ac0        0x0 binaries/ctype_.o
 .text          0x0000000000103ac0      0x716 binaries/doprnt.o
                0x0000000000103c0e                _doprnt
 .text          0x00000000001041d6      0x631 binaries/doscan.o
                0x00000000001041d6                _doscan
 .text          0x0000000000104807      0x70a binaries/fdoprnt.o
                0x0000000000104887                _fdoprnt
 .text          0x0000000000104f11       0x1c binaries/fgetc.o
                0x0000000000104f11                fgetc
 .text          0x0000000000104f2d       0x5e binaries/fgets.o
                0x0000000000104f2d                fgets
 .text          0x0000000000104f8b       0x30 binaries/fprintf.o
                0x0000000000104f8b                fprintf
 .text          0x0000000000104fbb       0x29 binaries/fputc.o
                0x0000000000104fbb                fputc
 .text          0x0000000000104fe4       0x3a binaries/fputs.o
                0x0000000000104fe4                fputs
 .text          0x000000000010501e       0x7a binaries/fscanf.o
                0x0000000000105055                fscanf
 .text          0x0000000000105098       0x27 binaries/getchar.o
                0x0000000000105098                getchar
 .text          0x00000000001050bf        0xe binaries/labs.o
                0x00000000001050bf                labs
 .text          0x00000000001050cd       0x32 binaries/memchr.o
                0x00000000001050cd                memchr
 .text          0x00000000001050ff       0x4a binaries/memcmp.o
                0x00000000001050ff                memcmp
 .text          0x0000000000105149       0x25 binaries/memcpy.o
                0x0000000000105149                memcpy
 .text          0x000000000010516e       0x1e binaries/memset.o
                0x000000000010516e                memset
 .text          0x000000000010518c       0x44 binaries/printf.o
                0x000000000010518c                printf
 .text          0x00000000001051d0       0x2f binaries/putchar.o
                0x00000000001051d0                putchar
 .text          0x00000000001051ff      0x1cb binaries/qsort.o
                0x000000000010539f                qsort
 .text          0x00000000001053ca       0x44 binaries/rand.o
                0x00000000001053ca                srand
                0x00000000001053d4                rand
 .text          0x000000000010540e       0x55 binaries/sprintf.o
                0x0000000000105425                sprintf
 .text          0x0000000000105463       0x6c binaries/sscanf.o
                0x000000000010548c                sscanf
 .text          0x00000000001054cf       0x33 binaries/strchr.o
                0x00000000001054cf                strchr
 .text          0x0000000000105502       0x43 binaries/strcmp.o
                0x0000000000105502                strcmp
 .text          0x0000000000105545       0x1a binaries/strcpy.o
                0x0000000000105545                strcpy
 .text          0x000000000010555f       0x1c binaries/strlen.o
                0x000000000010555f                strlen
 .text          0x000000000010557b       0x3b binaries/strncat.o
                0x000000000010557b                strncat
 .text          0x00000000001055b6       0x3a binaries/strncmp.o
                0x00000000001055b6                strncmp
 .text          0x00000000001055f0       0x58 binaries/strncpy.o
                0x00000000001055f0                strncpy
 .text          0x0000000000105648       0x2e binaries/strnlen.o
                0x0000000000105648                strnlen
 .text          0x0000000000105676       0x30 binaries/strrchr.o
                0x0000000000105676                strrchr
 .text          0x00000000001056a6       0x6e binaries/strstr.o
                0x00000000001056a6                strstr
 .text          0x0000000000105714       0xbb binaries/ttycontrol.o
                0x0000000000105714                ttycontrol
 .text          0x00000000001057cf       0x7b binaries/ttygetc.o
                0x00000000001057cf                ttygetc
 .text          0x000000000010584a      0x469 binaries/ttyhandle_in.o
                0x00000000001058ff                ttyhandle_in
 .text          0x0000000000105cb3      0x164 binaries/ttyhandle_out.o
                0x0000000000105cb3                ttyhandle_out
 .text          0x0000000000105e17       0x83 binaries/ttyhandler.o
                0x0000000000105e17                ttyhandler
 .text          0x0000000000105e9a      0x14e binaries/ttyinit.o
                0x0000000000105e9a                ttyinit
 .text          0x0000000000105fe8        0xc binaries/ttykickout.o
                0x0000000000105fe8                ttykickout
 .text          0x0000000000105ff4       0x93 binaries/ttyputc.o
                0x0000000000105ff4                ttyputc
 .text          0x0000000000106087       0xe2 binaries/ttyread.o
                0x0000000000106087                ttyread
 .text          0x0000000000106169       0x4d binaries/ttywrite.o
                0x0000000000106169                ttywrite
 .text          0x00000000001061b6      0x10d binaries/mount.o
                0x00000000001061b6                namlen
                0x00000000001061ee                mount
 .text          0x00000000001062c3      0x1d5 binaries/naminit.o
                0x00000000001062c3                naminit
 .text          0x0000000000106498      0x203 binaries/nammap.o
                0x0000000000106498                namrepl
                0x00000000001065ab                namcpy
                0x00000000001065f8                nammap
 .text          0x000000000010669b       0x58 binaries/namopen.o
                0x000000000010669b                namopen
 .text          0x00000000001066f3       0xd0 binaries/colon2mac.o
                0x00000000001066f3                colon2mac
 .text          0x00000000001067c3       0x7b binaries/ethcontrol.o
                0x00000000001067c3                ethcontrol
 .text          0x000000000010683e       0xfa binaries/ethhandler.o
                0x000000000010683e                ethhandler
 .text          0x0000000000106938      0x4cf binaries/ethinit.o
                0x0000000000106938                eth_phy_read
                0x0000000000106977                eth_phy_write
                0x00000000001069b9                eth_phy_reset
                0x0000000000106ab5                ethinit
 .text          0x0000000000106e07      0x11a binaries/ethmcast.o
                0x0000000000106e07                ethmcast_add
                0x0000000000106e5a                ethmcast_remove
 .text          0x0000000000106f21      0x156 binaries/ethread.o
                0x0000000000106f21                ethread
 .text          0x0000000000107077       0xa3 binaries/ethwrite.o
                0x0000000000107077                ethwrite
 .text          0x000000000010711a       0x62 binaries/rdsbufalloc.o
                0x000000000010711a                rdsbufalloc
 .text          0x000000000010717c       0x7f binaries/rdsclose.o
                0x000000000010717c                rdsclose
 .text          0x00000000001071fb      0x200 binaries/rdscomm.o
                0x00000000001071fb                rdscomm
 .text          0x00000000001073fb      0x194 binaries/rdscontrol.o
                0x00000000001073fb                rdscontrol
 .text          0x000000000010758f      0x17e binaries/rdsinit.o
                0x000000000010758f                rdsinit
 .text          0x000000000010770d      0x15f binaries/rdsopen.o
                0x000000000010770d                rdsopen
 .text          0x000000000010786c      0x2d8 binaries/rdsprocess.o
                0x000000000010786c                rdsprocess
 .text          0x0000000000107b44      0x18a binaries/rdsread.o
                0x0000000000107b44                rdsread
 .text          0x0000000000107cce      0x141 binaries/rdswrite.o
                0x0000000000107cce                rdswrite
 .text          0x0000000000107e0f        0x6 binaries/ramclose.o
                0x0000000000107e0f                ramclose
 .text          0x0000000000107e15       0x44 binaries/raminit.o
                0x0000000000107e15                raminit
 .text          0x0000000000107e59        0x7 binaries/ramopen.o
                0x0000000000107e59                ramopen
 .text          0x0000000000107e60       0x30 binaries/ramread.o
                0x0000000000107e60                ramread
 .text          0x0000000000107e90       0x30 binaries/ramwrite.o
                0x0000000000107e90                ramwrite
 .text          0x0000000000107ec0       0x91 binaries/lfdballoc.o
                0x0000000000107ec0                lfdballoc
 .text          0x0000000000107f51       0x5d binaries/lfdbfree.o
                0x0000000000107f51                lfdbfree
 .text          0x0000000000107fae       0xaa binaries/lfflush.o
                0x0000000000107fae                lfflush
 .text          0x0000000000108058       0x7a binaries/lfgetmode.o
                0x0000000000108058                lfgetmode
 .text          0x00000000001080d2       0x68 binaries/lfiballoc.o
                0x00000000001080d2                lfiballoc
 .text          0x000000000010813a       0x25 binaries/lfibclear.o
                0x000000000010813a                lfibclear
 .text          0x000000000010815f       0x7a binaries/lfibget.o
                0x000000000010815f                lfibget
 .text          0x00000000001081d9       0xa0 binaries/lfibput.o
                0x00000000001081d9                lfibput
 .text          0x0000000000108279       0x76 binaries/lflclose.o
                0x0000000000108279                lflclose
 .text          0x00000000001082ef       0xa2 binaries/lflcontrol.o
                0x00000000001082ef                lflcontrol
 .text          0x0000000000108391       0x9e binaries/lflgetc.o
                0x0000000000108391                lflgetc
 .text          0x000000000010842f       0xb8 binaries/lflinit.o
                0x000000000010842f                lflinit
 .text          0x00000000001084e7       0xba binaries/lflputc.o
                0x00000000001084e7                lflputc
 .text          0x00000000001085a1       0x6a binaries/lflread.o
                0x00000000001085a1                lflread
 .text          0x000000000010860b       0x82 binaries/lflseek.o
                0x000000000010860b                lflseek
 .text          0x000000000010868d       0x56 binaries/lflwrite.o
                0x000000000010868d                lflwrite
 .text          0x00000000001086e3      0x129 binaries/lfsckfmt.o
                0x00000000001086e3                lfsckfmt
 .text          0x000000000010880c      0x1d9 binaries/lfscreate.o
                0x000000000010880c                lfscreate
 .text          0x00000000001089e5      0x1aa binaries/lfsetup.o
                0x00000000001089e5                lfsetup
 .text          0x0000000000108b8f       0x51 binaries/lfsinit.o
                0x0000000000108b8f                lfsinit
 .text          0x0000000000108be0      0x2ad binaries/lfsopen.o
                0x0000000000108be0                lfsopen
 .text          0x0000000000108e8d      0x11c binaries/lftruncate.o
                0x0000000000108e8d                lftruncate
 .text          0x0000000000108fa9       0x5a binaries/rflclose.o
                0x0000000000108fa9                rflclose
 .text          0x0000000000109003       0x34 binaries/rflgetc.o
                0x0000000000109003                rflgetc
 .text          0x0000000000109037       0x4b binaries/rflinit.o
                0x0000000000109037                rflinit
 .text          0x0000000000109082       0x3a binaries/rflputc.o
                0x0000000000109082                rflputc
 .text          0x00000000001090bc      0x296 binaries/rflread.o
                0x00000000001090bc                rflread
 .text          0x0000000000109352       0x60 binaries/rflseek.o
                0x0000000000109352                rflseek
 .text          0x00000000001093b2      0x2b3 binaries/rflwrite.o
                0x00000000001093b2                rflwrite
 .text          0x0000000000109665      0x17f binaries/rfscomm.o
                0x0000000000109665                rfscomm
 .text          0x00000000001097e4      0x24a binaries/rfscontrol.o
                0x00000000001097e4                rfscontrol
 .text          0x0000000000109a2e       0x7a binaries/rfsgetmode.o
                0x0000000000109a2e                rfsgetmode
 .text          0x0000000000109aa8       0x76 binaries/rfsinit.o
                0x0000000000109aa8                rfsinit
 .text          0x0000000000109b1e       0xbb binaries/rfsndmsg.o
                0x0000000000109b1e                rfsndmsg
 .text          0x0000000000109bd9      0x229 binaries/rfsopen.o
                0x0000000000109bd9                rfsopen
 .text          0x0000000000109e02      0x64d binaries/arp.o
                0x0000000000109e02                arp_init
                0x0000000000109e1a                arp_alloc
                0x0000000000109eca                arp_ntoh
                0x0000000000109f34                arp_hton
                0x0000000000109f9e                arp_resolve
                0x000000000010a21d                arp_in
 .text          0x000000000010a44f      0x614 binaries/dhcp.o
                0x000000000010a44f                dhcp_get_opt_val
                0x000000000010a4a2                dhcp_bld_bootp_msg
                0x000000000010a5a2                dhcp_bld_disc
                0x000000000010a5f4                dhcp_bld_req
                0x000000000010a692                getlocalip
 .text          0x000000000010aa63       0xcb binaries/dot2ip.o
                0x000000000010aa63                dot2ip
 .text          0x000000000010ab2e      0x366 binaries/hexdump.o
                0x000000000010ab2e                hexdump
                0x000000000010ac5d                hexadump
 .text          0x000000000010ae94      0x5ef binaries/icmp.o
                0x000000000010ae94                icmp_init
                0x000000000010aeac                icmp_register
                0x000000000010af5e                icmp_recv
                0x000000000010b0b3                icmp_mkpkt
                0x000000000010b18d                icmp_in
                0x000000000010b2c5                icmp_send
                0x000000000010b341                icmp_release
                0x000000000010b3fd                icmp_cksum
                0x000000000010b45b                icmp_hton
                0x000000000010b46f                icmp_ntoh
 .text          0x000000000010b483      0x567 binaries/ip.o
                0x000000000010b483                ip_local
                0x000000000010b4b7                ipcksum
                0x000000000010b508                ip_ntoh
                0x000000000010b572                ip_in
                0x000000000010b667                ip_hton
                0x000000000010b6d1                ip_out
                0x000000000010b785                ip_send
                0x000000000010b882                ipout
                0x000000000010b95e                ip_enqueue
 .text          0x000000000010b9ea      0x1d3 binaries/net.o
                0x000000000010b9ea                net_init
                0x000000000010bb25                eth_hton
                0x000000000010bb2f                eth_ntoh
                0x000000000010bb39                netin
 .text          0x000000000010bbbd       0xd3 binaries/netstart.o
                0x000000000010bbbd                netstart
 .text          0x000000000010bc90      0xb3f binaries/pdump.o
                0x000000000010bc90                pdump
                0x000000000010c2fd                pdumph
 .text          0x000000000010c7cf      0x5db binaries/tftp.o
                0x000000000010c7cf                tftp_send1
                0x000000000010c902                tftpget_mb
                0x000000000010cd6d                tftpget
 .text          0x000000000010cdaa      0x7d8 binaries/udp.o
                0x000000000010cdaa                udp_init
                0x000000000010cde7                udp_in
                0x000000000010cea0                udp_register
                0x000000000010cf8e                udp_recv
                0x000000000010d0a5                udp_recvaddr
                0x000000000010d1d3                udp_send
                0x000000000010d34e                udp_sendto
                0x000000000010d49e                udp_release
                0x000000000010d55a                udp_ntoh
                0x000000000010d56e                udp_hton
 .text          0x000000000010d582      0x104 binaries/addargs.o
                0x000000000010d582                addargs
 .text          0x000000000010d686      0x1f8 binaries/lexan.o
                0x000000000010d686                lexan
 .text          0x000000000010d87e      0x63d binaries/shell.o
                0x000000000010d87e                shell
 .text          0x000000000010debb       0x5b binaries/xsh_argecho.o
                0x000000000010debb                xsh_argecho
 .text          0x000000000010df16      0x1d6 binaries/xsh_arp.o
                0x000000000010df16                xsh_arp
 .text          0x000000000010e0ec      0x219 binaries/xsh_cat.o
                0x000000000010e0ec                xsh_cat
 .text          0x000000000010e305       0x58 binaries/xsh_clear.o
                0x000000000010e305                xsh_clear
 .text          0x000000000010e35d      0x2bf binaries/xsh_date.o
                0x000000000010e35d                xsh_date
 .text          0x000000000010e61c       0x8f binaries/xsh_devdump.o
                0x000000000010e61c                xsh_devdump
 .text          0x000000000010e6ab       0x60 binaries/xsh_echo.o
                0x000000000010e6ab                xsh_echo
 .text          0x000000000010e70b        0x6 binaries/xsh_exit.o
                0x000000000010e70b                xsh_exit
 .text          0x000000000010e711      0x329 binaries/xsh_help.o
                0x000000000010e711                xsh_help
 .text          0x000000000010ea3a      0x42d binaries/xsh_ipaddr.o
                0x000000000010ea3a                xsh_ipaddr
 .text          0x000000000010ee67      0x1f9 binaries/xsh_kill.o
                0x000000000010ee67                xsh_kill
 .text          0x000000000010f060      0x3fb binaries/xsh_memdump.o
                0x000000000010f116                xsh_memdump
 .text          0x000000000010f45b      0x1fc binaries/xsh_memstat.o
                0x000000000010f45b                xsh_memstat
 .text          0x000000000010f657      0x320 binaries/xsh_ping.o
                0x000000000010f657                xsh_ping
 .text          0x000000000010f977      0x1fe binaries/xsh_ps.o
                0x000000000010f977                xsh_ps
 .text          0x000000000010fb75      0x1e8 binaries/xsh_sleep.o
                0x000000000010fb75                xsh_sleep
 .text          0x000000000010fd5d      0x22c binaries/xsh_udpdump.o
                0x000000000010fd5d                xsh_udpdump
 .text          0x000000000010ff89      0x44e binaries/xsh_udpecho.o
                0x000000000010ff89                xsh_udpecho
 .text          0x00000000001103d7      0x287 binaries/xsh_udpeserver.o
                0x00000000001103d7                xsh_udpeserver
 .text          0x000000000011065e      0x1c6 binaries/xsh_uptime.o
                0x000000000011065e                xsh_uptime
 .text          0x0000000000110824        0xe binaries/clkdisp.o
                0x0000000000110824                clkdisp
 .text          0x0000000000110832       0x19 binaries/ctxsw.o
                0x0000000000110832                ctxsw
 .text          0x000000000011084b      0x36b binaries/intr.o
                0x000000000011084b                disable
                0x0000000000110854                restore
                0x0000000000110862                enable
                0x0000000000110864                pause
                0x000000000011086b                halt
                0x0000000000110871                spurious_irq7
                0x0000000000110876                spurious_irq15
                0x0000000000110885                _Xint0
                0x0000000000110890                _Xint1
                0x000000000011089b                _Xint2
                0x00000000001108a6                _Xint3
                0x00000000001108b1                _Xint4
                0x00000000001108bc                _Xint5
                0x00000000001108c7                _Xint6
                0x00000000001108d2                _Xint7
                0x00000000001108dd                _Xint8
                0x00000000001108e8                _Xint9
                0x00000000001108f3                _Xint10
                0x00000000001108fe                _Xint11
                0x000000000011090c                _Xint12
                0x000000000011091a                _Xint13
                0x0000000000110928                _Xint14
                0x0000000000110936                _Xint15
                0x0000000000110944                _Xint16
                0x0000000000110952                _Xint17
                0x0000000000110960                _Xint18
                0x000000000011096e                _Xint19
                0x000000000011097c                _Xint20
                0x000000000011098a                _Xint21
                0x0000000000110998                _Xint22
                0x00000000001109a6                _Xint23
                0x00000000001109b4                _Xint24
                0x00000000001109c2                _Xint25
                0x00000000001109d0                _Xint26
                0x00000000001109de                _Xint27
                0x00000000001109ec                _Xint28
                0x00000000001109fa                _Xint29
                0x0000000000110a08                _Xint30
                0x0000000000110a16                _Xint31
                0x0000000000110a24                _Xint32
                0x0000000000110a32                _Xint33
                0x0000000000110a40                _Xint34
                0x0000000000110a4e                _Xint35
                0x0000000000110a5c                _Xint36
                0x0000000000110a6a                _Xint37
                0x0000000000110a78                _Xint38
                0x0000000000110a86                _Xint39
                0x0000000000110a94                _Xint40
                0x0000000000110aa2                _Xint41
                0x0000000000110ab0                _Xint42
                0x0000000000110abe                _Xint43
                0x0000000000110acc                _Xint44
                0x0000000000110ada                _Xint45
                0x0000000000110ae8                _Xint46
                0x0000000000110af6                defevec
 .text          0x0000000000110bb6        0xf binaries/ttydispatch.o
                0x0000000000110bb6                ttydispatch
 .text          0x0000000000110bc5       0x13 binaries/ethdispatch.o
                0x0000000000110bc5                ethdispatch
 *(.rodata .rodata.*)
 .rodata.str1.1
                0x0000000000110bd8       0x54 binaries/ascdate.o
 .rodata.str1.4
                0x0000000000110c2c       0x22 binaries/ascdate.o
 .rodata.str1.1
                0x0000000000110c4e       0x5f binaries/conf.o
 *fill*         0x0000000000110cad        0x3 
 .rodata.str1.4
                0x0000000000110cb0       0x4f binaries/early_imr.o
 .rodata        0x0000000000110cff       0x30 binaries/early_imr.o
 .rodata.str1.1
                0x0000000000110d2f      0x20c binaries/evec.o
 *fill*         0x0000000000110f3b        0x1 
 .rodata.str1.4
                0x0000000000110f3c       0x23 binaries/evec.o
 .rodata.str1.1
                0x0000000000110f5f        0xb binaries/getutime.o
 *fill*         0x0000000000110f6a        0x2 
 .rodata.str1.4
                0x0000000000110f6c       0x54 binaries/getutime.o
 .rodata.str1.1
                0x0000000000110fc0       0x96 binaries/initialize.o
                                         0x9a (size before relaxing)
 *fill*         0x0000000000111056        0x2 
 .rodata.str1.4
                0x0000000000111058      0x2f3 binaries/initialize.o
 *fill*         0x000000000011134b        0x1 
 .rodata        0x000000000011134c       0x20 binaries/kill.o
 .rodata.str1.1
                0x000000000011136c       0x1c binaries/main.o
 .rodata.str1.4
                0x0000000000111388       0x22 binaries/main.o
 *fill*         0x00000000001113aa        0x2 
 .rodata.str1.4
                0x00000000001113ac       0x23 binaries/meminit.o
 .rodata.str1.1
                0x00000000001113cf       0x1b binaries/meminit.o
 .rodata.str1.1
                0x00000000001113ea        0xf binaries/panic.o
 .rodata.str1.1
                0x00000000001113f9       0x1c binaries/ptinit.o
 *fill*         0x0000000000111415        0x3 
 .rodata.str1.4
                0x0000000000111418       0x25 binaries/ptsend.o
 .rodata.str1.1
                0x000000000011143d       0x22 binaries/quark_pdat.o
 *fill*         0x000000000011145f        0x1 
 .rodata.str1.4
                0x0000000000111460       0x63 binaries/stacktrace.o
 .rodata.str1.1
                0x00000000001114c3       0x52 binaries/stacktrace.o
 *fill*         0x0000000000111515        0x3 
 .rodata.str1.4
                0x0000000000111518       0x27 binaries/xdone.o
 *fill*         0x000000000011153f        0x1 
 .rodata        0x0000000000111540       0x81 binaries/ctype_.o
                0x0000000000111540                _ctype_
 .rodata.str1.1
                0x00000000001115c1       0x29 binaries/doprnt.o
 *fill*         0x00000000001115ea        0x2 
 .rodata        0x00000000001115ec       0xc4 binaries/doprnt.o
 .rodata        0x00000000001116b0       0x98 binaries/doscan.o
 .rodata.str1.1
                0x0000000000000000       0x29 binaries/fdoprnt.o
 .rodata        0x0000000000111748       0x84 binaries/fdoprnt.o
 .rodata        0x00000000001117cc       0x20 binaries/ttycontrol.o
 .rodata.str1.4
                0x00000000001117ec       0x4c binaries/naminit.o
 .rodata.str1.1
                0x0000000000111838       0x32 binaries/naminit.o
                                         0x35 (size before relaxing)
 .rodata.str1.1
                0x000000000011186a       0x15 binaries/ethinit.o
 *fill*         0x000000000011187f        0x1 
 .rodata.str1.4
                0x0000000000111880       0x2e binaries/ethinit.o
 *fill*         0x00000000001118ae        0x2 
 .rodata.str1.4
                0x00000000001118b0       0x2c binaries/rdsbufalloc.o
 .rodata.str1.4
                0x00000000001118dc       0x76 binaries/rdscomm.o
 *fill*         0x0000000000111952        0x2 
 .rodata.str1.4
                0x0000000000111954       0x48 binaries/rdscontrol.o
 .rodata.str1.4
                0x000000000011199c       0x7e binaries/rdsinit.o
 .rodata.str1.1
                0x0000000000111a1a       0x18 binaries/rdsinit.o
 *fill*         0x0000000000111a32        0x2 
 .rodata.str1.4
                0x0000000000111a34       0x22 binaries/rdsopen.o
 *fill*         0x0000000000111a56        0x2 
 .rodata.str1.4
                0x0000000000111a58       0x4d binaries/rdsprocess.o
 .rodata.str1.1
                0x0000000000111aa5        0x9 binaries/raminit.o
 .rodata.str1.1
                0x0000000000111aae       0x13 binaries/lfdballoc.o
 *fill*         0x0000000000111ac1        0x3 
 .rodata.str1.4
                0x0000000000111ac4       0x23 binaries/lfdballoc.o
 .rodata.str1.1
                0x0000000000111ae7       0x14 binaries/lfiballoc.o
 *fill*         0x0000000000111afb        0x1 
 .rodata.str1.4
                0x0000000000111afc       0x23 binaries/lflcontrol.o
 .rodata.str1.1
                0x0000000000111b1f       0x64 binaries/lfsckfmt.o
 *fill*         0x0000000000111b83        0x1 
 .rodata.str1.4
                0x0000000000111b84       0x51 binaries/lfsckfmt.o
 *fill*         0x0000000000111bd5        0x3 
 .rodata.str1.4
                0x0000000000111bd8       0x21 binaries/rflread.o
 .rodata.str1.4
                0x0000000000000000       0x21 binaries/rflwrite.o
 *fill*         0x0000000000111bf9        0x3 
 .rodata.str1.4
                0x0000000000111bfc       0x75 binaries/rfscomm.o
 *fill*         0x0000000000111c71        0x3 
 .rodata.str1.4
                0x0000000000111c74       0x23 binaries/rfscontrol.o
 *fill*         0x0000000000111c97        0x1 
 .rodata        0x0000000000111c98       0x18 binaries/rfscontrol.o
 .rodata.str1.1
                0x0000000000000000       0x10 binaries/rfsinit.o
 .rodata.str1.4
                0x0000000000111cb0       0x57 binaries/rfsinit.o
 *fill*         0x0000000000111d07        0x1 
 .rodata.str1.4
                0x0000000000111d08       0x2a binaries/rfsndmsg.o
 .rodata.str1.4
                0x0000000000000000       0x22 binaries/rfsopen.o
 .rodata.str1.1
                0x0000000000111d32       0x19 binaries/arp.o
 *fill*         0x0000000000111d4b        0x1 
 .rodata.str1.4
                0x0000000000111d4c       0x21 binaries/arp.o
 *fill*         0x0000000000111d6d        0x3 
 .rodata.str1.4
                0x0000000000111d70       0xa6 binaries/dhcp.o
 .rodata.str1.1
                0x0000000000111e16       0x4a binaries/dhcp.o
 .rodata.str1.1
                0x0000000000111e60       0x5a binaries/hexdump.o
                                         0x61 (size before relaxing)
 *fill*         0x0000000000111eba        0x2 
 .rodata.str1.4
                0x0000000000111ebc       0x67 binaries/hexdump.o
 *fill*         0x0000000000111f23        0x1 
 .rodata.str1.4
                0x0000000000111f24       0x29 binaries/icmp.o
 .rodata.str1.1
                0x0000000000111f4d       0x4e binaries/ip.o
 *fill*         0x0000000000111f9b        0x1 
 .rodata.str1.4
                0x0000000000111f9c       0x20 binaries/ip.o
 .rodata.str1.4
                0x0000000000111fbc       0x28 binaries/net.o
 .rodata.str1.1
                0x0000000000111fe4       0x27 binaries/net.o
 *fill*         0x000000000011200b        0x1 
 .rodata.str1.4
                0x000000000011200c       0xcf binaries/netstart.o
 .rodata.str1.1
                0x00000000001120db      0x141 binaries/pdump.o
                                        0x14b (size before relaxing)
 .rodata.str1.4
                0x000000000011221c      0x126 binaries/pdump.o
 *fill*         0x0000000000112342        0x2 
 .rodata.str1.4
                0x0000000000112344      0x148 binaries/tftp.o
 .rodata.str1.1
                0x000000000011248c        0x6 binaries/tftp.o
                                          0xa (size before relaxing)
 .rodata.str1.1
                0x0000000000112492       0xe3 binaries/shell.o
                                         0xff (size before relaxing)
 *fill*         0x0000000000112575        0x3 
 .rodata.str1.4
                0x0000000000112578      0x1c4 binaries/shell.o
 *fill*         0x000000000011273c        0x4 
 .rodata        0x0000000000112740       0xfc binaries/shell.o
                0x0000000000112740                cmdtab
 .rodata.str1.1
                0x000000000011283c       0x26 binaries/xsh_argecho.o
                                         0x28 (size before relaxing)
 .rodata.str1.1
                0x0000000000112862       0x70 binaries/xsh_arp.o
                                         0x72 (size before relaxing)
 *fill*         0x00000000001128d2        0x2 
 .rodata.str1.4
                0x00000000001128d4       0xb4 binaries/xsh_arp.o
 .rodata.str1.1
                0x0000000000112988       0x2d binaries/xsh_cat.o
                                         0x4f (size before relaxing)
 *fill*         0x00000000001129b5        0x3 
 .rodata.str1.4
                0x00000000001129b8       0x52 binaries/xsh_cat.o
                                         0x79 (size before relaxing)
 .rodata.str1.1
                0x0000000000112a0a       0x15 binaries/xsh_clear.o
 .rodata.str1.1
                0x0000000000112a1f       0x46 binaries/xsh_date.o
                                         0x5f (size before relaxing)
 *fill*         0x0000000000112a65        0x3 
 .rodata.str1.4
                0x0000000000112a68      0x163 binaries/xsh_date.o
 .rodata.str1.1
                0x0000000000112bcb       0x5d binaries/xsh_devdump.o
 .rodata.str1.1
                0x0000000000112c28        0x4 binaries/xsh_echo.o
                                          0x9 (size before relaxing)
 .rodata.str1.1
                0x0000000000112c2c       0x65 binaries/xsh_help.o
                                         0xa3 (size before relaxing)
 *fill*         0x0000000000112c91        0x3 
 .rodata.str1.4
                0x0000000000112c94       0x7c binaries/xsh_help.o
                                         0xc6 (size before relaxing)
 .rodata.str1.1
                0x0000000000112d10       0x9c binaries/xsh_ipaddr.o
                                         0xf8 (size before relaxing)
 .rodata.str1.4
                0x0000000000112dac       0x4d binaries/xsh_ipaddr.o
                                         0x99 (size before relaxing)
 .rodata.str1.1
                0x0000000000112df9       0x78 binaries/xsh_kill.o
                                         0x97 (size before relaxing)
 *fill*         0x0000000000112e71        0x3 
 .rodata.str1.4
                0x0000000000112e74       0x4a binaries/xsh_kill.o
                                         0x96 (size before relaxing)
 .rodata.str1.1
                0x0000000000112ebe       0x84 binaries/xsh_memdump.o
                                         0xa8 (size before relaxing)
 *fill*         0x0000000000112f42        0x2 
 .rodata.str1.4
                0x0000000000112f44      0x15a binaries/xsh_memdump.o
                                        0x1aa (size before relaxing)
 .rodata.str1.1
                0x000000000011309e       0x40 binaries/xsh_memstat.o
                                         0x79 (size before relaxing)
 *fill*         0x00000000001130de        0x2 
 .rodata.str1.4
                0x00000000001130e0      0x187 binaries/xsh_memstat.o
                                        0x1af (size before relaxing)
 .rodata.str1.1
                0x0000000000113267       0x90 binaries/xsh_ping.o
                                         0xaf (size before relaxing)
 *fill*         0x00000000001132f7        0x1 
 .rodata.str1.4
                0x00000000001132f8       0x77 binaries/xsh_ping.o
                                         0xc6 (size before relaxing)
 .rodata.str1.1
                0x000000000011336f       0x74 binaries/xsh_ps.o
                                         0xd5 (size before relaxing)
 *fill*         0x00000000001133e3        0x1 
 .rodata.str1.4
                0x00000000001133e4       0x80 binaries/xsh_ps.o
                                         0xd0 (size before relaxing)
 *fill*         0x0000000000113464       0x1c 
 .rodata        0x0000000000113480       0x20 binaries/xsh_ps.o
 .rodata.str1.1
                0x00000000001134a0       0x31 binaries/xsh_sleep.o
                                         0x72 (size before relaxing)
 *fill*         0x00000000001134d1        0x3 
 .rodata.str1.4
                0x00000000001134d4       0x2a binaries/xsh_sleep.o
                                         0x7a (size before relaxing)
 .rodata.str1.1
                0x00000000001134fe       0x6b binaries/xsh_udpdump.o
                                         0xd2 (size before relaxing)
 *fill*         0x0000000000113569        0x3 
 .rodata.str1.4
                0x000000000011356c       0x94 binaries/xsh_udpdump.o
                                         0xe4 (size before relaxing)
 .rodata.str1.1
                0x0000000000113600       0xdb binaries/xsh_udpecho.o
                                         0xfa (size before relaxing)
 *fill*         0x00000000001136db        0x1 
 .rodata.str1.4
                0x00000000001136dc       0xc7 binaries/xsh_udpecho.o
                                        0x116 (size before relaxing)
 .rodata.str1.1
                0x00000000001137a3       0x66 binaries/xsh_udpeserver.o
                                         0x8f (size before relaxing)
 *fill*         0x0000000000113809        0x3 
 .rodata.str1.4
                0x000000000011380c       0x29 binaries/xsh_udpeserver.o
                                         0x9f (size before relaxing)
 .rodata.str1.1
                0x0000000000113835       0x49 binaries/xsh_uptime.o
                                         0x8c (size before relaxing)
 *fill*         0x000000000011387e        0x2 
 .rodata.str1.4
                0x0000000000113880       0x28 binaries/xsh_uptime.o
                                         0x76 (size before relaxing)
                0x00000000001138a8                etext = ABSOLUTE (.)
                0x0000000000114000                . = ALIGN (0x1000)
 *fill*         0x00000000001138a8      0x758 

.eh_frame       0x0000000000114000     0x3168
 .eh_frame      0x0000000000114000       0x58 binaries/ascdate.o
 .eh_frame      0x0000000000114058       0x14 binaries/bufinit.o
                                         0x2c (size before relaxing)
 .eh_frame      0x000000000011406c       0x34 binaries/chprio.o
                                         0x4c (size before relaxing)
 .eh_frame      0x00000000001140a0       0x18 binaries/clkhandler.o
                                         0x30 (size before relaxing)
 .eh_frame      0x00000000001140b8       0x18 binaries/clkinit.o
                                         0x30 (size before relaxing)
 .eh_frame      0x00000000001140d0       0x2c binaries/close.o
                                         0x44 (size before relaxing)
 .eh_frame      0x00000000001140fc       0x2c binaries/control.o
                                         0x44 (size before relaxing)
 .eh_frame      0x0000000000114128       0x40 binaries/create.o
                                         0x58 (size before relaxing)
 .eh_frame      0x0000000000114168       0x98 binaries/early_imr.o
                                         0xb0 (size before relaxing)
 .eh_frame      0x0000000000114200       0x94 binaries/evec.o
                                         0xac (size before relaxing)
 .eh_frame      0x0000000000114294       0x2c binaries/freebuf.o
                                         0x44 (size before relaxing)
 .eh_frame      0x00000000001142c0       0x3c binaries/freemem.o
                                         0x54 (size before relaxing)
 .eh_frame      0x00000000001142fc       0x3c binaries/getbuf.o
                                         0x54 (size before relaxing)
 .eh_frame      0x0000000000114338       0x2c binaries/getc.o
                                         0x44 (size before relaxing)
 .eh_frame      0x0000000000114364       0x3c binaries/getdev.o
                                         0x54 (size before relaxing)
 .eh_frame      0x00000000001143a0       0x4c binaries/getitem.o
                                         0x64 (size before relaxing)
 .eh_frame      0x00000000001143ec       0x2c binaries/getmem.o
                                         0x44 (size before relaxing)
 .eh_frame      0x0000000000114418       0x14 binaries/getpid.o
                                         0x2c (size before relaxing)
 .eh_frame      0x000000000011442c       0x24 binaries/getprio.o
                                         0x3c (size before relaxing)
 .eh_frame      0x0000000000114450       0x3c binaries/getstk.o
                                         0x54 (size before relaxing)
 .eh_frame      0x000000000011448c       0x18 binaries/gettime.o
                                         0x30 (size before relaxing)
 .eh_frame      0x00000000001144a4       0x24 binaries/getutime.o
                                         0x3c (size before relaxing)
 .eh_frame      0x00000000001144c8       0x2c binaries/init.o
                                         0x44 (size before relaxing)
 .eh_frame      0x00000000001144f4       0x48 binaries/initialize.o
                                         0x60 (size before relaxing)
 .eh_frame      0x000000000011453c       0x24 binaries/insert.o
                                         0x3c (size before relaxing)
 .eh_frame      0x0000000000114560       0x38 binaries/insertd.o
                                         0x50 (size before relaxing)
 .eh_frame      0x0000000000114598       0x14 binaries/ioerr.o
                                         0x2c (size before relaxing)
 .eh_frame      0x00000000001145ac       0x14 binaries/ionull.o
                                         0x2c (size before relaxing)
 .eh_frame      0x00000000001145c0       0x40 binaries/kill.o
                                         0x58 (size before relaxing)
 .eh_frame      0x0000000000114600       0x58 binaries/kprintf.o
                                         0x70 (size before relaxing)
 .eh_frame      0x0000000000114658       0x1c binaries/main.o
                                         0x34 (size before relaxing)
 .eh_frame      0x0000000000114674       0x3c binaries/mark.o
                                         0x54 (size before relaxing)
 .eh_frame      0x00000000001146b0       0x58 binaries/meminit.o
                                         0x70 (size before relaxing)
 .eh_frame      0x0000000000114708       0x40 binaries/mkbufpool.o
                                         0x58 (size before relaxing)
 .eh_frame      0x0000000000114748       0x14 binaries/newqueue.o
                                         0x2c (size before relaxing)
 .eh_frame      0x000000000011475c       0x2c binaries/open.o
                                         0x44 (size before relaxing)
 .eh_frame      0x0000000000114788       0x14 binaries/panic.o
                                         0x2c (size before relaxing)
 .eh_frame      0x000000000011479c       0xe0 binaries/pci.o
                                         0xf8 (size before relaxing)
 .eh_frame      0x000000000011487c       0x18 binaries/platinit.o
                                         0x30 (size before relaxing)
 .eh_frame      0x0000000000114894       0x3c binaries/ptclear.o
                                         0x54 (size before relaxing)
 .eh_frame      0x00000000001148d0       0x34 binaries/ptcount.o
                                         0x4c (size before relaxing)
 .eh_frame      0x0000000000114904       0x3c binaries/ptcreate.o
                                         0x54 (size before relaxing)
 .eh_frame      0x0000000000114940       0x2c binaries/ptdelete.o
                                         0x44 (size before relaxing)
 .eh_frame      0x000000000011496c       0x2c binaries/ptinit.o
                                         0x44 (size before relaxing)
 .eh_frame      0x0000000000114998       0x3c binaries/ptrecv.o
                                         0x54 (size before relaxing)
 .eh_frame      0x00000000001149d4       0x2c binaries/ptreset.o
                                         0x44 (size before relaxing)
 .eh_frame      0x0000000000114a00       0x34 binaries/ptsend.o
                                         0x4c (size before relaxing)
 .eh_frame      0x0000000000114a34       0x34 binaries/putc.o
                                         0x4c (size before relaxing)
 .eh_frame      0x0000000000114a68       0x24 binaries/quark_irq.o
                                         0x3c (size before relaxing)
 .eh_frame      0x0000000000114a8c       0x60 binaries/quark_pdat.o
                                         0x78 (size before relaxing)
 .eh_frame      0x0000000000114aec       0x34 binaries/queue.o
                                         0x4c (size before relaxing)
 .eh_frame      0x0000000000114b20       0x2c binaries/read.o
                                         0x44 (size before relaxing)
 .eh_frame      0x0000000000114b4c       0x18 binaries/ready.o
                                         0x30 (size before relaxing)
 .eh_frame      0x0000000000114b64       0x34 binaries/receive.o
                                         0x4c (size before relaxing)
 .eh_frame      0x0000000000114b98       0x20 binaries/recvclr.o
                                         0x38 (size before relaxing)
 .eh_frame      0x0000000000114bb8       0x3c binaries/recvtime.o
                                         0x54 (size before relaxing)
 .eh_frame      0x0000000000114bf4       0x4c binaries/resched.o
                                         0x64 (size before relaxing)
 .eh_frame      0x0000000000114c40       0x34 binaries/resume.o
                                         0x4c (size before relaxing)
 .eh_frame      0x0000000000114c74       0x2c binaries/seek.o
                                         0x44 (size before relaxing)
 .eh_frame      0x0000000000114ca0       0x24 binaries/semcount.o
                                         0x3c (size before relaxing)
 .eh_frame      0x0000000000114cc4       0x3c binaries/semcreate.o
                                         0x54 (size before relaxing)
 .eh_frame      0x0000000000114d00       0x2c binaries/semdelete.o
                                         0x44 (size before relaxing)
 .eh_frame      0x0000000000114d2c       0x3c binaries/semreset.o
                                         0x54 (size before relaxing)
 .eh_frame      0x0000000000114d68       0x2c binaries/send.o
                                         0x44 (size before relaxing)
 .eh_frame      0x0000000000114d94       0x2c binaries/signal.o
                                         0x44 (size before relaxing)
 .eh_frame      0x0000000000114dc0       0x34 binaries/signaln.o
                                         0x4c (size before relaxing)
 .eh_frame      0x0000000000114df4       0x44 binaries/sleep.o
                                         0x5c (size before relaxing)
 .eh_frame      0x0000000000114e38       0x40 binaries/stacktrace.o
                                         0x58 (size before relaxing)
 .eh_frame      0x0000000000114e78       0x3c binaries/suspend.o
                                         0x54 (size before relaxing)
 .eh_frame      0x0000000000114eb4       0x2c binaries/unsleep.o
                                         0x44 (size before relaxing)
 .eh_frame      0x0000000000114ee0       0x18 binaries/userret.o
                                         0x30 (size before relaxing)
 .eh_frame      0x0000000000114ef8       0x34 binaries/wait.o
                                         0x4c (size before relaxing)
 .eh_frame      0x0000000000114f2c       0x18 binaries/wakeup.o
                                         0x30 (size before relaxing)
 .eh_frame      0x0000000000114f44       0x2c binaries/write.o
                                         0x44 (size before relaxing)
 .eh_frame      0x0000000000114f70       0x18 binaries/xdone.o
                                         0x30 (size before relaxing)
 .eh_frame      0x0000000000114f88       0x20 binaries/yield.o
                                         0x38 (size before relaxing)
 .eh_frame      0x0000000000114fa8       0x14 binaries/abs.o
                                         0x2c (size before relaxing)
 .eh_frame      0x0000000000114fbc       0x24 binaries/atoi.o
                                         0x3c (size before relaxing)
 .eh_frame      0x0000000000114fe0       0x24 binaries/atol.o
                                         0x3c (size before relaxing)
 .eh_frame      0x0000000000115004       0x14 binaries/bzero.o
                                         0x2c (size before relaxing)
 .eh_frame      0x0000000000115018       0xd4 binaries/doprnt.o
                                         0xec (size before relaxing)
 .eh_frame      0x00000000001150ec       0x40 binaries/doscan.o
                                         0x58 (size before relaxing)
 .eh_frame      0x000000000011512c       0x7c binaries/fdoprnt.o
                                         0x94 (size before relaxing)
 .eh_frame      0x00000000001151a8       0x18 binaries/fgetc.o
                                         0x30 (size before relaxing)
 .eh_frame      0x00000000001151c0       0x3c binaries/fgets.o
                                         0x54 (size before relaxing)
 .eh_frame      0x00000000001151fc       0x18 binaries/fprintf.o
                                         0x30 (size before relaxing)
 .eh_frame      0x0000000000115214       0x18 binaries/fputc.o
                                         0x30 (size before relaxing)
 .eh_frame      0x000000000011522c       0x2c binaries/fputs.o
                                         0x44 (size before relaxing)
 .eh_frame      0x0000000000115258       0x4c binaries/fscanf.o
                                         0x64 (size before relaxing)
 .eh_frame      0x00000000001152a4       0x18 binaries/getchar.o
                                         0x30 (size before relaxing)
 .eh_frame      0x00000000001152bc       0x14 binaries/labs.o
                                         0x2c (size before relaxing)
 .eh_frame      0x00000000001152d0       0x14 binaries/memchr.o
                                         0x2c (size before relaxing)
 .eh_frame      0x00000000001152e4       0x24 binaries/memcmp.o
                                         0x3c (size before relaxing)
 .eh_frame      0x0000000000115308       0x24 binaries/memcpy.o
                                         0x3c (size before relaxing)
 .eh_frame      0x000000000011532c       0x1c binaries/memset.o
                                         0x34 (size before relaxing)
 .eh_frame      0x0000000000115348       0x18 binaries/printf.o
                                         0x30 (size before relaxing)
 .eh_frame      0x0000000000115360       0x18 binaries/putchar.o
                                         0x30 (size before relaxing)
 .eh_frame      0x0000000000115378       0xa8 binaries/qsort.o
                                         0xc0 (size before relaxing)
 .eh_frame      0x0000000000115420       0x28 binaries/rand.o
                                         0x40 (size before relaxing)
 .eh_frame      0x0000000000115448       0x3c binaries/sprintf.o
                                         0x54 (size before relaxing)
 .eh_frame      0x0000000000115484       0x40 binaries/sscanf.o
                                         0x58 (size before relaxing)
 .eh_frame      0x00000000001154c4       0x1c binaries/strchr.o
                                         0x34 (size before relaxing)
 .eh_frame      0x00000000001154e0       0x1c binaries/strcmp.o
                                         0x34 (size before relaxing)
 .eh_frame      0x00000000001154fc       0x14 binaries/strcpy.o
                                         0x2c (size before relaxing)
 .eh_frame      0x0000000000115510       0x14 binaries/strlen.o
                                         0x2c (size before relaxing)
 .eh_frame      0x0000000000115524       0x2c binaries/strncat.o
                                         0x44 (size before relaxing)
 .eh_frame      0x0000000000115550       0x1c binaries/strncmp.o
                                         0x34 (size before relaxing)
 .eh_frame      0x000000000011556c       0x30 binaries/strncpy.o
                                         0x48 (size before relaxing)
 .eh_frame      0x000000000011559c       0x14 binaries/strnlen.o
                                         0x2c (size before relaxing)
 .eh_frame      0x00000000001155b0       0x1c binaries/strrchr.o
                                         0x34 (size before relaxing)
 .eh_frame      0x00000000001155cc       0x38 binaries/strstr.o
                                         0x50 (size before relaxing)
 .eh_frame      0x0000000000115604       0x2c binaries/ttycontrol.o
                                         0x44 (size before relaxing)
 .eh_frame      0x0000000000115630       0x2c binaries/ttygetc.o
                                         0x44 (size before relaxing)
 .eh_frame      0x000000000011565c       0x9c binaries/ttyhandle_in.o
                                         0xb4 (size before relaxing)
 .eh_frame      0x00000000001156f8       0x40 binaries/ttyhandle_out.o
                                         0x58 (size before relaxing)
 .eh_frame      0x0000000000115738       0x2c binaries/ttyhandler.o
                                         0x44 (size before relaxing)
 .eh_frame      0x0000000000115764       0x2c binaries/ttyinit.o
                                         0x44 (size before relaxing)
 .eh_frame      0x0000000000115790       0x14 binaries/ttykickout.o
                                         0x2c (size before relaxing)
 .eh_frame      0x00000000001157a4       0x34 binaries/ttyputc.o
                                         0x4c (size before relaxing)
 .eh_frame      0x00000000001157d8       0x3c binaries/ttyread.o
                                         0x54 (size before relaxing)
 .eh_frame      0x0000000000115814       0x34 binaries/ttywrite.o
                                         0x4c (size before relaxing)
 .eh_frame      0x0000000000115848       0x50 binaries/mount.o
                                         0x68 (size before relaxing)
 .eh_frame      0x0000000000115898       0x40 binaries/naminit.o
                                         0x58 (size before relaxing)
 .eh_frame      0x00000000001158d8       0xa4 binaries/nammap.o
                                         0xbc (size before relaxing)
 .eh_frame      0x000000000011597c       0x1c binaries/namopen.o
                                         0x34 (size before relaxing)
 .eh_frame      0x0000000000115998       0x3c binaries/colon2mac.o
                                         0x54 (size before relaxing)
 .eh_frame      0x00000000001159d4       0x18 binaries/ethcontrol.o
                                         0x30 (size before relaxing)
 .eh_frame      0x00000000001159ec       0x3c binaries/ethhandler.o
                                         0x54 (size before relaxing)
 .eh_frame      0x0000000000115a28       0x94 binaries/ethinit.o
                                         0xac (size before relaxing)
 .eh_frame      0x0000000000115abc       0x68 binaries/ethmcast.o
                                         0x80 (size before relaxing)
 .eh_frame      0x0000000000115b24       0x40 binaries/ethread.o
                                         0x58 (size before relaxing)
 .eh_frame      0x0000000000115b64       0x3c binaries/ethwrite.o
                                         0x54 (size before relaxing)
 .eh_frame      0x0000000000115ba0       0x24 binaries/rdsbufalloc.o
                                         0x3c (size before relaxing)
 .eh_frame      0x0000000000115bc4       0x30 binaries/rdsclose.o
                                         0x48 (size before relaxing)
 .eh_frame      0x0000000000115bf4       0x40 binaries/rdscomm.o
                                         0x58 (size before relaxing)
 .eh_frame      0x0000000000115c34       0x2c binaries/rdscontrol.o
                                         0x44 (size before relaxing)
 .eh_frame      0x0000000000115c60       0x40 binaries/rdsinit.o
                                         0x58 (size before relaxing)
 .eh_frame      0x0000000000115ca0       0x40 binaries/rdsopen.o
                                         0x58 (size before relaxing)
 .eh_frame      0x0000000000115ce0       0x2c binaries/rdsprocess.o
                                         0x44 (size before relaxing)
 .eh_frame      0x0000000000115d0c       0x40 binaries/rdsread.o
                                         0x58 (size before relaxing)
 .eh_frame      0x0000000000115d4c       0x34 binaries/rdswrite.o
                                         0x4c (size before relaxing)
 .eh_frame      0x0000000000115d80       0x14 binaries/ramclose.o
                                         0x2c (size before relaxing)
 .eh_frame      0x0000000000115d94       0x18 binaries/raminit.o
                                         0x30 (size before relaxing)
 .eh_frame      0x0000000000115dac       0x14 binaries/ramopen.o
                                         0x2c (size before relaxing)
 .eh_frame      0x0000000000115dc0       0x18 binaries/ramread.o
                                         0x30 (size before relaxing)
 .eh_frame      0x0000000000115dd8       0x18 binaries/ramwrite.o
                                         0x30 (size before relaxing)
 .eh_frame      0x0000000000115df0       0x2c binaries/lfdballoc.o
                                         0x44 (size before relaxing)
 .eh_frame      0x0000000000115e1c       0x24 binaries/lfdbfree.o
                                         0x3c (size before relaxing)
 .eh_frame      0x0000000000115e40       0x24 binaries/lfflush.o
                                         0x3c (size before relaxing)
 .eh_frame      0x0000000000115e64       0x14 binaries/lfgetmode.o
                                         0x2c (size before relaxing)
 .eh_frame      0x0000000000115e78       0x24 binaries/lfiballoc.o
                                         0x3c (size before relaxing)
 .eh_frame      0x0000000000115e9c       0x14 binaries/lfibclear.o
                                         0x2c (size before relaxing)
 .eh_frame      0x0000000000115eb0       0x40 binaries/lfibget.o
                                         0x58 (size before relaxing)
 .eh_frame      0x0000000000115ef0       0x40 binaries/lfibput.o
                                         0x58 (size before relaxing)
 .eh_frame      0x0000000000115f30       0x2c binaries/lflclose.o
                                         0x44 (size before relaxing)
 .eh_frame      0x0000000000115f5c       0x2c binaries/lflcontrol.o
                                         0x44 (size before relaxing)
 .eh_frame      0x0000000000115f88       0x2c binaries/lflgetc.o
                                         0x44 (size before relaxing)
 .eh_frame      0x0000000000115fb4       0x24 binaries/lflinit.o
                                         0x3c (size before relaxing)
 .eh_frame      0x0000000000115fd8       0x34 binaries/lflputc.o
                                         0x4c (size before relaxing)
 .eh_frame      0x000000000011600c       0x3c binaries/lflread.o
                                         0x54 (size before relaxing)
 .eh_frame      0x0000000000116048       0x34 binaries/lflseek.o
                                         0x4c (size before relaxing)
 .eh_frame      0x000000000011607c       0x3c binaries/lflwrite.o
                                         0x54 (size before relaxing)
 .eh_frame      0x00000000001160b8       0x40 binaries/lfsckfmt.o
                                         0x58 (size before relaxing)
 .eh_frame      0x00000000001160f8       0x40 binaries/lfscreate.o
                                         0x58 (size before relaxing)
 .eh_frame      0x0000000000116138       0x40 binaries/lfsetup.o
                                         0x58 (size before relaxing)
 .eh_frame      0x0000000000116178       0x18 binaries/lfsinit.o
                                         0x30 (size before relaxing)
 .eh_frame      0x0000000000116190       0x40 binaries/lfsopen.o
                                         0x58 (size before relaxing)
 .eh_frame      0x00000000001161d0       0x40 binaries/lftruncate.o
                                         0x58 (size before relaxing)
 .eh_frame      0x0000000000116210       0x18 binaries/rflclose.o
                                         0x30 (size before relaxing)
 .eh_frame      0x0000000000116228       0x18 binaries/rflgetc.o
                                         0x30 (size before relaxing)
 .eh_frame      0x0000000000116240       0x14 binaries/rflinit.o
                                         0x2c (size before relaxing)
 .eh_frame      0x0000000000116254       0x18 binaries/rflputc.o
                                         0x30 (size before relaxing)
 .eh_frame      0x000000000011626c       0x40 binaries/rflread.o
                                         0x58 (size before relaxing)
 .eh_frame      0x00000000001162ac       0x18 binaries/rflseek.o
                                         0x30 (size before relaxing)
 .eh_frame      0x00000000001162c4       0x40 binaries/rflwrite.o
                                         0x58 (size before relaxing)
 .eh_frame      0x0000000000116304       0x40 binaries/rfscomm.o
                                         0x58 (size before relaxing)
 .eh_frame      0x0000000000116344       0x2c binaries/rfscontrol.o
                                         0x44 (size before relaxing)
 .eh_frame      0x0000000000116370       0x14 binaries/rfsgetmode.o
                                         0x2c (size before relaxing)
 .eh_frame      0x0000000000116384       0x18 binaries/rfsinit.o
                                         0x30 (size before relaxing)
 .eh_frame      0x000000000011639c       0x1c binaries/rfsndmsg.o
                                         0x34 (size before relaxing)
 .eh_frame      0x00000000001163b8       0x2c binaries/rfsopen.o
                                         0x44 (size before relaxing)
 .eh_frame      0x00000000001163e4       0xf0 binaries/arp.o
                                        0x108 (size before relaxing)
 .eh_frame      0x00000000001164d4       0xec binaries/dhcp.o
                                        0x104 (size before relaxing)
 .eh_frame      0x00000000001165c0       0x38 binaries/dot2ip.o
                                         0x50 (size before relaxing)
 .eh_frame      0x00000000001165f8       0x74 binaries/hexdump.o
                                         0x8c (size before relaxing)
 .eh_frame      0x000000000011666c      0x1b8 binaries/icmp.o
                                        0x1d0 (size before relaxing)
 .eh_frame      0x0000000000116824      0x130 binaries/ip.o
                                        0x148 (size before relaxing)
 .eh_frame      0x0000000000116954       0x60 binaries/net.o
                                         0x78 (size before relaxing)
 .eh_frame      0x00000000001169b4       0x24 binaries/netstart.o
                                         0x3c (size before relaxing)
 .eh_frame      0x00000000001169d8       0x48 binaries/pdump.o
                                         0x60 (size before relaxing)
 .eh_frame      0x0000000000116a20       0x98 binaries/tftp.o
                                         0xb0 (size before relaxing)
 .eh_frame      0x0000000000116ab8      0x1e8 binaries/udp.o
                                        0x200 (size before relaxing)
 .eh_frame      0x0000000000116ca0       0x3c binaries/addargs.o
                                         0x54 (size before relaxing)
 .eh_frame      0x0000000000116cdc       0x38 binaries/lexan.o
                                         0x50 (size before relaxing)
 .eh_frame      0x0000000000116d14       0x40 binaries/shell.o
                                         0x58 (size before relaxing)
 .eh_frame      0x0000000000116d54       0x34 binaries/xsh_argecho.o
                                         0x4c (size before relaxing)
 .eh_frame      0x0000000000116d88       0x40 binaries/xsh_arp.o
                                         0x58 (size before relaxing)
 .eh_frame      0x0000000000116dc8       0x40 binaries/xsh_cat.o
                                         0x58 (size before relaxing)
 .eh_frame      0x0000000000116e08       0x18 binaries/xsh_clear.o
                                         0x30 (size before relaxing)
 .eh_frame      0x0000000000116e20       0x24 binaries/xsh_date.o
                                         0x3c (size before relaxing)
 .eh_frame      0x0000000000116e44       0x2c binaries/xsh_devdump.o
                                         0x44 (size before relaxing)
 .eh_frame      0x0000000000116e70       0x34 binaries/xsh_echo.o
                                         0x4c (size before relaxing)
 .eh_frame      0x0000000000116ea4       0x14 binaries/xsh_exit.o
                                         0x2c (size before relaxing)
[...]
 .comment       0x0000000000000000       0x2b binaries/dot2ip.o
 .comment       0x0000000000000000       0x2b binaries/hexdump.o
 .comment       0x0000000000000000       0x2b binaries/icmp.o
 .comment       0x0000000000000000       0x2b binaries/ip.o
 .comment       0x0000000000000000       0x2b binaries/net.o
 .comment       0x0000000000000000       0x2b binaries/netstart.o
 .comment       0x0000000000000000       0x2b binaries/pdump.o
 .comment       0x0000000000000000       0x2b binaries/tftp.o
 .comment       0x0000000000000000       0x2b binaries/udp.o
 .comment       0x0000000000000000       0x2b binaries/addargs.o
 .comment       0x0000000000000000       0x2b binaries/lexan.o
 .comment       0x0000000000000000       0x2b binaries/shell.o
 .comment       0x0000000000000000       0x2b binaries/xsh_argecho.o
 .comment       0x0000000000000000       0x2b binaries/xsh_arp.o
 .comment       0x0000000000000000       0x2b binaries/xsh_cat.o
 .comment       0x0000000000000000       0x2b binaries/xsh_clear.o
 .comment       0x0000000000000000       0x2b binaries/xsh_date.o
 .comment       0x0000000000000000       0x2b binaries/xsh_devdump.o
 .comment       0x0000000000000000       0x2b binaries/xsh_echo.o
 .comment       0x0000000000000000       0x2b binaries/xsh_exit.o
 .comment       0x0000000000000000       0x2b binaries/xsh_help.o
 .comment       0x0000000000000000       0x2b binaries/xsh_ipaddr.o
 .comment       0x0000000000000000       0x2b binaries/xsh_kill.o
 .comment       0x0000000000000000       0x2b binaries/xsh_memdump.o
 .comment       0x0000000000000000       0x2b binaries/xsh_memstat.o
 .comment       0x0000000000000000       0x2b binaries/xsh_ping.o
 .comment       0x0000000000000000       0x2b binaries/xsh_ps.o
 .comment       0x0000000000000000       0x2b binaries/xsh_sleep.o
 .comment       0x0000000000000000       0x2b binaries/xsh_udpdump.o
 .comment       0x0000000000000000       0x2b binaries/xsh_udpecho.o
 .comment       0x0000000000000000       0x2b binaries/xsh_udpeserver.o
 .comment       0x0000000000000000       0x2b binaries/xsh_uptime.o

.note.GNU-stack
                0x0000000000000000        0x0
 .note.GNU-stack
                0x0000000000000000        0x0 binaries/ascdate.o
 .note.GNU-stack
                0x0000000000000000        0x0 binaries/bufinit.o
 .note.GNU-stack
                0x0000000000000000        0x0 binaries/chprio.o
 .note.GNU-stack
                0x0000000000000000        0x0 binaries/clkhandler.o
 .note.GNU-stack
                0x0000000000000000        0x0 binaries/clkinit.o
 .note.GNU-stack
                0x0000000000000000        0x0 binaries/close.o
 .note.GNU-stack
                0x0000000000000000        0x0 binaries/conf.o
 .note.GNU-stack
                0x0000000000000000        0x0 binaries/control.o
 .note.GNU-stack
                0x0000000000000000        0x0 binaries/create.o
 .note.GNU-stack
                0x0000000000000000        0x0 binaries/early_imr.o
 .note.GNU-stack
                0x0000000000000000        0x0 binaries/evec.o
 .note.GNU-stack
                0x0000000000000000        0x0 binaries/freebuf.o
 .note.GNU-stack
                0x0000000000000000        0x0 binaries/freemem.o
 .note.GNU-stack
                0x0000000000000000        0x0 binaries/getbuf.o
 .note.GNU-stack
                0x0000000000000000        0x0 binaries/getc.o
 .note.GNU-stack
                0x0000000000000000        0x0 binaries/getdev.o
 .note.GNU-stack
                0x0000000000000000        0x0 binaries/getitem.o
 .note.GNU-stack
                0x0000000000000000        0x0 binaries/getmem.o
 .note.GNU-stack
                0x0000000000000000        0x0 binaries/getpid.o
 .note.GNU-stack
                0x0000000000000000        0x0 binaries/getprio.o
 .note.GNU-stack
                0x0000000000000000        0x0 binaries/getstk.o
 .note.GNU-stack
                0x0000000000000000        0x0 binaries/gettime.o
 .note.GNU-stack
                0x0000000000000000        0x0 binaries/getutime.o
 .note.GNU-stack
                0x0000000000000000        0x0 binaries/init.o
 .note.GNU-stack
                0x0000000000000000        0x0 binaries/initialize.o
 .note.GNU-stack
                0x0000000000000000        0x0 binaries/insert.o
 .note.GNU-stack
                0x0000000000000000        0x0 binaries/insertd.o
 .note.GNU-stack
                0x0000000000000000        0x0 binaries/ioerr.o
 .note.GNU-stack
                0x0000000000000000        0x0 binaries/ionull.o
 .note.GNU-stack
                0x0000000000000000        0x0 binaries/kill.o
 .note.GNU-stack
                0x0000000000000000        0x0 binaries/kprintf.o
 .note.GNU-stack
                0x0000000000000000        0x0 binaries/main.o
 .note.GNU-stack
                0x0000000000000000        0x0 binaries/mark.o
 .note.GNU-stack
                0x0000000000000000        0x0 binaries/meminit.o
 .note.GNU-stack
                0x0000000000000000        0x0 binaries/mkbufpool.o
 .note.GNU-stack
                0x0000000000000000        0x0 binaries/newqueue.o
 .note.GNU-stack
                0x0000000000000000        0x0 binaries/open.o
 .note.GNU-stack
                0x0000000000000000        0x0 binaries/panic.o
 .note.GNU-stack
                0x0000000000000000        0x0 binaries/pci.o
 .note.GNU-stack
                0x0000000000000000        0x0 binaries/platinit.o
 .note.GNU-stack
                0x0000000000000000        0x0 binaries/ptclear.o
 .note.GNU-stack
                0x0000000000000000        0x0 binaries/ptcount.o
 .note.GNU-stack
                0x0000000000000000        0x0 binaries/ptcreate.o
 .note.GNU-stack
                0x0000000000000000        0x0 binaries/ptdelete.o
 .note.GNU-stack
                0x0000000000000000        0x0 binaries/ptinit.o
 .note.GNU-stack
                0x0000000000000000        0x0 binaries/ptrecv.o
 .note.GNU-stack
                0x0000000000000000        0x0 binaries/ptreset.o
 .note.GNU-stack
                0x0000000000000000        0x0 binaries/ptsend.o
 .note.GNU-stack
                0x0000000000000000        0x0 binaries/putc.o
 .note.GNU-stack
                0x0000000000000000        0x0 binaries/quark_irq.o
 .note.GNU-stack
                0x0000000000000000        0x0 binaries/quark_pdat.o
 .note.GNU-stack
                0x0000000000000000        0x0 binaries/queue.o
 .note.GNU-stack
                0x0000000000000000        0x0 binaries/read.o
 .note.GNU-stack
                0x0000000000000000        0x0 binaries/ready.o
 .note.GNU-stack
                0x0000000000000000        0x0 binaries/receive.o
 .note.GNU-stack
                0x0000000000000000        0x0 binaries/recvclr.o
 .note.GNU-stack
                0x0000000000000000        0x0 binaries/recvtime.o
 .note.GNU-stack
                0x0000000000000000        0x0 binaries/resched.o
 .note.GNU-stack
                0x0000000000000000        0x0 binaries/resume.o
 .note.GNU-stack
                0x0000000000000000        0x0 binaries/seek.o
 .note.GNU-stack
                0x0000000000000000        0x0 binaries/semcount.o
 .note.GNU-stack
                0x0000000000000000        0x0 binaries/semcreate.o
 .note.GNU-stack
                0x0000000000000000        0x0 binaries/semdelete.o
 .note.GNU-stack
                0x0000000000000000        0x0 binaries/semreset.o
 .note.GNU-stack
                0x0000000000000000        0x0 binaries/send.o
 .note.GNU-stack
                0x0000000000000000        0x0 binaries/signal.o
 .note.GNU-stack
                0x0000000000000000        0x0 binaries/signaln.o
 .note.GNU-stack
                0x0000000000000000        0x0 binaries/sleep.o
 .note.GNU-stack
                0x0000000000000000        0x0 binaries/stacktrace.o
 .note.GNU-stack
                0x0000000000000000        0x0 binaries/suspend.o
 .note.GNU-stack
                0x0000000000000000        0x0 binaries/unsleep.o
 .note.GNU-stack
                0x0000000000000000        0x0 binaries/userret.o
 .note.GNU-stack
                0x0000000000000000        0x0 binaries/wait.o
 .note.GNU-stack
                0x0000000000000000        0x0 binaries/wakeup.o
 .note.GNU-stack
                0x0000000000000000        0x0 binaries/write.o
 .note.GNU-stack
                0x0000000000000000        0x0 binaries/xdone.o
 .note.GNU-stack
                0x0000000000000000        0x0 binaries/yield.o
 .note.GNU-stack
                0x0000000000000000        0x0 binaries/abs.o
 .note.GNU-stack
                0x0000000000000000        0x0 binaries/atoi.o
 .note.GNU-stack
                0x0000000000000000        0x0 binaries/atol.o
 .note.GNU-stack
                0x0000000000000000        0x0 binaries/bzero.o
 .note.GNU-stack
                0x0000000000000000        0x0 binaries/ctype_.o
 .note.GNU-stack
                0x0000000000000000        0x0 binaries/doprnt.o
 .note.GNU-stack
                0x0000000000000000        0x0 binaries/doscan.o
 .note.GNU-stack
                0x0000000000000000        0x0 binaries/fdoprnt.o
 .note.GNU-stack
                0x0000000000000000        0x0 binaries/fgetc.o
 .note.GNU-stack
                0x0000000000000000        0x0 binaries/fgets.o
 .note.GNU-stack
                0x0000000000000000        0x0 binaries/fprintf.o
 .note.GNU-stack
                0x0000000000000000        0x0 binaries/fputc.o
 .note.GNU-stack
                0x0000000000000000        0x0 binaries/fputs.o
 .note.GNU-stack
                0x0000000000000000        0x0 binaries/fscanf.o
 .note.GNU-stack
                0x0000000000000000        0x0 binaries/getchar.o
 .note.GNU-stack
                0x0000000000000000        0x0 binaries/labs.o
 .note.GNU-stack
                0x0000000000000000        0x0 binaries/memchr.o
 .note.GNU-stack
                0x0000000000000000        0x0 binaries/memcmp.o
 .note.GNU-stack
                0x0000000000000000        0x0 binaries/memcpy.o
 .note.GNU-stack
                0x0000000000000000        0x0 binaries/memset.o
 .note.GNU-stack
                0x0000000000000000        0x0 binaries/printf.o
 .note.GNU-stack
                0x0000000000000000        0x0 binaries/putchar.o
 .note.GNU-stack
                0x0000000000000000        0x0 binaries/qsort.o
 .note.GNU-stack
                0x0000000000000000        0x0 binaries/rand.o
 .note.GNU-stack
                0x0000000000000000        0x0 binaries/sprintf.o
 .note.GNU-stack
                0x0000000000000000        0x0 binaries/sscanf.o
 .note.GNU-stack
                0x0000000000000000        0x0 binaries/strchr.o
 .note.GNU-stack
                0x0000000000000000        0x0 binaries/strcmp.o
 .note.GNU-stack
                0x0000000000000000        0x0 binaries/strcpy.o
 .note.GNU-stack
                0x0000000000000000        0x0 binaries/strlen.o
 .note.GNU-stack
                0x0000000000000000        0x0 binaries/strncat.o
 .note.GNU-stack
                0x0000000000000000        0x0 binaries/strncmp.o
 .note.GNU-stack
                0x0000000000000000        0x0 binaries/strncpy.o
 .note.GNU-stack
                0x0000000000000000        0x0 binaries/strnlen.o
 .note.GNU-stack
                0x0000000000000000        0x0 binaries/strrchr.o
 .note.GNU-stack
                0x0000000000000000        0x0 binaries/strstr.o
 .note.GNU-stack
                0x0000000000000000        0x0 binaries/ttycontrol.o
 .note.GNU-stack
                0x0000000000000000        0x0 binaries/ttygetc.o
 .note.GNU-stack
                0x0000000000000000        0x0 binaries/ttyhandle_in.o
 .note.GNU-stack
                0x0000000000000000        0x0 binaries/ttyhandle_out.o
 .note.GNU-stack
                0x0000000000000000        0x0 binaries/ttyhandler.o
 .note.GNU-stack
                0x0000000000000000        0x0 binaries/ttyinit.o
 .note.GNU-stack
                0x0000000000000000        0x0 binaries/ttykickout.o
 .note.GNU-stack
                0x0000000000000000        0x0 binaries/ttyputc.o
 .note.GNU-stack
                0x0000000000000000        0x0 binaries/ttyread.o
 .note.GNU-stack
                0x0000000000000000        0x0 binaries/ttywrite.o
 .note.GNU-stack
                0x0000000000000000        0x0 binaries/mount.o
 .note.GNU-stack
                0x0000000000000000        0x0 binaries/naminit.o
 .note.GNU-stack
                0x0000000000000000        0x0 binaries/nammap.o
 .note.GNU-stack
                0x0000000000000000        0x0 binaries/namopen.o
 .note.GNU-stack
                0x0000000000000000        0x0 binaries/colon2mac.o
 .note.GNU-stack
                0x0000000000000000        0x0 binaries/ethcontrol.o
 .note.GNU-stack
                0x0000000000000000        0x0 binaries/ethhandler.o
 .note.GNU-stack
                0x0000000000000000        0x0 binaries/ethinit.o
 .note.GNU-stack
                0x0000000000000000        0x0 binaries/ethmcast.o
 .note.GNU-stack
                0x0000000000000000        0x0 binaries/ethread.o
 .note.GNU-stack
                0x0000000000000000        0x0 binaries/ethwrite.o
 .note.GNU-stack
                0x0000000000000000        0x0 binaries/rdsbufalloc.o
 .note.GNU-stack
                0x0000000000000000        0x0 binaries/rdsclose.o
 .note.GNU-stack
                0x0000000000000000        0x0 binaries/rdscomm.o
 .note.GNU-stack
                0x0000000000000000        0x0 binaries/rdscontrol.o
 .note.GNU-stack
                0x0000000000000000        0x0 binaries/rdsinit.o
 .note.GNU-stack
                0x0000000000000000        0x0 binaries/rdsopen.o
 .note.GNU-stack
                0x0000000000000000        0x0 binaries/rdsprocess.o
 .note.GNU-stack
                0x0000000000000000        0x0 binaries/rdsread.o
 .note.GNU-stack
                0x0000000000000000        0x0 binaries/rdswrite.o
 .note.GNU-stack
                0x0000000000000000        0x0 binaries/ramclose.o
 .note.GNU-stack
                0x0000000000000000        0x0 binaries/raminit.o
 .note.GNU-stack
                0x0000000000000000        0x0 binaries/ramopen.o
 .note.GNU-stack
                0x0000000000000000        0x0 binaries/ramread.o
 .note.GNU-stack
                0x0000000000000000        0x0 binaries/ramwrite.o
 .note.GNU-stack
                0x0000000000000000        0x0 binaries/lfdballoc.o
 .note.GNU-stack
                0x0000000000000000        0x0 binaries/lfdbfree.o
 .note.GNU-stack
                0x0000000000000000        0x0 binaries/lfflush.o
 .note.GNU-stack
                0x0000000000000000        0x0 binaries/lfgetmode.o
 .note.GNU-stack
                0x0000000000000000        0x0 binaries/lfiballoc.o
 .note.GNU-stack
                0x0000000000000000        0x0 binaries/lfibclear.o
 .note.GNU-stack
                0x0000000000000000        0x0 binaries/lfibget.o
 .note.GNU-stack
                0x0000000000000000        0x0 binaries/lfibput.o
 .note.GNU-stack
                0x0000000000000000        0x0 binaries/lflclose.o
 .note.GNU-stack
                0x0000000000000000        0x0 binaries/lflcontrol.o
 .note.GNU-stack
                0x0000000000000000        0x0 binaries/lflgetc.o
 .note.GNU-stack
                0x0000000000000000        0x0 binaries/lflinit.o
 .note.GNU-stack
                0x0000000000000000        0x0 binaries/lflputc.o
 .note.GNU-stack
                0x0000000000000000        0x0 binaries/lflread.o
 .note.GNU-stack
                0x0000000000000000        0x0 binaries/lflseek.o
 .note.GNU-stack
                0x0000000000000000        0x0 binaries/lflwrite.o
 .note.GNU-stack
                0x0000000000000000        0x0 binaries/lfsckfmt.o
 .note.GNU-stack
                0x0000000000000000        0x0 binaries/lfscreate.o
 .note.GNU-stack
                0x0000000000000000        0x0 binaries/lfsetup.o
 .note.GNU-stack
                0x0000000000000000        0x0 binaries/lfsinit.o
 .note.GNU-stack
                0x0000000000000000        0x0 binaries/lfsopen.o
 .note.GNU-stack
                0x0000000000000000        0x0 binaries/lftruncate.o
 .note.GNU-stack
                0x0000000000000000        0x0 binaries/rflclose.o
 .note.GNU-stack
                0x0000000000000000        0x0 binaries/rflgetc.o
 .note.GNU-stack
                0x0000000000000000        0x0 binaries/rflinit.o
 .note.GNU-stack
                0x0000000000000000        0x0 binaries/rflputc.o
 .note.GNU-stack
                0x0000000000000000        0x0 binaries/rflread.o
 .note.GNU-stack
                0x0000000000000000        0x0 binaries/rflseek.o
 .note.GNU-stack
                0x0000000000000000        0x0 binaries/rflwrite.o
 .note.GNU-stack
                0x0000000000000000        0x0 binaries/rfscomm.o
 .note.GNU-stack
                0x0000000000000000        0x0 binaries/rfscontrol.o
 .note.GNU-stack
                0x0000000000000000        0x0 binaries/rfsgetmode.o
 .note.GNU-stack
                0x0000000000000000        0x0 binaries/rfsinit.o
 .note.GNU-stack
                0x0000000000000000        0x0 binaries/rfsndmsg.o
 .note.GNU-stack
                0x0000000000000000        0x0 binaries/rfsopen.o
 .note.GNU-stack
                0x0000000000000000        0x0 binaries/arp.o
 .note.GNU-stack
                0x0000000000000000        0x0 binaries/dhcp.o
 .note.GNU-stack
                0x0000000000000000        0x0 binaries/dot2ip.o
 .note.GNU-stack
                0x0000000000000000        0x0 binaries/hexdump.o
 .note.GNU-stack
                0x0000000000000000        0x0 binaries/icmp.o
 .note.GNU-stack
                0x0000000000000000        0x0 binaries/ip.o
 .note.GNU-stack
                0x0000000000000000        0x0 binaries/net.o
 .note.GNU-stack
                0x0000000000000000        0x0 binaries/netstart.o
 .note.GNU-stack
                0x0000000000000000        0x0 binaries/pdump.o
 .note.GNU-stack
                0x0000000000000000        0x0 binaries/tftp.o
 .note.GNU-stack
                0x0000000000000000        0x0 binaries/udp.o
 .note.GNU-stack
                0x0000000000000000        0x0 binaries/addargs.o
 .note.GNU-stack
                0x0000000000000000        0x0 binaries/lexan.o
 .note.GNU-stack
                0x0000000000000000        0x0 binaries/shell.o
 .note.GNU-stack
                0x0000000000000000        0x0 binaries/xsh_argecho.o
 .note.GNU-stack
                0x0000000000000000        0x0 binaries/xsh_arp.o
 .note.GNU-stack
                0x0000000000000000        0x0 binaries/xsh_cat.o
 .note.GNU-stack
                0x0000000000000000        0x0 binaries/xsh_clear.o
 .note.GNU-stack
                0x0000000000000000        0x0 binaries/xsh_date.o
 .note.GNU-stack
                0x0000000000000000        0x0 binaries/xsh_devdump.o
 .note.GNU-stack
                0x0000000000000000        0x0 binaries/xsh_echo.o
 .note.GNU-stack
                0x0000000000000000        0x0 binaries/xsh_exit.o
 .note.GNU-stack
                0x0000000000000000        0x0 binaries/xsh_help.o
 .note.GNU-stack
                0x0000000000000000        0x0 binaries/xsh_ipaddr.o
 .note.GNU-stack
                0x0000000000000000        0x0 binaries/xsh_kill.o
 .note.GNU-stack
                0x0000000000000000        0x0 binaries/xsh_memdump.o
 .note.GNU-stack
                0x0000000000000000        0x0 binaries/xsh_memstat.o
 .note.GNU-stack
                0x0000000000000000        0x0 binaries/xsh_ping.o
 .note.GNU-stack
                0x0000000000000000        0x0 binaries/xsh_ps.o
 .note.GNU-stack
                0x0000000000000000        0x0 binaries/xsh_sleep.o
 .note.GNU-stack
                0x0000000000000000        0x0 binaries/xsh_udpdump.o
 .note.GNU-stack
                0x0000000000000000        0x0 binaries/xsh_udpecho.o
 .note.GNU-stack
                0x0000000000000000        0x0 binaries/xsh_udpeserver.o
 .note.GNU-stack
                0x0000000000000000        0x0 binaries/xsh_uptime.o
